Component: ARM Compiler 5.06 update 1 (build 61) Tool: armlink [4d35a8]

==============================================================================

Section Cross References

    main.o(i.AppTaskLED) refers to rt_time.o(i.rt_dly_wait) for rt_dly_wait
    main.o(i.AppTaskStart) refers to main.o(.bss) for AppTaskLEDStk
    main.o(i.AppTaskStart) refers to main.o(i.AppTaskLED) for AppTaskLED
    main.o(i.AppTaskStart) refers to rt_task.o(i.rt_tsk_create) for rt_tsk_create
    main.o(i.AppTaskStart) refers to main.o(.data) for HandleTaskLED
    main.o(i.AppTaskStart) refers to rt_time.o(i.rt_dly_wait) for rt_dly_wait
    main.o(i.GPIO_Configuration) refers to stm32f10x_rcc_1.o(i.RCC_APB2PeriphClockCmd) for RCC_APB2PeriphClockCmd
    main.o(i.GPIO_Configuration) refers to stm32f10x_gpio_1.o(i.GPIO_Init) for GPIO_Init
    main.o(i.main) refers to main.o(i.GPIO_Configuration) for GPIO_Configuration
    main.o(i.main) refers to hal_cm3.o(.emb_text) for os_set_env
    main.o(i.main) refers to main.o(.bss) for AppTaskStartStk
    main.o(i.main) refers to main.o(i.AppTaskStart) for AppTaskStart
    main.o(i.main) refers to rt_task.o(i.rt_sys_init) for rt_sys_init
    rtx_conf_cm.o(i.__user_perthread_libspace) refers to rt_task.o(i.rt_tsk_self) for rt_tsk_self
    rtx_conf_cm.o(i.__user_perthread_libspace) refers to rtx_conf_cm.o(.bss) for .bss
    rtx_conf_cm.o(i.__user_perthread_libspace) refers to libspace.o(.bss) for __libspace_start
    rtx_conf_cm.o(i._mutex_acquire) refers to rt_task.o(i.rt_tsk_self) for rt_tsk_self
    rtx_conf_cm.o(i._mutex_acquire) refers to rt_mutex.o(i.rt_mut_wait) for rt_mut_wait
    rtx_conf_cm.o(i._mutex_initialize) refers to rt_mutex.o(i.rt_mut_init) for rt_mut_init
    rtx_conf_cm.o(i._mutex_initialize) refers to rtx_conf_cm.o(.data) for .data
    rtx_conf_cm.o(i._mutex_initialize) refers to rtx_conf_cm.o(.bss) for .bss
    rtx_conf_cm.o(i._mutex_release) refers to rt_task.o(i.rt_tsk_self) for rt_tsk_self
    rtx_conf_cm.o(i._mutex_release) refers to rt_mutex.o(i.rt_mut_release) for rt_mut_release
    stm32f10x_adc_1.o(i.ADC_DeInit) refers to stm32f10x_rcc_1.o(i.RCC_APB2PeriphResetCmd) for RCC_APB2PeriphResetCmd
    stm32f10x_bkp_1.o(i.BKP_DeInit) refers to stm32f10x_rcc_1.o(i.RCC_BackupResetCmd) for RCC_BackupResetCmd
    stm32f10x_can_1.o(i.CAN_DeInit) refers to stm32f10x_rcc_1.o(i.RCC_APB1PeriphResetCmd) for RCC_APB1PeriphResetCmd
    stm32f10x_can_1.o(i.CAN_GetITStatus) refers to stm32f10x_can_1.o(i.CheckITStatus) for CheckITStatus
    stm32f10x_can_1.o(i.CAN_Receive) refers to stm32f10x_can_1.o(i.CAN_FIFORelease) for CAN_FIFORelease
    stm32f10x_cec_1.o(i.CEC_DeInit) refers to stm32f10x_rcc_1.o(i.RCC_APB1PeriphResetCmd) for RCC_APB1PeriphResetCmd
    stm32f10x_dac_1.o(i.DAC_DeInit) refers to stm32f10x_rcc_1.o(i.RCC_APB1PeriphResetCmd) for RCC_APB1PeriphResetCmd
    stm32f10x_flash_1.o(i.FLASH_EnableWriteProtection) refers to stm32f10x_flash_1.o(i.FLASH_WaitForLastOperation) for FLASH_WaitForLastOperation
    stm32f10x_flash_1.o(i.FLASH_EraseAllBank1Pages) refers to stm32f10x_flash_1.o(i.FLASH_WaitForLastBank1Operation) for FLASH_WaitForLastBank1Operation
    stm32f10x_flash_1.o(i.FLASH_EraseAllPages) refers to stm32f10x_flash_1.o(i.FLASH_WaitForLastOperation) for FLASH_WaitForLastOperation
    stm32f10x_flash_1.o(i.FLASH_EraseOptionBytes) refers to stm32f10x_flash_1.o(i.FLASH_GetReadOutProtectionStatus) for FLASH_GetReadOutProtectionStatus
    stm32f10x_flash_1.o(i.FLASH_EraseOptionBytes) refers to stm32f10x_flash_1.o(i.FLASH_WaitForLastOperation) for FLASH_WaitForLastOperation
    stm32f10x_flash_1.o(i.FLASH_ErasePage) refers to stm32f10x_flash_1.o(i.FLASH_WaitForLastOperation) for FLASH_WaitForLastOperation
    stm32f10x_flash_1.o(i.FLASH_ProgramHalfWord) refers to stm32f10x_flash_1.o(i.FLASH_WaitForLastOperation) for FLASH_WaitForLastOperation
    stm32f10x_flash_1.o(i.FLASH_ProgramOptionByteData) refers to stm32f10x_flash_1.o(i.FLASH_WaitForLastOperation) for FLASH_WaitForLastOperation
    stm32f10x_flash_1.o(i.FLASH_ProgramWord) refers to stm32f10x_flash_1.o(i.FLASH_WaitForLastOperation) for FLASH_WaitForLastOperation
    stm32f10x_flash_1.o(i.FLASH_ReadOutProtection) refers to stm32f10x_flash_1.o(i.FLASH_WaitForLastOperation) for FLASH_WaitForLastOperation
    stm32f10x_flash_1.o(i.FLASH_UserOptionByteConfig) refers to stm32f10x_flash_1.o(i.FLASH_WaitForLastOperation) for FLASH_WaitForLastOperation
    stm32f10x_flash_1.o(i.FLASH_WaitForLastBank1Operation) refers to stm32f10x_flash_1.o(i.FLASH_GetBank1Status) for FLASH_GetBank1Status
    stm32f10x_flash_1.o(i.FLASH_WaitForLastOperation) refers to stm32f10x_flash_1.o(i.FLASH_GetBank1Status) for FLASH_GetBank1Status
    stm32f10x_gpio_1.o(i.GPIO_AFIODeInit) refers to stm32f10x_rcc_1.o(i.RCC_APB2PeriphResetCmd) for RCC_APB2PeriphResetCmd
    stm32f10x_gpio_1.o(i.GPIO_DeInit) refers to stm32f10x_rcc_1.o(i.RCC_APB2PeriphResetCmd) for RCC_APB2PeriphResetCmd
[...]
    Removing stm32f10x_flash_1.o(i.FLASH_Unlock), (24 bytes).
    Removing stm32f10x_flash_1.o(i.FLASH_UnlockBank1), (24 bytes).
    Removing stm32f10x_flash_1.o(i.FLASH_UserOptionByteConfig), (104 bytes).
    Removing stm32f10x_flash_1.o(i.FLASH_WaitForLastBank1Operation), (38 bytes).
    Removing stm32f10x_flash_1.o(i.FLASH_WaitForLastOperation), (38 bytes).
    Removing stm32f10x_fsmc_1.o(i.FSMC_ClearFlag), (64 bytes).
    Removing stm32f10x_fsmc_1.o(i.FSMC_ClearITPendingBit), (72 bytes).
    Removing stm32f10x_fsmc_1.o(i.FSMC_GetECC), (28 bytes).
    Removing stm32f10x_fsmc_1.o(i.FSMC_GetFlagStatus), (56 bytes).
    Removing stm32f10x_fsmc_1.o(i.FSMC_GetITStatus), (68 bytes).
    Removing stm32f10x_fsmc_1.o(i.FSMC_ITConfig), (128 bytes).
    Removing stm32f10x_fsmc_1.o(i.FSMC_NANDCmd), (92 bytes).
    Removing stm32f10x_fsmc_1.o(i.FSMC_NANDDeInit), (68 bytes).
    Removing stm32f10x_fsmc_1.o(i.FSMC_NANDECCCmd), (92 bytes).
    Removing stm32f10x_fsmc_1.o(i.FSMC_NANDInit), (136 bytes).
    Removing stm32f10x_fsmc_1.o(i.FSMC_NANDStructInit), (54 bytes).
    Removing stm32f10x_fsmc_1.o(i.FSMC_NORSRAMCmd), (52 bytes).
    Removing stm32f10x_fsmc_1.o(i.FSMC_NORSRAMDeInit), (54 bytes).
    Removing stm32f10x_fsmc_1.o(i.FSMC_NORSRAMInit), (230 bytes).
    Removing stm32f10x_fsmc_1.o(i.FSMC_NORSRAMStructInit), (114 bytes).
    Removing stm32f10x_fsmc_1.o(i.FSMC_PCCARDCmd), (48 bytes).
    Removing stm32f10x_fsmc_1.o(i.FSMC_PCCARDDeInit), (40 bytes).
    Removing stm32f10x_fsmc_1.o(i.FSMC_PCCARDInit), (132 bytes).
    Removing stm32f10x_fsmc_1.o(i.FSMC_PCCARDStructInit), (60 bytes).
    Removing stm32f10x_gpio_1.o(i.GPIO_AFIODeInit), (20 bytes).
    Removing stm32f10x_gpio_1.o(i.GPIO_DeInit), (200 bytes).
    Removing stm32f10x_gpio_1.o(i.GPIO_ETH_MediaInterfaceConfig), (12 bytes).
    Removing stm32f10x_gpio_1.o(i.GPIO_EXTILineConfig), (64 bytes).
    Removing stm32f10x_gpio_1.o(i.GPIO_EventOutputCmd), (12 bytes).
    Removing stm32f10x_gpio_1.o(i.GPIO_EventOutputConfig), (32 bytes).
    Removing stm32f10x_gpio_1.o(i.GPIO_PinLockConfig), (18 bytes).
    Removing stm32f10x_gpio_1.o(i.GPIO_PinRemapConfig), (144 bytes).
    Removing stm32f10x_gpio_1.o(i.GPIO_ReadInputData), (8 bytes).
    Removing stm32f10x_gpio_1.o(i.GPIO_ReadInputDataBit), (18 bytes).
    Removing stm32f10x_gpio_1.o(i.GPIO_ReadOutputData), (8 bytes).
    Removing stm32f10x_gpio_1.o(i.GPIO_ReadOutputDataBit), (18 bytes).
    Removing stm32f10x_gpio_1.o(i.GPIO_ResetBits), (4 bytes).
    Removing stm32f10x_gpio_1.o(i.GPIO_SetBits), (4 bytes).
    Removing stm32f10x_gpio_1.o(i.GPIO_StructInit), (16 bytes).
    Removing stm32f10x_gpio_1.o(i.GPIO_Write), (4 bytes).
    Removing stm32f10x_gpio_1.o(i.GPIO_WriteBit), (10 bytes).
    Removing stm32f10x_i2c_1.o(i.I2C_ARPCmd), (24 bytes).
    Removing stm32f10x_i2c_1.o(i.I2C_AcknowledgeConfig), (24 bytes).
    Removing stm32f10x_i2c_1.o(i.I2C_CalculatePEC), (24 bytes).
    Removing stm32f10x_i2c_1.o(i.I2C_CheckEvent), (42 bytes).
    Removing stm32f10x_i2c_1.o(i.I2C_ClearFlag), (12 bytes).
    Removing stm32f10x_i2c_1.o(i.I2C_ClearITPendingBit), (12 bytes).
    Removing stm32f10x_i2c_1.o(i.I2C_Cmd), (24 bytes).
    Removing stm32f10x_i2c_1.o(i.I2C_DMACmd), (24 bytes).
    Removing stm32f10x_i2c_1.o(i.I2C_DMALastTransferCmd), (24 bytes).
    Removing stm32f10x_i2c_1.o(i.I2C_DeInit), (56 bytes).
    Removing stm32f10x_i2c_1.o(i.I2C_DualAddressCmd), (24 bytes).
    Removing stm32f10x_i2c_1.o(i.I2C_FastModeDutyCycleConfig), (28 bytes).
    Removing stm32f10x_i2c_1.o(i.I2C_GeneralCallCmd), (24 bytes).
    Removing stm32f10x_i2c_1.o(i.I2C_GenerateSTART), (24 bytes).
    Removing stm32f10x_i2c_1.o(i.I2C_GenerateSTOP), (24 bytes).
    Removing stm32f10x_i2c_1.o(i.I2C_GetFlagStatus), (58 bytes).
    Removing stm32f10x_i2c_1.o(i.I2C_GetITStatus), (38 bytes).
    Removing stm32f10x_i2c_1.o(i.I2C_GetLastEvent), (26 bytes).
    Removing stm32f10x_i2c_1.o(i.I2C_GetPEC), (8 bytes).
    Removing stm32f10x_i2c_1.o(i.I2C_ITConfig), (18 bytes).
    Removing stm32f10x_i2c_1.o(i.I2C_Init), (236 bytes).
    Removing stm32f10x_i2c_1.o(i.I2C_OwnAddress2Config), (22 bytes).
    Removing stm32f10x_i2c_1.o(i.I2C_PECPositionConfig), (28 bytes).
    Removing stm32f10x_i2c_1.o(i.I2C_ReadRegister), (22 bytes).
    Removing stm32f10x_i2c_1.o(i.I2C_ReceiveData), (8 bytes).
    Removing stm32f10x_i2c_1.o(i.I2C_SMBusAlertConfig), (28 bytes).
    Removing stm32f10x_i2c_1.o(i.I2C_Send7bitAddress), (18 bytes).
    Removing stm32f10x_i2c_1.o(i.I2C_SendData), (4 bytes).
    Removing stm32f10x_i2c_1.o(i.I2C_SoftwareResetCmd), (22 bytes).
    Removing stm32f10x_i2c_1.o(i.I2C_StretchClockCmd), (24 bytes).
    Removing stm32f10x_i2c_1.o(i.I2C_StructInit), (30 bytes).
    Removing stm32f10x_i2c_1.o(i.I2C_TransmitPEC), (24 bytes).
    Removing stm32f10x_iwdg_1.o(i.IWDG_Enable), (16 bytes).
    Removing stm32f10x_iwdg_1.o(i.IWDG_GetFlagStatus), (24 bytes).
    Removing stm32f10x_iwdg_1.o(i.IWDG_ReloadCounter), (16 bytes).
    Removing stm32f10x_iwdg_1.o(i.IWDG_SetPrescaler), (12 bytes).
    Removing stm32f10x_iwdg_1.o(i.IWDG_SetReload), (12 bytes).
    Removing stm32f10x_iwdg_1.o(i.IWDG_WriteAccessCmd), (12 bytes).
    Removing stm32f10x_pwr_1.o(i.PWR_BackupAccessCmd), (12 bytes).
    Removing stm32f10x_pwr_1.o(i.PWR_ClearFlag), (20 bytes).
    Removing stm32f10x_pwr_1.o(i.PWR_DeInit), (22 bytes).
    Removing stm32f10x_pwr_1.o(i.PWR_EnterSTANDBYMode), (52 bytes).
    Removing stm32f10x_pwr_1.o(i.PWR_EnterSTOPMode), (64 bytes).
    Removing stm32f10x_pwr_1.o(i.PWR_GetFlagStatus), (24 bytes).
    Removing stm32f10x_pwr_1.o(i.PWR_PVDCmd), (12 bytes).
    Removing stm32f10x_pwr_1.o(i.PWR_PVDLevelConfig), (24 bytes).
    Removing stm32f10x_pwr_1.o(i.PWR_WakeUpPinCmd), (12 bytes).
    Removing stm32f10x_rcc_1.o(i.RCC_ADCCLKConfig), (24 bytes).
    Removing stm32f10x_rcc_1.o(i.RCC_AHBPeriphClockCmd), (32 bytes).
    Removing stm32f10x_rcc_1.o(i.RCC_APB1PeriphClockCmd), (32 bytes).
    Removing stm32f10x_rcc_1.o(i.RCC_APB1PeriphResetCmd), (32 bytes).
    Removing stm32f10x_rcc_1.o(i.RCC_APB2PeriphResetCmd), (32 bytes).
    Removing stm32f10x_rcc_1.o(i.RCC_AdjustHSICalibrationValue), (24 bytes).
    Removing stm32f10x_rcc_1.o(i.RCC_BackupResetCmd), (12 bytes).
    Removing stm32f10x_rcc_1.o(i.RCC_ClearFlag), (20 bytes).
    Removing stm32f10x_rcc_1.o(i.RCC_ClearITPendingBit), (12 bytes).
    Removing stm32f10x_rcc_1.o(i.RCC_ClockSecuritySystemCmd), (12 bytes).
    Removing stm32f10x_rcc_1.o(i.RCC_DeInit), (76 bytes).
    Removing stm32f10x_rcc_1.o(i.RCC_GetClocksFreq), (212 bytes).
    Removing stm32f10x_rcc_1.o(i.RCC_GetFlagStatus), (60 bytes).
    Removing stm32f10x_rcc_1.o(i.RCC_GetITStatus), (24 bytes).
    Removing stm32f10x_rcc_1.o(i.RCC_GetSYSCLKSource), (16 bytes).
    Removing stm32f10x_rcc_1.o(i.RCC_HCLKConfig), (24 bytes).
    Removing stm32f10x_rcc_1.o(i.RCC_HSEConfig), (76 bytes).
    Removing stm32f10x_rcc_1.o(i.RCC_HSICmd), (12 bytes).
    Removing stm32f10x_rcc_1.o(i.RCC_ITConfig), (32 bytes).
    Removing stm32f10x_rcc_1.o(i.RCC_LSEConfig), (52 bytes).
    Removing stm32f10x_rcc_1.o(i.RCC_LSICmd), (12 bytes).
    Removing stm32f10x_rcc_1.o(i.RCC_MCOConfig), (12 bytes).
    Removing stm32f10x_rcc_1.o(i.RCC_PCLK1Config), (24 bytes).
    Removing stm32f10x_rcc_1.o(i.RCC_PCLK2Config), (24 bytes).
    Removing stm32f10x_rcc_1.o(i.RCC_PLLCmd), (12 bytes).
    Removing stm32f10x_rcc_1.o(i.RCC_PLLConfig), (28 bytes).
    Removing stm32f10x_rcc_1.o(i.RCC_RTCCLKCmd), (12 bytes).
    Removing stm32f10x_rcc_1.o(i.RCC_RTCCLKConfig), (16 bytes).
    Removing stm32f10x_rcc_1.o(i.RCC_SYSCLKConfig), (24 bytes).
    Removing stm32f10x_rcc_1.o(i.RCC_USBCLKConfig), (12 bytes).
    Removing stm32f10x_rcc_1.o(i.RCC_WaitForHSEStartUp), (56 bytes).
    Removing stm32f10x_rcc_1.o(.data), (20 bytes).
    Removing stm32f10x_rtc_1.o(i.RTC_ClearFlag), (16 bytes).
    Removing stm32f10x_rtc_1.o(i.RTC_ClearITPendingBit), (16 bytes).
    Removing stm32f10x_rtc_1.o(i.RTC_EnterConfigMode), (20 bytes).
    Removing stm32f10x_rtc_1.o(i.RTC_ExitConfigMode), (20 bytes).
    Removing stm32f10x_rtc_1.o(i.RTC_GetCounter), (20 bytes).
    Removing stm32f10x_rtc_1.o(i.RTC_GetDivider), (24 bytes).
    Removing stm32f10x_rtc_1.o(i.RTC_GetFlagStatus), (24 bytes).
    Removing stm32f10x_rtc_1.o(i.RTC_GetITStatus), (36 bytes).
    Removing stm32f10x_rtc_1.o(i.RTC_ITConfig), (32 bytes).
    Removing stm32f10x_rtc_1.o(i.RTC_SetAlarm), (28 bytes).
    Removing stm32f10x_rtc_1.o(i.RTC_SetCounter), (28 bytes).
    Removing stm32f10x_rtc_1.o(i.RTC_SetPrescaler), (32 bytes).
    Removing stm32f10x_rtc_1.o(i.RTC_WaitForLastTask), (20 bytes).
    Removing stm32f10x_rtc_1.o(i.RTC_WaitForSynchro), (36 bytes).
    Removing stm32f10x_sdio_1.o(i.SDIO_CEATAITCmd), (16 bytes).
    Removing stm32f10x_sdio_1.o(i.SDIO_ClearFlag), (12 bytes).
    Removing stm32f10x_sdio_1.o(i.SDIO_ClearITPendingBit), (12 bytes).
    Removing stm32f10x_sdio_1.o(i.SDIO_ClockCmd), (12 bytes).
    Removing stm32f10x_sdio_1.o(i.SDIO_CmdStructInit), (14 bytes).
    Removing stm32f10x_sdio_1.o(i.SDIO_CommandCompletionCmd), (12 bytes).
    Removing stm32f10x_sdio_1.o(i.SDIO_DMACmd), (12 bytes).
    Removing stm32f10x_sdio_1.o(i.SDIO_DataConfig), (48 bytes).
    Removing stm32f10x_sdio_1.o(i.SDIO_DataStructInit), (20 bytes).
    Removing stm32f10x_sdio_1.o(i.SDIO_DeInit), (36 bytes).
    Removing stm32f10x_sdio_1.o(i.SDIO_GetCommandResponse), (12 bytes).
    Removing stm32f10x_sdio_1.o(i.SDIO_GetDataCounter), (12 bytes).
    Removing stm32f10x_sdio_1.o(i.SDIO_GetFIFOCount), (12 bytes).
    Removing stm32f10x_sdio_1.o(i.SDIO_GetFlagStatus), (24 bytes).
    Removing stm32f10x_sdio_1.o(i.SDIO_GetITStatus), (24 bytes).
    Removing stm32f10x_sdio_1.o(i.SDIO_GetPowerState), (16 bytes).
    Removing stm32f10x_sdio_1.o(i.SDIO_GetResponse), (24 bytes).
    Removing stm32f10x_sdio_1.o(i.SDIO_ITConfig), (32 bytes).
    Removing stm32f10x_sdio_1.o(i.SDIO_Init), (48 bytes).
    Removing stm32f10x_sdio_1.o(i.SDIO_ReadData), (12 bytes).
    Removing stm32f10x_sdio_1.o(i.SDIO_SendCEATACmd), (12 bytes).
    Removing stm32f10x_sdio_1.o(i.SDIO_SendCommand), (44 bytes).
    Removing stm32f10x_sdio_1.o(i.SDIO_SendSDIOSuspendCmd), (12 bytes).
    Removing stm32f10x_sdio_1.o(i.SDIO_SetPowerState), (28 bytes).
    Removing stm32f10x_sdio_1.o(i.SDIO_SetSDIOOperation), (12 bytes).
    Removing stm32f10x_sdio_1.o(i.SDIO_SetSDIOReadWaitMode), (12 bytes).
    Removing stm32f10x_sdio_1.o(i.SDIO_StartSDIOReadWait), (12 bytes).
    Removing stm32f10x_sdio_1.o(i.SDIO_StopSDIOReadWait), (12 bytes).
    Removing stm32f10x_sdio_1.o(i.SDIO_StructInit), (16 bytes).
    Removing stm32f10x_sdio_1.o(i.SDIO_WriteData), (12 bytes).
    Removing stm32f10x_spi_1.o(i.I2S_Cmd), (24 bytes).
    Removing stm32f10x_spi_1.o(i.I2S_Init), (232 bytes).
    Removing stm32f10x_spi_1.o(i.I2S_StructInit), (20 bytes).
    Removing stm32f10x_spi_1.o(i.SPI_BiDirectionalLineConfig), (28 bytes).
    Removing stm32f10x_spi_1.o(i.SPI_CalculateCRC), (24 bytes).
    Removing stm32f10x_spi_1.o(i.SPI_Cmd), (24 bytes).
    Removing stm32f10x_spi_1.o(i.SPI_DataSizeConfig), (18 bytes).
    Removing stm32f10x_spi_1.o(i.SPI_GetCRC), (16 bytes).
    Removing stm32f10x_spi_1.o(i.SPI_GetCRCPolynomial), (6 bytes).
    Removing stm32f10x_spi_1.o(i.SPI_I2S_ClearFlag), (6 bytes).
    Removing stm32f10x_spi_1.o(i.SPI_I2S_ClearITPendingBit), (20 bytes).
    Removing stm32f10x_spi_1.o(i.SPI_I2S_DMACmd), (18 bytes).
    Removing stm32f10x_spi_1.o(i.SPI_I2S_DeInit), (88 bytes).
    Removing stm32f10x_spi_1.o(i.SPI_I2S_GetFlagStatus), (18 bytes).
    Removing stm32f10x_spi_1.o(i.SPI_I2S_GetITStatus), (52 bytes).
    Removing stm32f10x_spi_1.o(i.SPI_I2S_ITConfig), (32 bytes).
    Removing stm32f10x_spi_1.o(i.SPI_I2S_ReceiveData), (6 bytes).
    Removing stm32f10x_spi_1.o(i.SPI_I2S_SendData), (4 bytes).
    Removing stm32f10x_spi_1.o(i.SPI_Init), (60 bytes).
    Removing stm32f10x_spi_1.o(i.SPI_NSSInternalSoftwareConfig), (30 bytes).
    Removing stm32f10x_spi_1.o(i.SPI_SSOutputCmd), (24 bytes).
    Removing stm32f10x_spi_1.o(i.SPI_StructInit), (24 bytes).
    Removing stm32f10x_spi_1.o(i.SPI_TransmitCRC), (10 bytes).
    Removing stm32f10x_tim_1.o(i.TI1_Config), (128 bytes).
    Removing stm32f10x_tim_1.o(i.TI2_Config), (152 bytes).
    Removing stm32f10x_tim_1.o(i.TI3_Config), (144 bytes).
    Removing stm32f10x_tim_1.o(i.TI4_Config), (152 bytes).
    Removing stm32f10x_tim_1.o(i.TIM_ARRPreloadConfig), (24 bytes).
    Removing stm32f10x_tim_1.o(i.TIM_BDTRConfig), (32 bytes).
    Removing stm32f10x_tim_1.o(i.TIM_BDTRStructInit), (18 bytes).
    Removing stm32f10x_tim_1.o(i.TIM_CCPreloadControl), (24 bytes).
    Removing stm32f10x_tim_1.o(i.TIM_CCxCmd), (30 bytes).
    Removing stm32f10x_tim_1.o(i.TIM_CCxNCmd), (30 bytes).
    Removing stm32f10x_tim_1.o(i.TIM_ClearFlag), (6 bytes).
    Removing stm32f10x_tim_1.o(i.TIM_ClearITPendingBit), (6 bytes).
    Removing stm32f10x_tim_1.o(i.TIM_ClearOC1Ref), (18 bytes).
    Removing stm32f10x_tim_1.o(i.TIM_ClearOC2Ref), (24 bytes).
    Removing stm32f10x_tim_1.o(i.TIM_ClearOC3Ref), (18 bytes).
    Removing stm32f10x_tim_1.o(i.TIM_ClearOC4Ref), (24 bytes).
    Removing stm32f10x_tim_1.o(i.TIM_Cmd), (24 bytes).
    Removing stm32f10x_tim_1.o(i.TIM_CounterModeConfig), (18 bytes).
    Removing stm32f10x_tim_1.o(i.TIM_CtrlPWMOutputs), (30 bytes).
    Removing stm32f10x_tim_1.o(i.TIM_DMACmd), (18 bytes).
    Removing stm32f10x_tim_1.o(i.TIM_DMAConfig), (10 bytes).
    Removing stm32f10x_tim_1.o(i.TIM_DeInit), (488 bytes).
    Removing stm32f10x_tim_1.o(i.TIM_ETRClockMode1Config), (54 bytes).
    Removing stm32f10x_tim_1.o(i.TIM_ETRClockMode2Config), (32 bytes).
    Removing stm32f10x_tim_1.o(i.TIM_ETRConfig), (28 bytes).
    Removing stm32f10x_tim_1.o(i.TIM_EncoderInterfaceConfig), (66 bytes).
    Removing stm32f10x_tim_1.o(i.TIM_ForcedOC1Config), (18 bytes).
    Removing stm32f10x_tim_1.o(i.TIM_ForcedOC2Config), (26 bytes).
    Removing stm32f10x_tim_1.o(i.TIM_ForcedOC3Config), (18 bytes).
    Removing stm32f10x_tim_1.o(i.TIM_ForcedOC4Config), (26 bytes).
    Removing stm32f10x_tim_1.o(i.TIM_GenerateEvent), (4 bytes).
    Removing stm32f10x_tim_1.o(i.TIM_GetCapture1), (6 bytes).
    Removing stm32f10x_tim_1.o(i.TIM_GetCapture2), (6 bytes).
    Removing stm32f10x_tim_1.o(i.TIM_GetCapture3), (6 bytes).
    Removing stm32f10x_tim_1.o(i.TIM_GetCapture4), (8 bytes).
    Removing stm32f10x_tim_1.o(i.TIM_GetCounter), (6 bytes).
    Removing stm32f10x_tim_1.o(i.TIM_GetFlagStatus), (18 bytes).
    Removing stm32f10x_tim_1.o(i.TIM_GetITStatus), (34 bytes).
    Removing stm32f10x_tim_1.o(i.TIM_GetPrescaler), (6 bytes).
    Removing stm32f10x_tim_1.o(i.TIM_ICInit), (172 bytes).
    Removing stm32f10x_tim_1.o(i.TIM_ICStructInit), (18 bytes).
    Removing stm32f10x_tim_1.o(i.TIM_ITConfig), (18 bytes).
    Removing stm32f10x_tim_1.o(i.TIM_ITRxExternalClockConfig), (24 bytes).
    Removing stm32f10x_tim_1.o(i.TIM_InternalClockConfig), (12 bytes).
    Removing stm32f10x_tim_1.o(i.TIM_OC1FastConfig), (18 bytes).
    Removing stm32f10x_tim_1.o(i.TIM_OC1Init), (152 bytes).
    Removing stm32f10x_tim_1.o(i.TIM_OC1NPolarityConfig), (18 bytes).
    Removing stm32f10x_tim_1.o(i.TIM_OC1PolarityConfig), (18 bytes).
    Removing stm32f10x_tim_1.o(i.TIM_OC1PreloadConfig), (18 bytes).
    Removing stm32f10x_tim_1.o(i.TIM_OC2FastConfig), (26 bytes).
    Removing stm32f10x_tim_1.o(i.TIM_OC2Init), (164 bytes).
    Removing stm32f10x_tim_1.o(i.TIM_OC2NPolarityConfig), (26 bytes).
    Removing stm32f10x_tim_1.o(i.TIM_OC2PolarityConfig), (26 bytes).
    Removing stm32f10x_tim_1.o(i.TIM_OC2PreloadConfig), (26 bytes).
    Removing stm32f10x_tim_1.o(i.TIM_OC3FastConfig), (18 bytes).
    Removing stm32f10x_tim_1.o(i.TIM_OC3Init), (160 bytes).
    Removing stm32f10x_tim_1.o(i.TIM_OC3NPolarityConfig), (26 bytes).
    Removing stm32f10x_tim_1.o(i.TIM_OC3PolarityConfig), (26 bytes).
    Removing stm32f10x_tim_1.o(i.TIM_OC3PreloadConfig), (18 bytes).
    Removing stm32f10x_tim_1.o(i.TIM_OC4FastConfig), (26 bytes).
    Removing stm32f10x_tim_1.o(i.TIM_OC4Init), (124 bytes).
    Removing stm32f10x_tim_1.o(i.TIM_OC4PolarityConfig), (26 bytes).
    Removing stm32f10x_tim_1.o(i.TIM_OC4PreloadConfig), (26 bytes).
    Removing stm32f10x_tim_1.o(i.TIM_OCStructInit), (20 bytes).
    Removing stm32f10x_tim_1.o(i.TIM_PWMIConfig), (124 bytes).
    Removing stm32f10x_tim_1.o(i.TIM_PrescalerConfig), (6 bytes).
    Removing stm32f10x_tim_1.o(i.TIM_SelectCCDMA), (24 bytes).
    Removing stm32f10x_tim_1.o(i.TIM_SelectCOM), (24 bytes).
    Removing stm32f10x_tim_1.o(i.TIM_SelectHallSensor), (24 bytes).
    Removing stm32f10x_tim_1.o(i.TIM_SelectInputTrigger), (18 bytes).
    Removing stm32f10x_tim_1.o(i.TIM_SelectMasterSlaveMode), (18 bytes).
    Removing stm32f10x_tim_1.o(i.TIM_SelectOCxM), (82 bytes).
    Removing stm32f10x_tim_1.o(i.TIM_SelectOnePulseMode), (18 bytes).
    Removing stm32f10x_tim_1.o(i.TIM_SelectOutputTrigger), (18 bytes).
    Removing stm32f10x_tim_1.o(i.TIM_SelectSlaveMode), (18 bytes).
    Removing stm32f10x_tim_1.o(i.TIM_SetAutoreload), (4 bytes).
    Removing stm32f10x_tim_1.o(i.TIM_SetClockDivision), (18 bytes).
    Removing stm32f10x_tim_1.o(i.TIM_SetCompare1), (4 bytes).
    Removing stm32f10x_tim_1.o(i.TIM_SetCompare2), (4 bytes).
    Removing stm32f10x_tim_1.o(i.TIM_SetCompare3), (4 bytes).
    Removing stm32f10x_tim_1.o(i.TIM_SetCompare4), (6 bytes).
    Removing stm32f10x_tim_1.o(i.TIM_SetCounter), (4 bytes).
    Removing stm32f10x_tim_1.o(i.TIM_SetIC1Prescaler), (18 bytes).
    Removing stm32f10x_tim_1.o(i.TIM_SetIC2Prescaler), (26 bytes).
    Removing stm32f10x_tim_1.o(i.TIM_SetIC3Prescaler), (18 bytes).
    Removing stm32f10x_tim_1.o(i.TIM_SetIC4Prescaler), (26 bytes).
    Removing stm32f10x_tim_1.o(i.TIM_TIxExternalClockConfig), (62 bytes).
    Removing stm32f10x_tim_1.o(i.TIM_TimeBaseInit), (164 bytes).
    Removing stm32f10x_tim_1.o(i.TIM_TimeBaseStructInit), (18 bytes).
    Removing stm32f10x_tim_1.o(i.TIM_UpdateDisableConfig), (24 bytes).
    Removing stm32f10x_tim_1.o(i.TIM_UpdateRequestConfig), (24 bytes).
    Removing stm32f10x_usart_1.o(i.USART_ClearFlag), (18 bytes).
    Removing stm32f10x_usart_1.o(i.USART_ClearITPendingBit), (30 bytes).
    Removing stm32f10x_usart_1.o(i.USART_ClockInit), (34 bytes).
    Removing stm32f10x_usart_1.o(i.USART_ClockStructInit), (12 bytes).
    Removing stm32f10x_usart_1.o(i.USART_Cmd), (24 bytes).
    Removing stm32f10x_usart_1.o(i.USART_DMACmd), (18 bytes).
    Removing stm32f10x_usart_1.o(i.USART_DeInit), (156 bytes).
    Removing stm32f10x_usart_1.o(i.USART_GetFlagStatus), (26 bytes).
    Removing stm32f10x_usart_1.o(i.USART_GetITStatus), (84 bytes).
    Removing stm32f10x_usart_1.o(i.USART_HalfDuplexCmd), (24 bytes).
    Removing stm32f10x_usart_1.o(i.USART_ITConfig), (74 bytes).
    Removing stm32f10x_usart_1.o(i.USART_Init), (216 bytes).
    Removing stm32f10x_usart_1.o(i.USART_IrDACmd), (24 bytes).
    Removing stm32f10x_usart_1.o(i.USART_IrDAConfig), (18 bytes).
    Removing stm32f10x_usart_1.o(i.USART_LINBreakDetectLengthConfig), (18 bytes).
    Removing stm32f10x_usart_1.o(i.USART_LINCmd), (24 bytes).
    Removing stm32f10x_usart_1.o(i.USART_OneBitMethodCmd), (24 bytes).
    Removing stm32f10x_usart_1.o(i.USART_OverSampling8Cmd), (22 bytes).
    Removing stm32f10x_usart_1.o(i.USART_ReceiveData), (10 bytes).
    Removing stm32f10x_usart_1.o(i.USART_ReceiverWakeUpCmd), (24 bytes).
    Removing stm32f10x_usart_1.o(i.USART_SendBreak), (10 bytes).
    Removing stm32f10x_usart_1.o(i.USART_SendData), (8 bytes).
    Removing stm32f10x_usart_1.o(i.USART_SetAddress), (18 bytes).
    Removing stm32f10x_usart_1.o(i.USART_SetGuardTime), (16 bytes).
    Removing stm32f10x_usart_1.o(i.USART_SetPrescaler), (16 bytes).
    Removing stm32f10x_usart_1.o(i.USART_SmartCardCmd), (24 bytes).
    Removing stm32f10x_usart_1.o(i.USART_SmartCardNACKCmd), (24 bytes).
    Removing stm32f10x_usart_1.o(i.USART_StructInit), (24 bytes).
    Removing stm32f10x_usart_1.o(i.USART_WakeUpConfig), (18 bytes).
    Removing stm32f10x_wwdg_1.o(i.WWDG_ClearFlag), (12 bytes).
    Removing stm32f10x_wwdg_1.o(i.WWDG_DeInit), (22 bytes).
    Removing stm32f10x_wwdg_1.o(i.WWDG_Enable), (16 bytes).
    Removing stm32f10x_wwdg_1.o(i.WWDG_EnableIT), (12 bytes).
    Removing stm32f10x_wwdg_1.o(i.WWDG_GetFlagStatus), (12 bytes).
    Removing stm32f10x_wwdg_1.o(i.WWDG_SetCounter), (16 bytes).
    Removing stm32f10x_wwdg_1.o(i.WWDG_SetPrescaler), (24 bytes).
    Removing stm32f10x_wwdg_1.o(i.WWDG_SetWindowValue), (40 bytes).
    Removing core_cm3.o(.emb_text), (32 bytes).
    Removing system_stm32f10x.o(i.SystemCoreClockUpdate), (164 bytes).
    Removing system_stm32f10x.o(.data), (20 bytes).
    Removing rt_task.o(i.rt_tsk_delete), (364 bytes).
    Removing rt_task.o(i.rt_tsk_pass), (48 bytes).
    Removing rt_task.o(i.rt_tsk_prio), (140 bytes).
    Removing rt_time.o(i.rt_itv_set), (24 bytes).
    Removing rt_time.o(i.rt_itv_wait), (40 bytes).
    Removing rt_time.o(i.rt_time_get), (12 bytes).
    Removing rt_mutex.o(i.rt_mut_init), (16 bytes).
    Removing rt_system.o(.emb_text), (0 bytes).
    Removing rt_system.o(i.rt_psh_req), (32 bytes).
    Removing rt_system.o(i.rt_resume), (176 bytes).
    Removing rt_system.o(i.rt_suspend), (44 bytes).
    Removing rt_system.o(i.rt_tsk_lock), (80 bytes).
    Removing rt_system.o(i.rt_tsk_unlock), (80 bytes).
    Removing rt_list.o(i.rt_get_same_rdy_prio), (36 bytes).
    Removing rt_list.o(i.rt_psq_enq), (92 bytes).
    Removing rt_membox.o(i._calloc_box), (30 bytes).
    Removing rt_event.o(i.isr_evt_set), (40 bytes).
    Removing rt_event.o(i.rt_evt_clr), (28 bytes).
    Removing rt_event.o(i.rt_evt_get), (12 bytes).
    Removing rt_event.o(i.rt_evt_set), (96 bytes).
    Removing rt_event.o(i.rt_evt_wait), (60 bytes).
    Removing rt_mailbox.o(i.isr_mbx_receive), (86 bytes).
    Removing rt_mailbox.o(i.isr_mbx_send), (14 bytes).
    Removing rt_mailbox.o(i.rt_mbx_check), (8 bytes).
    Removing rt_mailbox.o(i.rt_mbx_init), (24 bytes).
    Removing rt_mailbox.o(i.rt_mbx_send), (164 bytes).
    Removing rt_mailbox.o(i.rt_mbx_wait), (188 bytes).
    Removing rt_semaphore.o(i.isr_sem_send), (16 bytes).
    Removing rt_semaphore.o(i.rt_sem_init), (12 bytes).
    Removing rt_semaphore.o(i.rt_sem_send), (56 bytes).
    Removing rt_semaphore.o(i.rt_sem_wait), (64 bytes).
    Removing rt_timer.o(i.rt_tmr_create), (80 bytes).
    Removing rt_timer.o(i.rt_tmr_kill), (52 bytes).

503 unused section(s) (total 21042 bytes) removed from the image.

==============================================================================

Image Symbol Table

    Local Symbols

    Symbol Name                              Value     Ov Type        Size  Object(Section)

    ../clib/angel/boardlib.s                 0x00000000   Number         0  boardinit1.o ABSOLUTE
    ../clib/angel/boardlib.s                 0x00000000   Number         0  boardinit3.o ABSOLUTE
    ../clib/angel/boardlib.s                 0x00000000   Number         0  boardinit2.o ABSOLUTE
    ../clib/angel/boardlib.s                 0x00000000   Number         0  boardshut.o ABSOLUTE
    ../clib/angel/handlers.s                 0x00000000   Number         0  __scatter_zi.o ABSOLUTE
    ../clib/angel/handlers.s                 0x00000000   Number         0  __scatter_copy.o ABSOLUTE
    ../clib/angel/kernel.s                   0x00000000   Number         0  __rtentry.o ABSOLUTE
    ../clib/angel/kernel.s                   0x00000000   Number         0  __rtentry4.o ABSOLUTE
    ../clib/angel/kernel.s                   0x00000000   Number         0  __rtentry2.o ABSOLUTE
    ../clib/angel/kernel.s                   0x00000000   Number         0  rtexit.o ABSOLUTE
    ../clib/angel/kernel.s                   0x00000000   Number         0  rtexit2.o ABSOLUTE
    ../clib/angel/rt.s                       0x00000000   Number         0  rt_raise.o ABSOLUTE
    ../clib/angel/scatter.s                  0x00000000   Number         0  __scatter.o ABSOLUTE
    ../clib/angel/startup.s                  0x00000000   Number         0  __main.o ABSOLUTE
    ../clib/angel/sys.s                      0x00000000   Number         0  sys_stackheap_outer.o ABSOLUTE
    ../clib/angel/sys.s                      0x00000000   Number         0  libspace.o ABSOLUTE
    ../clib/angel/sys.s                      0x00000000   Number         0  use_no_semi.o ABSOLUTE
    ../clib/angel/sys.s                      0x00000000   Number         0  indicate_semi.o ABSOLUTE
    ../clib/angel/sysapp.c                   0x00000000   Number         0  sys_exit.o ABSOLUTE
    ../clib/angel/sysapp.c                   0x00000000   Number         0  sys_command.o ABSOLUTE
    ../clib/angel/sysapp.c                   0x00000000   Number         0  sys_wrch.o ABSOLUTE
    ../clib/armsys.c                         0x00000000   Number         0  _get_argv_nomalloc.o ABSOLUTE
    ../clib/armsys.c                         0x00000000   Number         0  no_argv.o ABSOLUTE
    ../clib/armsys.c                         0x00000000   Number         0  argv_veneer.o ABSOLUTE
    ../clib/armsys.c                         0x00000000   Number         0  argv_veneer.o ABSOLUTE
    ../clib/heapalloc.c                      0x00000000   Number         0  hrguard.o ABSOLUTE
    ../clib/heapaux.c                        0x00000000   Number         0  heapauxi.o ABSOLUTE
    ../clib/libinit.s                        0x00000000   Number         0  libinit.o ABSOLUTE
    ../clib/libinit.s                        0x00000000   Number         0  libinit2.o ABSOLUTE
    ../clib/libinit.s                        0x00000000   Number         0  libshutdown.o ABSOLUTE
    ../clib/libinit.s                        0x00000000   Number         0  libshutdown2.o ABSOLUTE
    ../clib/signal.c                         0x00000000   Number         0  defsig_stak_inner.o ABSOLUTE
    ../clib/signal.c                         0x00000000   Number         0  defsig_abrt_inner.o ABSOLUTE
    ../clib/signal.c                         0x00000000   Number         0  defsig_fpe_inner.o ABSOLUTE
    ../clib/signal.c                         0x00000000   Number         0  defsig_rtred_inner.o ABSOLUTE
    ../clib/signal.c                         0x00000000   Number         0  defsig_cppl_inner.o ABSOLUTE
    ../clib/signal.c                         0x00000000   Number         0  defsig_segv_inner.o ABSOLUTE
    ../clib/signal.c                         0x00000000   Number         0  defsig_other.o ABSOLUTE
    ../clib/signal.c                         0x00000000   Number         0  defsig_rtmem_formal.o ABSOLUTE
    ../clib/signal.c                         0x00000000   Number         0  defsig_general.o ABSOLUTE
    ../clib/signal.c                         0x00000000   Number         0  defsig_pvfn_inner.o ABSOLUTE
    ../clib/signal.c                         0x00000000   Number         0  defsig_exit.o ABSOLUTE
    ../clib/signal.c                         0x00000000   Number         0  defsig_rtmem_inner.o ABSOLUTE
    ../clib/signal.c                         0x00000000   Number         0  __raise.o ABSOLUTE
    ../clib/signal.c                         0x00000000   Number         0  defsig_rtmem_outer.o ABSOLUTE
    ../clib/signal.s                         0x00000000   Number         0  defsig.o ABSOLUTE
    ../clib/stdlib.c                         0x00000000   Number         0  exit.o ABSOLUTE
    ../fplib/fpinit.s                        0x00000000   Number         0  fpinit.o ABSOLUTE
    ..\Libraries\CMSIS\CM3\CoreSupport\core_cm3.c 0x00000000   Number         0  core_cm3.o ABSOLUTE
    ..\Libraries\CMSIS\CM3\DeviceSupport\ST\STM32F10x\startup\arm\startup_stm32f10x_hd.s 0x00000000   Number         0  startup_stm32f10x_hd.o ABSOLUTE
    ..\Libraries\STM32F10x_StdPeriph_Driver\src\misc.c 0x00000000   Number         0  misc_1.o ABSOLUTE
    ..\Libraries\STM32F10x_StdPeriph_Driver\src\stm32f10x_adc.c 0x00000000   Number         0  stm32f10x_adc_1.o ABSOLUTE
    ..\Libraries\STM32F10x_StdPeriph_Driver\src\stm32f10x_bkp.c 0x00000000   Number         0  stm32f10x_bkp_1.o ABSOLUTE
    ..\Libraries\STM32F10x_StdPeriph_Driver\src\stm32f10x_can.c 0x00000000   Number         0  stm32f10x_can_1.o ABSOLUTE
    ..\Libraries\STM32F10x_StdPeriph_Driver\src\stm32f10x_cec.c 0x00000000   Number         0  stm32f10x_cec_1.o ABSOLUTE
    ..\Libraries\STM32F10x_StdPeriph_Driver\src\stm32f10x_crc.c 0x00000000   Number         0  stm32f10x_crc_1.o ABSOLUTE
    ..\Libraries\STM32F10x_StdPeriph_Driver\src\stm32f10x_dac.c 0x00000000   Number         0  stm32f10x_dac_1.o ABSOLUTE
    ..\Libraries\STM32F10x_StdPeriph_Driver\src\stm32f10x_dbgmcu.c 0x00000000   Number         0  stm32f10x_dbgmcu_1.o ABSOLUTE
    ..\Libraries\STM32F10x_StdPeriph_Driver\src\stm32f10x_dma.c 0x00000000   Number         0  stm32f10x_dma_1.o ABSOLUTE
    ..\Libraries\STM32F10x_StdPeriph_Driver\src\stm32f10x_exti.c 0x00000000   Number         0  stm32f10x_exti_1.o ABSOLUTE
    ..\Libraries\STM32F10x_StdPeriph_Driver\src\stm32f10x_flash.c 0x00000000   Number         0  stm32f10x_flash_1.o ABSOLUTE
    ..\Libraries\STM32F10x_StdPeriph_Driver\src\stm32f10x_fsmc.c 0x00000000   Number         0  stm32f10x_fsmc_1.o ABSOLUTE
    ..\Libraries\STM32F10x_StdPeriph_Driver\src\stm32f10x_gpio.c 0x00000000   Number         0  stm32f10x_gpio_1.o ABSOLUTE
    ..\Libraries\STM32F10x_StdPeriph_Driver\src\stm32f10x_i2c.c 0x00000000   Number         0  stm32f10x_i2c_1.o ABSOLUTE
    ..\Libraries\STM32F10x_StdPeriph_Driver\src\stm32f10x_iwdg.c 0x00000000   Number         0  stm32f10x_iwdg_1.o ABSOLUTE
    ..\Libraries\STM32F10x_StdPeriph_Driver\src\stm32f10x_pwr.c 0x00000000   Number         0  stm32f10x_pwr_1.o ABSOLUTE
    ..\Libraries\STM32F10x_StdPeriph_Driver\src\stm32f10x_rcc.c 0x00000000   Number         0  stm32f10x_rcc_1.o ABSOLUTE
    ..\Libraries\STM32F10x_StdPeriph_Driver\src\stm32f10x_rtc.c 0x00000000   Number         0  stm32f10x_rtc_1.o ABSOLUTE
    ..\Libraries\STM32F10x_StdPeriph_Driver\src\stm32f10x_sdio.c 0x00000000   Number         0  stm32f10x_sdio_1.o ABSOLUTE
    ..\Libraries\STM32F10x_StdPeriph_Driver\src\stm32f10x_spi.c 0x00000000   Number         0  stm32f10x_spi_1.o ABSOLUTE
    ..\Libraries\STM32F10x_StdPeriph_Driver\src\stm32f10x_tim.c 0x00000000   Number         0  stm32f10x_tim_1.o ABSOLUTE
    ..\Libraries\STM32F10x_StdPeriph_Driver\src\stm32f10x_usart.c 0x00000000   Number         0  stm32f10x_usart_1.o ABSOLUTE
    ..\Libraries\STM32F10x_StdPeriph_Driver\src\stm32f10x_wwdg.c 0x00000000   Number         0  stm32f10x_wwdg_1.o ABSOLUTE
    ..\\Libraries\\CMSIS\\CM3\\CoreSupport\\core_cm3.c 0x00000000   Number         0  core_cm3.o ABSOLUTE
    ..\user\RTX_Conf_CM.c                    0x00000000   Number         0  rtx_conf_cm.o ABSOLUTE
    ..\user\main.c                           0x00000000   Number         0  main.o ABSOLUTE
    ..\user\stm32f10x_it.c                   0x00000000   Number         0  stm32f10x_it.o ABSOLUTE
    ..\user\system_stm32f10x.c               0x00000000   Number         0  system_stm32f10x.o ABSOLUTE
    SRC\CM\HAL_CM3.c                         0x00000000   Number         0  hal_cm3.o ABSOLUTE
    SRC\CM\SVC_Table.s                       0x00000000   Number         0  svc_table.o ABSOLUTE
    SRC\CM\rt_Event.c                        0x00000000   Number         0  rt_event.o ABSOLUTE
    SRC\CM\rt_List.c                         0x00000000   Number         0  rt_list.o ABSOLUTE
    SRC\CM\rt_Mailbox.c                      0x00000000   Number         0  rt_mailbox.o ABSOLUTE
    SRC\CM\rt_MemBox.c                       0x00000000   Number         0  rt_membox.o ABSOLUTE
    SRC\CM\rt_Mutex.c                        0x00000000   Number         0  rt_mutex.o ABSOLUTE
    SRC\CM\rt_Robin.c                        0x00000000   Number         0  rt_robin.o ABSOLUTE
    SRC\CM\rt_Semaphore.c                    0x00000000   Number         0  rt_semaphore.o ABSOLUTE
    SRC\CM\rt_System.c                       0x00000000   Number         0  rt_system.o ABSOLUTE
    SRC\CM\rt_Task.c                         0x00000000   Number         0  rt_task.o ABSOLUTE
    SRC\CM\rt_Time.c                         0x00000000   Number         0  rt_time.o ABSOLUTE
    SRC\CM\rt_Timer.c                        0x00000000   Number         0  rt_timer.o ABSOLUTE
    SRC\\CM\\HAL_CM3.c                       0x00000000   Number         0  hal_cm3.o ABSOLUTE
    SRC\\CM\\rt_System.c                     0x00000000   Number         0  rt_system.o ABSOLUTE
    dc.s                                     0x00000000   Number         0  dc.o ABSOLUTE
    RESET                                    0x08000000   Section      304  startup_stm32f10x_hd.o(RESET)
    !!!main                                  0x08000130   Section        8  __main.o(!!!main)
    !!!scatter                               0x08000138   Section       52  __scatter.o(!!!scatter)
    !!handler_copy                           0x0800016c   Section       26  __scatter_copy.o(!!handler_copy)
    !!handler_zi                             0x08000188   Section       28  __scatter_zi.o(!!handler_zi)
    .ARM.Collect$$libinit$$00000000          0x080001a4   Section        2  libinit.o(.ARM.Collect$$libinit$$00000000)
    .ARM.Collect$$libinit$$00000002          0x080001a6   Section        0  libinit2.o(.ARM.Collect$$libinit$$00000002)
    .ARM.Collect$$libinit$$00000004          0x080001a6   Section        0  libinit2.o(.ARM.Collect$$libinit$$00000004)
    .ARM.Collect$$libinit$$0000000A          0x080001a6   Section        0  libinit2.o(.ARM.Collect$$libinit$$0000000A)
    .ARM.Collect$$libinit$$0000000C          0x080001a6   Section        0  libinit2.o(.ARM.Collect$$libinit$$0000000C)
    .ARM.Collect$$libinit$$0000000E          0x080001a6   Section        0  libinit2.o(.ARM.Collect$$libinit$$0000000E)
    .ARM.Collect$$libinit$$00000011          0x080001a6   Section        0  libinit2.o(.ARM.Collect$$libinit$$00000011)
    .ARM.Collect$$libinit$$00000013          0x080001a6   Section        0  libinit2.o(.ARM.Collect$$libinit$$00000013)
    .ARM.Collect$$libinit$$00000015          0x080001a6   Section        0  libinit2.o(.ARM.Collect$$libinit$$00000015)
    .ARM.Collect$$libinit$$00000017          0x080001a6   Section        0  libinit2.o(.ARM.Collect$$libinit$$00000017)
    .ARM.Collect$$libinit$$00000019          0x080001a6   Section        0  libinit2.o(.ARM.Collect$$libinit$$00000019)
    .ARM.Collect$$libinit$$0000001B          0x080001a6   Section        0  libinit2.o(.ARM.Collect$$libinit$$0000001B)
    .ARM.Collect$$libinit$$0000001D          0x080001a6   Section        0  libinit2.o(.ARM.Collect$$libinit$$0000001D)
    .ARM.Collect$$libinit$$0000001F          0x080001a6   Section        0  libinit2.o(.ARM.Collect$$libinit$$0000001F)
    .ARM.Collect$$libinit$$00000021          0x080001a6   Section        0  libinit2.o(.ARM.Collect$$libinit$$00000021)
    .ARM.Collect$$libinit$$00000023          0x080001a6   Section        0  libinit2.o(.ARM.Collect$$libinit$$00000023)
    .ARM.Collect$$libinit$$00000025          0x080001a6   Section        0  libinit2.o(.ARM.Collect$$libinit$$00000025)
    .ARM.Collect$$libinit$$0000002C          0x080001a6   Section        0  libinit2.o(.ARM.Collect$$libinit$$0000002C)
    .ARM.Collect$$libinit$$0000002E          0x080001a6   Section        0  libinit2.o(.ARM.Collect$$libinit$$0000002E)
    .ARM.Collect$$libinit$$00000030          0x080001a6   Section        0  libinit2.o(.ARM.Collect$$libinit$$00000030)
    .ARM.Collect$$libinit$$00000032          0x080001a6   Section        0  libinit2.o(.ARM.Collect$$libinit$$00000032)
    .ARM.Collect$$libinit$$00000033          0x080001a6   Section        2  libinit2.o(.ARM.Collect$$libinit$$00000033)
    .ARM.Collect$$libshutdown$$00000000      0x080001a8   Section        2  libshutdown.o(.ARM.Collect$$libshutdown$$00000000)
    .ARM.Collect$$libshutdown$$00000002      0x080001aa   Section        0  libshutdown2.o(.ARM.Collect$$libshutdown$$00000002)
    .ARM.Collect$$libshutdown$$00000004      0x080001aa   Section        0  libshutdown2.o(.ARM.Collect$$libshutdown$$00000004)
    .ARM.Collect$$libshutdown$$00000007      0x080001aa   Section        0  libshutdown2.o(.ARM.Collect$$libshutdown$$00000007)
    .ARM.Collect$$libshutdown$$0000000A      0x080001aa   Section        0  libshutdown2.o(.ARM.Collect$$libshutdown$$0000000A)
    .ARM.Collect$$libshutdown$$0000000C      0x080001aa   Section        0  libshutdown2.o(.ARM.Collect$$libshutdown$$0000000C)
    .ARM.Collect$$libshutdown$$0000000F      0x080001aa   Section        0  libshutdown2.o(.ARM.Collect$$libshutdown$$0000000F)
    .ARM.Collect$$libshutdown$$00000010      0x080001aa   Section        2  libshutdown2.o(.ARM.Collect$$libshutdown$$00000010)
    .ARM.Collect$$rtentry$$00000000          0x080001ac   Section        0  __rtentry.o(.ARM.Collect$$rtentry$$00000000)
    .ARM.Collect$$rtentry$$00000002          0x080001ac   Section        0  __rtentry2.o(.ARM.Collect$$rtentry$$00000002)
    .ARM.Collect$$rtentry$$00000004          0x080001ac   Section        6  __rtentry4.o(.ARM.Collect$$rtentry$$00000004)
    .ARM.Collect$$rtentry$$00000009          0x080001b2   Section        0  __rtentry2.o(.ARM.Collect$$rtentry$$00000009)
    .ARM.Collect$$rtentry$$0000000A          0x080001b2   Section        4  __rtentry2.o(.ARM.Collect$$rtentry$$0000000A)
    .ARM.Collect$$rtentry$$0000000C          0x080001b6   Section        0  __rtentry2.o(.ARM.Collect$$rtentry$$0000000C)
    .ARM.Collect$$rtentry$$0000000D          0x080001b6   Section        8  __rtentry2.o(.ARM.Collect$$rtentry$$0000000D)
    .ARM.Collect$$rtexit$$00000000           0x080001be   Section        2  rtexit.o(.ARM.Collect$$rtexit$$00000000)
    .ARM.Collect$$rtexit$$00000002           0x080001c0   Section        0  rtexit2.o(.ARM.Collect$$rtexit$$00000002)
    .ARM.Collect$$rtexit$$00000003           0x080001c0   Section        4  rtexit2.o(.ARM.Collect$$rtexit$$00000003)
    .ARM.Collect$$rtexit$$00000004           0x080001c4   Section        6  rtexit2.o(.ARM.Collect$$rtexit$$00000004)
    .emb_text                                0x080001cc   Section      340  hal_cm3.o(.emb_text)
    .text                                    0x08000320   Section       64  startup_stm32f10x_hd.o(.text)
    .text                                    0x08000360   Section        8  libspace.o(.text)
    .text                                    0x08000368   Section        0  heapauxi.o(.text)
    .text                                    0x0800036e   Section       74  sys_stackheap_outer.o(.text)
    .text                                    0x080003b8   Section        0  exit.o(.text)
    .text                                    0x080003cc   Section        0  sys_exit.o(.text)
    .text                                    0x080003d8   Section        2  use_no_semi.o(.text)
    .text                                    0x080003da   Section        0  indicate_semi.o(.text)
    SVC_TABLE                                0x080003dc   Section        4  svc_table.o(SVC_TABLE)
    i.AppTaskLED                             0x080003e0   Section        0  main.o(i.AppTaskLED)
    i.AppTaskStart                           0x08000410   Section        0  main.o(i.AppTaskStart)
    i.BusFault_Handler                       0x08000448   Section        0  stm32f10x_it.o(i.BusFault_Handler)
    i.DebugMon_Handler                       0x0800044c   Section        0  stm32f10x_it.o(i.DebugMon_Handler)
    i.GPIO_Configuration                     0x08000450   Section        0  main.o(i.GPIO_Configuration)
    i.GPIO_Init                              0x0800047c   Section        0  stm32f10x_gpio_1.o(i.GPIO_Init)
    i.HardFault_Handler                      0x08000592   Section        0  stm32f10x_it.o(i.HardFault_Handler)
    i.MemManage_Handler                      0x08000596   Section        0  stm32f10x_it.o(i.MemManage_Handler)
    i.NMI_Handler                            0x0800059a   Section        0  stm32f10x_it.o(i.NMI_Handler)
    i.RCC_APB2PeriphClockCmd                 0x0800059c   Section        0  stm32f10x_rcc_1.o(i.RCC_APB2PeriphClockCmd)
    i.SetSysClock                            0x080005bc   Section        0  system_stm32f10x.o(i.SetSysClock)
    SetSysClock                              0x080005bd   Thumb Code     8  system_stm32f10x.o(i.SetSysClock)
    i.SetSysClockTo72                        0x080005c4   Section        0  system_stm32f10x.o(i.SetSysClockTo72)
    SetSysClockTo72                          0x080005c5   Thumb Code   214  system_stm32f10x.o(i.SetSysClockTo72)
    i.SystemInit                             0x080006a4   Section        0  system_stm32f10x.o(i.SystemInit)
    i.UsageFault_Handler                     0x08000704   Section        0  stm32f10x_it.o(i.UsageFault_Handler)
    i._init_box                              0x08000708   Section        0  rt_membox.o(i._init_box)
    i._mutex_acquire                         0x08000750   Section        0  rtx_conf_cm.o(i._mutex_acquire)
    __tagsym$$used                           0x08000751   Number         0  rtx_conf_cm.o(i._mutex_acquire)
    i._mutex_release                         0x08000770   Section        0  rtx_conf_cm.o(i._mutex_release)
    __tagsym$$used                           0x08000771   Number         0  rtx_conf_cm.o(i._mutex_release)
    i.dbg_init                               0x0800078c   Section        0  hal_cm3.o(i.dbg_init)
    i.dbg_task_notify                        0x080007bc   Section        0  hal_cm3.o(i.dbg_task_notify)
    i.dbg_task_switch                        0x080007dc   Section        0  hal_cm3.o(i.dbg_task_switch)
    i.main                                   0x080007ec   Section        0  main.o(i.main)
    i.os_error                               0x08000814   Section        0  rtx_conf_cm.o(i.os_error)
    i.os_idle_demon                          0x08000818   Section        0  rtx_conf_cm.o(i.os_idle_demon)
    i.os_tick_init                           0x0800081c   Section        0  rt_system.o(i.os_tick_init)
    i.os_tick_irqack                         0x08000844   Section        0  rt_system.o(i.os_tick_irqack)
    i.os_tmr_call                            0x08000846   Section        0  rtx_conf_cm.o(i.os_tmr_call)
    i.rt_alloc_box                           0x08000848   Section        0  rt_membox.o(i.rt_alloc_box)
    i.rt_block                               0x08000864   Section        0  rt_task.o(i.rt_block)
    i.rt_chk_robin                           0x0800089c   Section        0  rt_robin.o(i.rt_chk_robin)
    i.rt_dec_dly                             0x080008e4   Section        0  rt_list.o(i.rt_dec_dly)
    i.rt_dispatch                            0x08000958   Section        0  rt_task.o(i.rt_dispatch)
    i.rt_dly_wait                            0x0800099c   Section        0  rt_time.o(i.rt_dly_wait)
    i.rt_evt_psh                             0x080009a4   Section        0  rt_event.o(i.rt_evt_psh)
    i.rt_free_box                            0x080009f0   Section        0  rt_membox.o(i.rt_free_box)
    i.rt_get_first                           0x08000a10   Section        0  rt_list.o(i.rt_get_first)
    i.rt_init_context                        0x08000a38   Section        0  rt_task.o(i.rt_init_context)
    rt_init_context                          0x08000a39   Thumb Code    70  rt_task.o(i.rt_init_context)
    i.rt_init_robin                          0x08000a84   Section        0  rt_robin.o(i.rt_init_robin)
    i.rt_init_stack                          0x08000a9c   Section        0  hal_cm3.o(i.rt_init_stack)
    i.rt_mbx_psh                             0x08000aec   Section        0  rt_mailbox.o(i.rt_mbx_psh)
    i.rt_mut_release                         0x08000bc0   Section        0  rt_mutex.o(i.rt_mut_release)
    i.rt_mut_wait                            0x08000ca4   Section        0  rt_mutex.o(i.rt_mut_wait)
    i.rt_pop_req                             0x08000d0c   Section        0  rt_system.o(i.rt_pop_req)
    i.rt_put_dly                             0x08000d88   Section        0  rt_list.o(i.rt_put_dly)
    i.rt_put_prio                            0x08000dd0   Section        0  rt_list.o(i.rt_put_prio)
    i.rt_put_rdy_first                       0x08000e08   Section        0  rt_list.o(i.rt_put_rdy_first)
    i.rt_resort_prio                         0x08000e1c   Section        0  rt_list.o(i.rt_resort_prio)
    i.rt_rmv_dly                             0x08000e50   Section        0  rt_list.o(i.rt_rmv_dly)
    i.rt_rmv_list                            0x08000e78   Section        0  rt_list.o(i.rt_rmv_list)
    i.rt_sem_psh                             0x08000ea8   Section        0  rt_semaphore.o(i.rt_sem_psh)
    i.rt_stk_check                           0x08000edc   Section        0  rt_system.o(i.rt_stk_check)
    i.rt_switch_req                          0x08000f00   Section        0  rt_task.o(i.rt_switch_req)
    i.rt_sys_init                            0x08000f28   Section        0  rt_task.o(i.rt_sys_init)
    i.rt_systick                             0x0800107c   Section        0  rt_system.o(i.rt_systick)
    i.rt_tmr_tick                            0x080010bc   Section        0  rt_timer.o(i.rt_tmr_tick)
    i.rt_tsk_create                          0x080010fc   Section        0  rt_task.o(i.rt_tsk_create)
    i.rt_tsk_self                            0x0800118c   Section        0  rt_task.o(i.rt_tsk_self)
    .constdata                               0x0800119c   Section       40  rtx_conf_cm.o(.constdata)
    __tagsym$$used                           0x080011b0   Number         0  rtx_conf_cm.o(.constdata)
    __tagsym$$used                           0x080011b4   Number         0  rtx_conf_cm.o(.constdata)
    .constdata                               0x080011c4   Section        4  rt_system.o(.constdata)
    __tagsym$$used                           0x080011c4   Number         0  rt_system.o(.constdata)
    .data                                    0x20000000   Section        4  main.o(.data)
    .data                                    0x20000004   Section        8  rtx_conf_cm.o(.data)
    nr_mutex                                 0x20000008   Data           4  rtx_conf_cm.o(.data)
    .data                                    0x2000000c   Section        8  rt_task.o(.data)
    .data                                    0x20000014   Section        4  rt_time.o(.data)
    .data                                    0x20000018   Section        1  hal_cm3.o(.data)
    .data                                    0x2000001c   Section        8  rt_system.o(.data)
    os_lock                                  0x2000001c   Data           1  rt_system.o(.data)
    os_psh_flag                              0x2000001d   Data           1  rt_system.o(.data)
    pend_flags                               0x2000001e   Data           1  rt_system.o(.data)
    .data                                    0x20000024   Section        8  rt_robin.o(.data)
    .data                                    0x2000002c   Section        8  rt_timer.o(.data)
    .bss                                     0x20000038   Section      384  main.o(.bss)
    AppTaskStartStk                          0x20000038   Data         256  main.o(.bss)
    AppTaskLEDStk                            0x20000138   Data         128  main.o(.bss)
    .bss                                     0x200001b8   Section     3276  rtx_conf_cm.o(.bss)
    std_libspace                             0x20000bc4   Data         576  rtx_conf_cm.o(.bss)
    std_libmutex                             0x20000e04   Data         128  rtx_conf_cm.o(.bss)
    .bss                                     0x20000e84   Section       56  rt_task.o(.bss)
    .bss                                     0x20000ebc   Section       48  rt_list.o(.bss)
    .bss                                     0x20000eec   Section       96  libspace.o(.bss)
    HEAP                                     0x20000f50   Section      512  startup_stm32f10x_hd.o(HEAP)
    Heap_Mem                                 0x20000f50   Data         512  startup_stm32f10x_hd.o(HEAP)
    STACK                                    0x20001150   Section     1024  startup_stm32f10x_hd.o(STACK)
    Stack_Mem                                0x20001150   Data        1024  startup_stm32f10x_hd.o(STACK)
    __initial_sp                             0x20001550   Data           0  startup_stm32f10x_hd.o(STACK)

    Global Symbols

    Symbol Name                              Value     Ov Type        Size  Object(Section)

    BuildAttributes$$THM_ISAv4$P$D$K$B$S$PE$A:L22UL41UL21$X:L11$S22US41US21$IEEE1$IW$USESV6$~STKCKD$USESV7$~SHL$OSPACE$ROPI$EBA8$UX$STANDARDLIB$REQ8$PRES8$EABIv2 0x00000000   Number         0  anon$$obj.o ABSOLUTE
    __ARM_use_no_argv                        0x00000000   Number         0  main.o ABSOLUTE
    __ARM_exceptions_init                     - Undefined Weak Reference
    __alloca_initialize                       - Undefined Weak Reference
    __arm_preinit_                            - Undefined Weak Reference
    __cpp_initialize__aeabi_                  - Undefined Weak Reference
    __cxa_finalize                            - Undefined Weak Reference
    __rt_locale                               - Undefined Weak Reference
    __sigvec_lookup                           - Undefined Weak Reference
    _atexit_init                              - Undefined Weak Reference
    _call_atexit_fns                          - Undefined Weak Reference
    _clock_init                               - Undefined Weak Reference
    _fp_trap_init                             - Undefined Weak Reference
    _fp_trap_shutdown                         - Undefined Weak Reference
    _get_lc_collate                           - Undefined Weak Reference
    _get_lc_ctype                             - Undefined Weak Reference
    _get_lc_monetary                          - Undefined Weak Reference
    _get_lc_numeric                           - Undefined Weak Reference
    _get_lc_time                              - Undefined Weak Reference
    _getenv_init                              - Undefined Weak Reference
    _handle_redirection                       - Undefined Weak Reference
    _init_alloc                               - Undefined Weak Reference
    _init_user_alloc                          - Undefined Weak Reference
    _initio                                   - Undefined Weak Reference
    _rand_init                                - Undefined Weak Reference
    _signal_finish                            - Undefined Weak Reference
    _signal_init                              - Undefined Weak Reference
    _terminate_alloc                          - Undefined Weak Reference
    _terminate_user_alloc                     - Undefined Weak Reference
    _terminateio                              - Undefined Weak Reference
    __Vectors_Size                           0x00000130   Number         0  startup_stm32f10x_hd.o ABSOLUTE
    __RL_RTX_VER                             0x00000475   Number         0  rt_system.o ABSOLUTE
    __Vectors                                0x08000000   Data           4  startup_stm32f10x_hd.o(RESET)
    __Vectors_End                            0x08000130   Data           0  startup_stm32f10x_hd.o(RESET)
    __main                                   0x08000131   Thumb Code     8  __main.o(!!!main)
    __scatterload                            0x08000139   Thumb Code     0  __scatter.o(!!!scatter)
    __scatterload_rt2                        0x08000139   Thumb Code    44  __scatter.o(!!!scatter)
    __scatterload_rt2_thumb_only             0x08000139   Thumb Code     0  __scatter.o(!!!scatter)
    __scatterload_null                       0x08000147   Thumb Code     0  __scatter.o(!!!scatter)
    __scatterload_copy                       0x0800016d   Thumb Code    26  __scatter_copy.o(!!handler_copy)
    __scatterload_zeroinit                   0x08000189   Thumb Code    28  __scatter_zi.o(!!handler_zi)
    __rt_lib_init                            0x080001a5   Thumb Code     0  libinit.o(.ARM.Collect$$libinit$$00000000)
    __rt_lib_init_alloca_1                   0x080001a7   Thumb Code     0  libinit2.o(.ARM.Collect$$libinit$$0000002E)
    __rt_lib_init_argv_1                     0x080001a7   Thumb Code     0  libinit2.o(.ARM.Collect$$libinit$$0000002C)
    __rt_lib_init_atexit_1                   0x080001a7   Thumb Code     0  libinit2.o(.ARM.Collect$$libinit$$0000001B)
    __rt_lib_init_clock_1                    0x080001a7   Thumb Code     0  libinit2.o(.ARM.Collect$$libinit$$00000021)
    __rt_lib_init_cpp_1                      0x080001a7   Thumb Code     0  libinit2.o(.ARM.Collect$$libinit$$00000032)
    __rt_lib_init_exceptions_1               0x080001a7   Thumb Code     0  libinit2.o(.ARM.Collect$$libinit$$00000030)
    __rt_lib_init_fp_1                       0x080001a7   Thumb Code     0  libinit2.o(.ARM.Collect$$libinit$$00000002)
    __rt_lib_init_fp_trap_1                  0x080001a7   Thumb Code     0  libinit2.o(.ARM.Collect$$libinit$$0000001F)
    __rt_lib_init_getenv_1                   0x080001a7   Thumb Code     0  libinit2.o(.ARM.Collect$$libinit$$00000023)
    __rt_lib_init_heap_1                     0x080001a7   Thumb Code     0  libinit2.o(.ARM.Collect$$libinit$$0000000A)
    __rt_lib_init_lc_collate_1               0x080001a7   Thumb Code     0  libinit2.o(.ARM.Collect$$libinit$$00000011)
    __rt_lib_init_lc_ctype_1                 0x080001a7   Thumb Code     0  libinit2.o(.ARM.Collect$$libinit$$00000013)
    __rt_lib_init_lc_monetary_1              0x080001a7   Thumb Code     0  libinit2.o(.ARM.Collect$$libinit$$00000015)
    __rt_lib_init_lc_numeric_1               0x080001a7   Thumb Code     0  libinit2.o(.ARM.Collect$$libinit$$00000017)
    __rt_lib_init_lc_time_1                  0x080001a7   Thumb Code     0  libinit2.o(.ARM.Collect$$libinit$$00000019)
    __rt_lib_init_preinit_1                  0x080001a7   Thumb Code     0  libinit2.o(.ARM.Collect$$libinit$$00000004)
    __rt_lib_init_rand_1                     0x080001a7   Thumb Code     0  libinit2.o(.ARM.Collect$$libinit$$0000000E)
    __rt_lib_init_return                     0x080001a7   Thumb Code     0  libinit2.o(.ARM.Collect$$libinit$$00000033)
    __rt_lib_init_signal_1                   0x080001a7   Thumb Code     0  libinit2.o(.ARM.Collect$$libinit$$0000001D)
    __rt_lib_init_stdio_1                    0x080001a7   Thumb Code     0  libinit2.o(.ARM.Collect$$libinit$$00000025)
    __rt_lib_init_user_alloc_1               0x080001a7   Thumb Code     0  libinit2.o(.ARM.Collect$$libinit$$0000000C)
    __rt_lib_shutdown                        0x080001a9   Thumb Code     0  libshutdown.o(.ARM.Collect$$libshutdown$$00000000)
    __rt_lib_shutdown_cpp_1                  0x080001ab   Thumb Code     0  libshutdown2.o(.ARM.Collect$$libshutdown$$00000002)
    __rt_lib_shutdown_fp_trap_1              0x080001ab   Thumb Code     0  libshutdown2.o(.ARM.Collect$$libshutdown$$00000007)
    __rt_lib_shutdown_heap_1                 0x080001ab   Thumb Code     0  libshutdown2.o(.ARM.Collect$$libshutdown$$0000000F)
    __rt_lib_shutdown_return                 0x080001ab   Thumb Code     0  libshutdown2.o(.ARM.Collect$$libshutdown$$00000010)
    __rt_lib_shutdown_signal_1               0x080001ab   Thumb Code     0  libshutdown2.o(.ARM.Collect$$libshutdown$$0000000A)
    __rt_lib_shutdown_stdio_1                0x080001ab   Thumb Code     0  libshutdown2.o(.ARM.Collect$$libshutdown$$00000004)
    __rt_lib_shutdown_user_alloc_1           0x080001ab   Thumb Code     0  libshutdown2.o(.ARM.Collect$$libshutdown$$0000000C)
    __rt_entry                               0x080001ad   Thumb Code     0  __rtentry.o(.ARM.Collect$$rtentry$$00000000)
    __rt_entry_presh_1                       0x080001ad   Thumb Code     0  __rtentry2.o(.ARM.Collect$$rtentry$$00000002)
    __rt_entry_sh                            0x080001ad   Thumb Code     0  __rtentry4.o(.ARM.Collect$$rtentry$$00000004)
    __rt_entry_li                            0x080001b3   Thumb Code     0  __rtentry2.o(.ARM.Collect$$rtentry$$0000000A)
    __rt_entry_postsh_1                      0x080001b3   Thumb Code     0  __rtentry2.o(.ARM.Collect$$rtentry$$00000009)
    __rt_entry_main                          0x080001b7   Thumb Code     0  __rtentry2.o(.ARM.Collect$$rtentry$$0000000D)
    __rt_entry_postli_1                      0x080001b7   Thumb Code     0  __rtentry2.o(.ARM.Collect$$rtentry$$0000000C)
    __rt_exit                                0x080001bf   Thumb Code     0  rtexit.o(.ARM.Collect$$rtexit$$00000000)
    __rt_exit_ls                             0x080001c1   Thumb Code     0  rtexit2.o(.ARM.Collect$$rtexit$$00000003)
    __rt_exit_prels_1                        0x080001c1   Thumb Code     0  rtexit2.o(.ARM.Collect$$rtexit$$00000002)
    __rt_exit_exit                           0x080001c5   Thumb Code     0  rtexit2.o(.ARM.Collect$$rtexit$$00000004)
    rt_set_PSP                               0x080001cd   Thumb Code     6  hal_cm3.o(.emb_text)
    rt_get_PSP                               0x080001d3   Thumb Code     6  hal_cm3.o(.emb_text)
    os_set_env                               0x080001d9   Thumb Code    24  hal_cm3.o(.emb_text)
    _alloc_box                               0x080001f5   Thumb Code    28  hal_cm3.o(.emb_text)
    _free_box                                0x08000215   Thumb Code    28  hal_cm3.o(.emb_text)
    SVC_Handler                              0x08000235   Thumb Code   124  hal_cm3.o(.emb_text)
    PendSV_Handler                           0x080002bd   Thumb Code    76  hal_cm3.o(.emb_text)
    SysTick_Handler                          0x0800030d   Thumb Code     8  hal_cm3.o(.emb_text)
    OS_Tick_Handler                          0x08000315   Thumb Code    12  hal_cm3.o(.emb_text)
    Reset_Handler                            0x08000321   Thumb Code     8  startup_stm32f10x_hd.o(.text)
    ADC1_2_IRQHandler                        0x0800033b   Thumb Code     0  startup_stm32f10x_hd.o(.text)
    ADC3_IRQHandler                          0x0800033b   Thumb Code     0  startup_stm32f10x_hd.o(.text)
    CAN1_RX1_IRQHandler                      0x0800033b   Thumb Code     0  startup_stm32f10x_hd.o(.text)
    CAN1_SCE_IRQHandler                      0x0800033b   Thumb Code     0  startup_stm32f10x_hd.o(.text)
    DMA1_Channel1_IRQHandler                 0x0800033b   Thumb Code     0  startup_stm32f10x_hd.o(.text)
    DMA1_Channel2_IRQHandler                 0x0800033b   Thumb Code     0  startup_stm32f10x_hd.o(.text)
    DMA1_Channel3_IRQHandler                 0x0800033b   Thumb Code     0  startup_stm32f10x_hd.o(.text)
    DMA1_Channel4_IRQHandler                 0x0800033b   Thumb Code     0  startup_stm32f10x_hd.o(.text)
    DMA1_Channel5_IRQHandler                 0x0800033b   Thumb Code     0  startup_stm32f10x_hd.o(.text)
    DMA1_Channel6_IRQHandler                 0x0800033b   Thumb Code     0  startup_stm32f10x_hd.o(.text)
    DMA1_Channel7_IRQHandler                 0x0800033b   Thumb Code     0  startup_stm32f10x_hd.o(.text)
    DMA2_Channel1_IRQHandler                 0x0800033b   Thumb Code     0  startup_stm32f10x_hd.o(.text)
    DMA2_Channel2_IRQHandler                 0x0800033b   Thumb Code     0  startup_stm32f10x_hd.o(.text)
    DMA2_Channel3_IRQHandler                 0x0800033b   Thumb Code     0  startup_stm32f10x_hd.o(.text)
    DMA2_Channel4_5_IRQHandler               0x0800033b   Thumb Code     0  startup_stm32f10x_hd.o(.text)
    EXTI0_IRQHandler                         0x0800033b   Thumb Code     0  startup_stm32f10x_hd.o(.text)
    EXTI15_10_IRQHandler                     0x0800033b   Thumb Code     0  startup_stm32f10x_hd.o(.text)
    EXTI1_IRQHandler                         0x0800033b   Thumb Code     0  startup_stm32f10x_hd.o(.text)
    EXTI2_IRQHandler                         0x0800033b   Thumb Code     0  startup_stm32f10x_hd.o(.text)
    EXTI3_IRQHandler                         0x0800033b   Thumb Code     0  startup_stm32f10x_hd.o(.text)
    EXTI4_IRQHandler                         0x0800033b   Thumb Code     0  startup_stm32f10x_hd.o(.text)
    EXTI9_5_IRQHandler                       0x0800033b   Thumb Code     0  startup_stm32f10x_hd.o(.text)
    FLASH_IRQHandler                         0x0800033b   Thumb Code     0  startup_stm32f10x_hd.o(.text)
    FSMC_IRQHandler                          0x0800033b   Thumb Code     0  startup_stm32f10x_hd.o(.text)
    I2C1_ER_IRQHandler                       0x0800033b   Thumb Code     0  startup_stm32f10x_hd.o(.text)
    I2C1_EV_IRQHandler                       0x0800033b   Thumb Code     0  startup_stm32f10x_hd.o(.text)
    I2C2_ER_IRQHandler                       0x0800033b   Thumb Code     0  startup_stm32f10x_hd.o(.text)
    I2C2_EV_IRQHandler                       0x0800033b   Thumb Code     0  startup_stm32f10x_hd.o(.text)
    PVD_IRQHandler                           0x0800033b   Thumb Code     0  startup_stm32f10x_hd.o(.text)
    RCC_IRQHandler                           0x0800033b   Thumb Code     0  startup_stm32f10x_hd.o(.text)
    RTCAlarm_IRQHandler                      0x0800033b   Thumb Code     0  startup_stm32f10x_hd.o(.text)
    RTC_IRQHandler                           0x0800033b   Thumb Code     0  startup_stm32f10x_hd.o(.text)
    SDIO_IRQHandler                          0x0800033b   Thumb Code     0  startup_stm32f10x_hd.o(.text)
    SPI1_IRQHandler                          0x0800033b   Thumb Code     0  startup_stm32f10x_hd.o(.text)
    SPI2_IRQHandler                          0x0800033b   Thumb Code     0  startup_stm32f10x_hd.o(.text)
    SPI3_IRQHandler                          0x0800033b   Thumb Code     0  startup_stm32f10x_hd.o(.text)
    TAMPER_IRQHandler                        0x0800033b   Thumb Code     0  startup_stm32f10x_hd.o(.text)
    TIM1_BRK_IRQHandler                      0x0800033b   Thumb Code     0  startup_stm32f10x_hd.o(.text)
    TIM1_CC_IRQHandler                       0x0800033b   Thumb Code     0  startup_stm32f10x_hd.o(.text)
    TIM1_TRG_COM_IRQHandler                  0x0800033b   Thumb Code     0  startup_stm32f10x_hd.o(.text)
    TIM1_UP_IRQHandler                       0x0800033b   Thumb Code     0  startup_stm32f10x_hd.o(.text)
    TIM2_IRQHandler                          0x0800033b   Thumb Code     0  startup_stm32f10x_hd.o(.text)
    TIM3_IRQHandler                          0x0800033b   Thumb Code     0  startup_stm32f10x_hd.o(.text)
    TIM4_IRQHandler                          0x0800033b   Thumb Code     0  startup_stm32f10x_hd.o(.text)
    TIM5_IRQHandler                          0x0800033b   Thumb Code     0  startup_stm32f10x_hd.o(.text)
    TIM6_IRQHandler                          0x0800033b   Thumb Code     0  startup_stm32f10x_hd.o(.text)
    TIM7_IRQHandler                          0x0800033b   Thumb Code     0  startup_stm32f10x_hd.o(.text)
    TIM8_BRK_IRQHandler                      0x0800033b   Thumb Code     0  startup_stm32f10x_hd.o(.text)
    TIM8_CC_IRQHandler                       0x0800033b   Thumb Code     0  startup_stm32f10x_hd.o(.text)
    TIM8_TRG_COM_IRQHandler                  0x0800033b   Thumb Code     0  startup_stm32f10x_hd.o(.text)
    TIM8_UP_IRQHandler                       0x0800033b   Thumb Code     0  startup_stm32f10x_hd.o(.text)
    UART4_IRQHandler                         0x0800033b   Thumb Code     0  startup_stm32f10x_hd.o(.text)
    UART5_IRQHandler                         0x0800033b   Thumb Code     0  startup_stm32f10x_hd.o(.text)
    USART1_IRQHandler                        0x0800033b   Thumb Code     0  startup_stm32f10x_hd.o(.text)
    USART2_IRQHandler                        0x0800033b   Thumb Code     0  startup_stm32f10x_hd.o(.text)
    USART3_IRQHandler                        0x0800033b   Thumb Code     0  startup_stm32f10x_hd.o(.text)
    USBWakeUp_IRQHandler                     0x0800033b   Thumb Code     0  startup_stm32f10x_hd.o(.text)
    USB_HP_CAN1_TX_IRQHandler                0x0800033b   Thumb Code     0  startup_stm32f10x_hd.o(.text)
    USB_LP_CAN1_RX0_IRQHandler               0x0800033b   Thumb Code     0  startup_stm32f10x_hd.o(.text)
    WWDG_IRQHandler                          0x0800033b   Thumb Code     0  startup_stm32f10x_hd.o(.text)
    __user_initial_stackheap                 0x0800033d   Thumb Code     0  startup_stm32f10x_hd.o(.text)
    __user_libspace                          0x08000361   Thumb Code     8  libspace.o(.text)
    __user_perproc_libspace                  0x08000361   Thumb Code     0  libspace.o(.text)
    __use_two_region_memory                  0x08000369   Thumb Code     2  heapauxi.o(.text)
    __rt_heap_escrow$2region                 0x0800036b   Thumb Code     2  heapauxi.o(.text)
    __rt_heap_expand$2region                 0x0800036d   Thumb Code     2  heapauxi.o(.text)
    __user_setup_stackheap                   0x0800036f   Thumb Code    74  sys_stackheap_outer.o(.text)
    exit                                     0x080003b9   Thumb Code    18  exit.o(.text)
    _sys_exit                                0x080003cd   Thumb Code     8  sys_exit.o(.text)
    __I$use$semihosting                      0x080003d9   Thumb Code     0  use_no_semi.o(.text)
    __use_no_semihosting_swi                 0x080003d9   Thumb Code     2  use_no_semi.o(.text)
    __semihosting_library_function           0x080003db   Thumb Code     0  indicate_semi.o(.text)
    SVC_Count                                0x080003dc   Data           4  svc_table.o(SVC_TABLE)
    AppTaskLED                               0x080003e1   Thumb Code    34  main.o(i.AppTaskLED)
    SVC_Table                                0x080003e0   Data           0  svc_table.o(SVC_TABLE)
    AppTaskStart                             0x08000411   Thumb Code    34  main.o(i.AppTaskStart)
    BusFault_Handler                         0x08000449   Thumb Code     4  stm32f10x_it.o(i.BusFault_Handler)
    DebugMon_Handler                         0x0800044d   Thumb Code     2  stm32f10x_it.o(i.DebugMon_Handler)
    GPIO_Configuration                       0x08000451   Thumb Code    40  main.o(i.GPIO_Configuration)
    GPIO_Init                                0x0800047d   Thumb Code   278  stm32f10x_gpio_1.o(i.GPIO_Init)
    HardFault_Handler                        0x08000593   Thumb Code     4  stm32f10x_it.o(i.HardFault_Handler)
    MemManage_Handler                        0x08000597   Thumb Code     4  stm32f10x_it.o(i.MemManage_Handler)
    NMI_Handler                              0x0800059b   Thumb Code     2  stm32f10x_it.o(i.NMI_Handler)
    RCC_APB2PeriphClockCmd                   0x0800059d   Thumb Code    26  stm32f10x_rcc_1.o(i.RCC_APB2PeriphClockCmd)
    SystemInit                               0x080006a5   Thumb Code    78  system_stm32f10x.o(i.SystemInit)
    UsageFault_Handler                       0x08000705   Thumb Code     4  stm32f10x_it.o(i.UsageFault_Handler)
    _init_box                                0x08000709   Thumb Code    70  rt_membox.o(i._init_box)
    _mutex_acquire                           0x08000751   Thumb Code    26  rtx_conf_cm.o(i._mutex_acquire)
    _mutex_release                           0x08000771   Thumb Code    22  rtx_conf_cm.o(i._mutex_release)
    dbg_init                                 0x0800078d   Thumb Code    34  hal_cm3.o(i.dbg_init)
    dbg_task_notify                          0x080007bd   Thumb Code    32  hal_cm3.o(i.dbg_task_notify)
    dbg_task_switch                          0x080007dd   Thumb Code    16  hal_cm3.o(i.dbg_task_switch)
    main                                     0x080007ed   Thumb Code    24  main.o(i.main)
    os_error                                 0x08000815   Thumb Code     4  rtx_conf_cm.o(i.os_error)
    os_idle_demon                            0x08000819   Thumb Code     4  rtx_conf_cm.o(i.os_idle_demon)
    os_tick_init                             0x0800081d   Thumb Code    32  rt_system.o(i.os_tick_init)
    os_tick_irqack                           0x08000845   Thumb Code     2  rt_system.o(i.os_tick_irqack)
    os_tmr_call                              0x08000847   Thumb Code     2  rtx_conf_cm.o(i.os_tmr_call)
    rt_alloc_box                             0x08000849   Thumb Code    26  rt_membox.o(i.rt_alloc_box)
    rt_block                                 0x08000865   Thumb Code    48  rt_task.o(i.rt_block)
    rt_chk_robin                             0x0800089d   Thumb Code    60  rt_robin.o(i.rt_chk_robin)
    rt_dec_dly                               0x080008e5   Thumb Code   106  rt_list.o(i.rt_dec_dly)
    rt_dispatch                              0x08000959   Thumb Code    60  rt_task.o(i.rt_dispatch)
    rt_dly_wait                              0x0800099d   Thumb Code     6  rt_time.o(i.rt_dly_wait)
    rt_evt_psh                               0x080009a5   Thumb Code    72  rt_event.o(i.rt_evt_psh)
    rt_free_box                              0x080009f1   Thumb Code    32  rt_membox.o(i.rt_free_box)
    rt_get_first                             0x08000a11   Thumb Code    40  rt_list.o(i.rt_get_first)
    rt_init_robin                            0x08000a85   Thumb Code    14  rt_robin.o(i.rt_init_robin)
    rt_init_stack                            0x08000a9d   Thumb Code    70  hal_cm3.o(i.rt_init_stack)
    rt_mbx_psh                               0x08000aed   Thumb Code   206  rt_mailbox.o(i.rt_mbx_psh)
    rt_mut_release                           0x08000bc1   Thumb Code   220  rt_mutex.o(i.rt_mut_release)
    rt_mut_wait                              0x08000ca5   Thumb Code   100  rt_mutex.o(i.rt_mut_wait)
    rt_pop_req                               0x08000d0d   Thumb Code   112  rt_system.o(i.rt_pop_req)
    rt_put_dly                               0x08000d89   Thumb Code    68  rt_list.o(i.rt_put_dly)
    rt_put_prio                              0x08000dd1   Thumb Code    54  rt_list.o(i.rt_put_prio)
    rt_put_rdy_first                         0x08000e09   Thumb Code    14  rt_list.o(i.rt_put_rdy_first)
    rt_resort_prio                           0x08000e1d   Thumb Code    46  rt_list.o(i.rt_resort_prio)
    rt_rmv_dly                               0x08000e51   Thumb Code    40  rt_list.o(i.rt_rmv_dly)
    rt_rmv_list                              0x08000e79   Thumb Code    44  rt_list.o(i.rt_rmv_list)
    rt_sem_psh                               0x08000ea9   Thumb Code    46  rt_semaphore.o(i.rt_sem_psh)
    rt_stk_check                             0x08000edd   Thumb Code    28  rt_system.o(i.rt_stk_check)
    rt_switch_req                            0x08000f01   Thumb Code    30  rt_task.o(i.rt_switch_req)
    rt_sys_init                              0x08000f29   Thumb Code   268  rt_task.o(i.rt_sys_init)
    rt_systick                               0x0800107d   Thumb Code    50  rt_system.o(i.rt_systick)
    rt_tmr_tick                              0x080010bd   Thumb Code    56  rt_timer.o(i.rt_tmr_tick)
    rt_tsk_create                            0x080010fd   Thumb Code   122  rt_task.o(i.rt_tsk_create)
    rt_tsk_self                              0x0800118d   Thumb Code    12  rt_task.o(i.rt_tsk_self)
    os_maxtaskrun                            0x0800119c   Data           2  rtx_conf_cm.o(.constdata)
    os_stackinfo                             0x080011a0   Data           4  rtx_conf_cm.o(.constdata)
    os_rrobin                                0x080011a4   Data           4  rtx_conf_cm.o(.constdata)
    os_trv                                   0x080011a8   Data           4  rtx_conf_cm.o(.constdata)
    os_flags                                 0x080011ac   Data           1  rtx_conf_cm.o(.constdata)
    os_clockrate                             0x080011b0   Data           4  rtx_conf_cm.o(.constdata)
    os_timernum                              0x080011b4   Data           4  rtx_conf_cm.o(.constdata)
    mp_tcb_size                              0x080011b8   Data           2  rtx_conf_cm.o(.constdata)
    mp_stk_size                              0x080011bc   Data           4  rtx_conf_cm.o(.constdata)
    os_fifo_size                             0x080011c0   Data           1  rtx_conf_cm.o(.constdata)
    mp_tmr_size                              0x080011c2   Data           2  rtx_conf_cm.o(.constdata)
    RL_RTX_Version                           0x080011c4   Data           4  rt_system.o(.constdata)
    Region$$Table$$Base                      0x080011c8   Number         0  anon$$obj.o(Region$$Table)
    Region$$Table$$Limit                     0x080011e8   Number         0  anon$$obj.o(Region$$Table)
    HandleTaskLED                            0x20000000   Data           4  main.o(.data)
    m_tmr                                    0x20000004   Data           4  rtx_conf_cm.o(.data)
    os_tsk                                   0x2000000c   Data           8  rt_task.o(.data)
    os_time                                  0x20000014   Data           4  rt_time.o(.data)
    dbg_msg                                  0x20000018   Data           1  hal_cm3.o(.data)
    os_tick_irqn                             0x20000020   Data           4  rt_system.o(.data)
    os_robin                                 0x20000024   Data           8  rt_robin.o(.data)
    os_tmr                                   0x2000002c   Data           8  rt_timer.o(.data)
    mp_tcb                                   0x200001b8   Data         348  rtx_conf_cm.o(.bss)
    mp_stk                                   0x20000318   Data        2064  rtx_conf_cm.o(.bss)
    os_fifo                                  0x20000b28   Data         132  rtx_conf_cm.o(.bss)
    os_active_TCB                            0x20000bac   Data          24  rtx_conf_cm.o(.bss)
    os_idle_TCB                              0x20000e84   Data          56  rt_task.o(.bss)
    os_rdy                                   0x20000ebc   Data          24  rt_list.o(.bss)
    os_dly                                   0x20000ed4   Data          24  rt_list.o(.bss)
    __libspace_start                         0x20000eec   Data          96  libspace.o(.bss)
    __temporary_stack_top$libspace           0x20000f4c   Data           0  libspace.o(.bss)



==============================================================================

Memory Map of the image

  Image Entry point : 0x08000131

  Load Region LR_IROM1 (Base: 0x08000000, Size: 0x0000121c, Max: 0x00010000, ABSOLUTE)

    Execution Region ER_IROM1 (Base: 0x08000000, Size: 0x000011e8, Max: 0x00010000, ABSOLUTE)

    Base Addr    Size         Type   Attr      Idx    E Section Name        Object

    0x08000000   0x00000130   Data   RO         3212    RESET               startup_stm32f10x_hd.o
    0x08000130   0x00000008   Code   RO         3800  * !!!main             c_w.l(__main.o)
    0x08000138   0x00000034   Code   RO         3954    !!!scatter          c_w.l(__scatter.o)
    0x0800016c   0x0000001a   Code   RO         3956    !!handler_copy      c_w.l(__scatter_copy.o)
    0x08000186   0x00000002   PAD
    0x08000188   0x0000001c   Code   RO         3958    !!handler_zi        c_w.l(__scatter_zi.o)
    0x080001a4   0x00000002   Code   RO         3827    .ARM.Collect$$libinit$$00000000  c_w.l(libinit.o)
    0x080001a6   0x00000000   Code   RO         3831    .ARM.Collect$$libinit$$00000002  c_w.l(libinit2.o)
    0x080001a6   0x00000000   Code   RO         3833    .ARM.Collect$$libinit$$00000004  c_w.l(libinit2.o)
    0x080001a6   0x00000000   Code   RO         3836    .ARM.Collect$$libinit$$0000000A  c_w.l(libinit2.o)
    0x080001a6   0x00000000   Code   RO         3838    .ARM.Collect$$libinit$$0000000C  c_w.l(libinit2.o)
    0x080001a6   0x00000000   Code   RO         3840    .ARM.Collect$$libinit$$0000000E  c_w.l(libinit2.o)
    0x080001a6   0x00000000   Code   RO         3843    .ARM.Collect$$libinit$$00000011  c_w.l(libinit2.o)
    0x080001a6   0x00000000   Code   RO         3845    .ARM.Collect$$libinit$$00000013  c_w.l(libinit2.o)
    0x080001a6   0x00000000   Code   RO         3847    .ARM.Collect$$libinit$$00000015  c_w.l(libinit2.o)
    0x080001a6   0x00000000   Code   RO         3849    .ARM.Collect$$libinit$$00000017  c_w.l(libinit2.o)
    0x080001a6   0x00000000   Code   RO         3851    .ARM.Collect$$libinit$$00000019  c_w.l(libinit2.o)
    0x080001a6   0x00000000   Code   RO         3853    .ARM.Collect$$libinit$$0000001B  c_w.l(libinit2.o)
    0x080001a6   0x00000000   Code   RO         3855    .ARM.Collect$$libinit$$0000001D  c_w.l(libinit2.o)
    0x080001a6   0x00000000   Code   RO         3857    .ARM.Collect$$libinit$$0000001F  c_w.l(libinit2.o)
    0x080001a6   0x00000000   Code   RO         3859    .ARM.Collect$$libinit$$00000021  c_w.l(libinit2.o)
    0x080001a6   0x00000000   Code   RO         3861    .ARM.Collect$$libinit$$00000023  c_w.l(libinit2.o)
    0x080001a6   0x00000000   Code   RO         3863    .ARM.Collect$$libinit$$00000025  c_w.l(libinit2.o)
    0x080001a6   0x00000000   Code   RO         3867    .ARM.Collect$$libinit$$0000002C  c_w.l(libinit2.o)
    0x080001a6   0x00000000   Code   RO         3869    .ARM.Collect$$libinit$$0000002E  c_w.l(libinit2.o)
    0x080001a6   0x00000000   Code   RO         3871    .ARM.Collect$$libinit$$00000030  c_w.l(libinit2.o)
    0x080001a6   0x00000000   Code   RO         3873    .ARM.Collect$$libinit$$00000032  c_w.l(libinit2.o)
    0x080001a6   0x00000002   Code   RO         3874    .ARM.Collect$$libinit$$00000033  c_w.l(libinit2.o)
    0x080001a8   0x00000002   Code   RO         3894    .ARM.Collect$$libshutdown$$00000000  c_w.l(libshutdown.o)
    0x080001aa   0x00000000   Code   RO         3907    .ARM.Collect$$libshutdown$$00000002  c_w.l(libshutdown2.o)
    0x080001aa   0x00000000   Code   RO         3909    .ARM.Collect$$libshutdown$$00000004  c_w.l(libshutdown2.o)
    0x080001aa   0x00000000   Code   RO         3912    .ARM.Collect$$libshutdown$$00000007  c_w.l(libshutdown2.o)
    0x080001aa   0x00000000   Code   RO         3915    .ARM.Collect$$libshutdown$$0000000A  c_w.l(libshutdown2.o)
    0x080001aa   0x00000000   Code   RO         3917    .ARM.Collect$$libshutdown$$0000000C  c_w.l(libshutdown2.o)
    0x080001aa   0x00000000   Code   RO         3920    .ARM.Collect$$libshutdown$$0000000F  c_w.l(libshutdown2.o)
    0x080001aa   0x00000002   Code   RO         3921    .ARM.Collect$$libshutdown$$00000010  c_w.l(libshutdown2.o)
    0x080001ac   0x00000000   Code   RO         3802    .ARM.Collect$$rtentry$$00000000  c_w.l(__rtentry.o)
    0x080001ac   0x00000000   Code   RO         3804    .ARM.Collect$$rtentry$$00000002  c_w.l(__rtentry2.o)
    0x080001ac   0x00000006   Code   RO         3816    .ARM.Collect$$rtentry$$00000004  c_w.l(__rtentry4.o)
    0x080001b2   0x00000000   Code   RO         3806    .ARM.Collect$$rtentry$$00000009  c_w.l(__rtentry2.o)
    0x080001b2   0x00000004   Code   RO         3807    .ARM.Collect$$rtentry$$0000000A  c_w.l(__rtentry2.o)
    0x080001b6   0x00000000   Code   RO         3809    .ARM.Collect$$rtentry$$0000000C  c_w.l(__rtentry2.o)
    0x080001b6   0x00000008   Code   RO         3810    .ARM.Collect$$rtentry$$0000000D  c_w.l(__rtentry2.o)
    0x080001be   0x00000002   Code   RO         3828    .ARM.Collect$$rtexit$$00000000  c_w.l(rtexit.o)
    0x080001c0   0x00000000   Code   RO         3876    .ARM.Collect$$rtexit$$00000002  c_w.l(rtexit2.o)
    0x080001c0   0x00000004   Code   RO         3877    .ARM.Collect$$rtexit$$00000003  c_w.l(rtexit2.o)
    0x080001c4   0x00000006   Code   RO         3878    .ARM.Collect$$rtexit$$00000004  c_w.l(rtexit2.o)
    0x080001ca   0x00000002   PAD
    0x080001cc   0x00000154   Code   RO         3377    .emb_text           RTX_CM3.LIB(hal_cm3.o)
    0x08000320   0x00000040   Code   RO         3213    .text               startup_stm32f10x_hd.o
    0x08000360   0x00000008   Code   RO         3795    .text               c_w.l(libspace.o)
    0x08000368   0x00000006   Code   RO         3798    .text               c_w.l(heapauxi.o)
    0x0800036e   0x0000004a   Code   RO         3818    .text               c_w.l(sys_stackheap_outer.o)
    0x080003b8   0x00000012   Code   RO         3820    .text               c_w.l(exit.o)
    0x080003ca   0x00000002   PAD
    0x080003cc   0x0000000c   Code   RO         3886    .text               c_w.l(sys_exit.o)
    0x080003d8   0x00000002   Code   RO         3897    .text               c_w.l(use_no_semi.o)
    0x080003da   0x00000000   Code   RO         3899    .text               c_w.l(indicate_semi.o)
    0x080003da   0x00000002   PAD
    0x080003dc   0x00000004   Code   RO         3637    SVC_TABLE           RTX_CM3.LIB(svc_table.o)
    0x080003e0   0x00000030   Code   RO            1    i.AppTaskLED        main.o
    0x08000410   0x00000038   Code   RO            2    i.AppTaskStart      main.o
    0x08000448   0x00000004   Code   RO         3131    i.BusFault_Handler  stm32f10x_it.o
    0x0800044c   0x00000002   Code   RO         3132    i.DebugMon_Handler  stm32f10x_it.o
    0x0800044e   0x00000002   PAD
    0x08000450   0x0000002c   Code   RO            3    i.GPIO_Configuration  main.o
    0x0800047c   0x00000116   Code   RO         1283    i.GPIO_Init         stm32f10x_gpio_1.o
    0x08000592   0x00000004   Code   RO         3133    i.HardFault_Handler  stm32f10x_it.o
    0x08000596   0x00000004   Code   RO         3134    i.MemManage_Handler  stm32f10x_it.o
    0x0800059a   0x00000002   Code   RO         3135    i.NMI_Handler       stm32f10x_it.o
    0x0800059c   0x00000020   Code   RO         1704    i.RCC_APB2PeriphClockCmd  stm32f10x_rcc_1.o
    0x080005bc   0x00000008   Code   RO         3176    i.SetSysClock       system_stm32f10x.o
    0x080005c4   0x000000e0   Code   RO         3177    i.SetSysClockTo72   system_stm32f10x.o
    0x080006a4   0x00000060   Code   RO         3179    i.SystemInit        system_stm32f10x.o
    0x08000704   0x00000004   Code   RO         3136    i.UsageFault_Handler  stm32f10x_it.o
    0x08000708   0x00000046   Code   RO         3604    i._init_box         RTX_CM3.LIB(rt_membox.o)
    0x0800074e   0x00000002   PAD
    0x08000750   0x00000020   Code   RO           73    i._mutex_acquire    rtx_conf_cm.o
    0x08000770   0x0000001c   Code   RO           75    i._mutex_release    rtx_conf_cm.o
    0x0800078c   0x00000030   Code   RO         3378    i.dbg_init          RTX_CM3.LIB(hal_cm3.o)
    0x080007bc   0x00000020   Code   RO         3379    i.dbg_task_notify   RTX_CM3.LIB(hal_cm3.o)
    0x080007dc   0x00000010   Code   RO         3380    i.dbg_task_switch   RTX_CM3.LIB(hal_cm3.o)
    0x080007ec   0x00000028   Code   RO            4    i.main              main.o
    0x08000814   0x00000004   Code   RO           76    i.os_error          rtx_conf_cm.o
    0x08000818   0x00000004   Code   RO           77    i.os_idle_demon     rtx_conf_cm.o
    0x0800081c   0x00000028   Code   RO         3419    i.os_tick_init      RTX_CM3.LIB(rt_system.o)
    0x08000844   0x00000002   Code   RO         3420    i.os_tick_irqack    RTX_CM3.LIB(rt_system.o)
    0x08000846   0x00000002   Code   RO           78    i.os_tmr_call       rtx_conf_cm.o
    0x08000848   0x0000001a   Code   RO         3605    i.rt_alloc_box      RTX_CM3.LIB(rt_membox.o)
    0x08000862   0x00000002   PAD
    0x08000864   0x00000038   Code   RO         3217    i.rt_block          RTX_CM3.LIB(rt_task.o)
    0x0800089c   0x00000048   Code   RO         3582    i.rt_chk_robin      RTX_CM3.LIB(rt_robin.o)
    0x080008e4   0x00000074   Code   RO         3503    i.rt_dec_dly        RTX_CM3.LIB(rt_list.o)
    0x08000958   0x00000044   Code   RO         3218    i.rt_dispatch       RTX_CM3.LIB(rt_task.o)
    0x0800099c   0x00000006   Code   RO         3316    i.rt_dly_wait       RTX_CM3.LIB(rt_time.o)
    0x080009a2   0x00000002   PAD
    0x080009a4   0x0000004c   Code   RO         3643    i.rt_evt_psh        RTX_CM3.LIB(rt_event.o)
    0x080009f0   0x00000020   Code   RO         3606    i.rt_free_box       RTX_CM3.LIB(rt_membox.o)
    0x08000a10   0x00000028   Code   RO         3504    i.rt_get_first      RTX_CM3.LIB(rt_list.o)
    0x08000a38   0x0000004c   Code   RO         3219    i.rt_init_context   RTX_CM3.LIB(rt_task.o)
    0x08000a84   0x00000018   Code   RO         3583    i.rt_init_robin     RTX_CM3.LIB(rt_robin.o)
    0x08000a9c   0x00000050   Code   RO         3381    i.rt_init_stack     RTX_CM3.LIB(hal_cm3.o)
    0x08000aec   0x000000d4   Code   RO         3686    i.rt_mbx_psh        RTX_CM3.LIB(rt_mailbox.o)
    0x08000bc0   0x000000e4   Code   RO         3354    i.rt_mut_release    RTX_CM3.LIB(rt_mutex.o)
    0x08000ca4   0x00000068   Code   RO         3355    i.rt_mut_wait       RTX_CM3.LIB(rt_mutex.o)
    0x08000d0c   0x0000007c   Code   RO         3421    i.rt_pop_req        RTX_CM3.LIB(rt_system.o)
    0x08000d88   0x00000048   Code   RO         3507    i.rt_put_dly        RTX_CM3.LIB(rt_list.o)
    0x08000dd0   0x00000036   Code   RO         3508    i.rt_put_prio       RTX_CM3.LIB(rt_list.o)
    0x08000e06   0x00000002   PAD
    0x08000e08   0x00000014   Code   RO         3509    i.rt_put_rdy_first  RTX_CM3.LIB(rt_list.o)
    0x08000e1c   0x00000034   Code   RO         3510    i.rt_resort_prio    RTX_CM3.LIB(rt_list.o)
    0x08000e50   0x00000028   Code   RO         3511    i.rt_rmv_dly        RTX_CM3.LIB(rt_list.o)
    0x08000e78   0x00000030   Code   RO         3512    i.rt_rmv_list       RTX_CM3.LIB(rt_list.o)
    0x08000ea8   0x00000034   Code   RO         3732    i.rt_sem_psh        RTX_CM3.LIB(rt_semaphore.o)
    0x08000edc   0x00000024   Code   RO         3424    i.rt_stk_check      RTX_CM3.LIB(rt_system.o)
    0x08000f00   0x00000028   Code   RO         3220    i.rt_switch_req     RTX_CM3.LIB(rt_task.o)
    0x08000f28   0x00000154   Code   RO         3221    i.rt_sys_init       RTX_CM3.LIB(rt_task.o)
    0x0800107c   0x00000040   Code   RO         3426    i.rt_systick        RTX_CM3.LIB(rt_system.o)
    0x080010bc   0x00000040   Code   RO         3768    i.rt_tmr_tick       RTX_CM3.LIB(rt_timer.o)
    0x080010fc   0x00000090   Code   RO         3222    i.rt_tsk_create     RTX_CM3.LIB(rt_task.o)
    0x0800118c   0x00000010   Code   RO         3226    i.rt_tsk_self       RTX_CM3.LIB(rt_task.o)
    0x0800119c   0x00000028   Data   RO           80    .constdata          rtx_conf_cm.o
    0x080011c4   0x00000004   Data   RO         3429    .constdata          RTX_CM3.LIB(rt_system.o)
    0x080011c8   0x00000020   Data   RO         3952    Region$$Table       anon$$obj.o


    Execution Region RW_IRAM1 (Base: 0x20000000, Size: 0x00001550, Max: 0x00005000, ABSOLUTE)

    Base Addr    Size         Type   Attr      Idx    E Section Name        Object

    0x20000000   0x00000004   Data   RW            6    .data               main.o
    0x20000004   0x00000008   Data   RW           81    .data               rtx_conf_cm.o
    0x2000000c   0x00000008   Data   RW         3228    .data               RTX_CM3.LIB(rt_task.o)
    0x20000014   0x00000004   Data   RW         3320    .data               RTX_CM3.LIB(rt_time.o)
    0x20000018   0x00000001   Data   RW         3382    .data               RTX_CM3.LIB(hal_cm3.o)
    0x20000019   0x00000003   PAD
    0x2000001c   0x00000008   Data   RW         3430    .data               RTX_CM3.LIB(rt_system.o)
    0x20000024   0x00000008   Data   RW         3584    .data               RTX_CM3.LIB(rt_robin.o)
    0x2000002c   0x00000008   Data   RW         3769    .data               RTX_CM3.LIB(rt_timer.o)
    0x20000034   0x00000004   PAD
    0x20000038   0x00000180   Zero   RW            5    .bss                main.o
    0x200001b8   0x00000ccc   Zero   RW           79    .bss                rtx_conf_cm.o
    0x20000e84   0x00000038   Zero   RW         3227    .bss                RTX_CM3.LIB(rt_task.o)
    0x20000ebc   0x00000030   Zero   RW         3513    .bss                RTX_CM3.LIB(rt_list.o)
    0x20000eec   0x00000060   Zero   RW         3796    .bss                c_w.l(libspace.o)
    0x20000f4c   0x00000004   PAD
    0x20000f50   0x00000200   Zero   RW         3211    HEAP                startup_stm32f10x_hd.o
    0x20001150   0x00000400   Zero   RW         3210    STACK               startup_stm32f10x_hd.o


==============================================================================

Image component sizes


      Code (inc. data)   RO Data    RW Data    ZI Data      Debug   Object Name

         0          0          0          0          0         32   core_cm3.o
       188         56          0          4        384     224072   main.o
        70         12         40          8       3276       3561   rtx_conf_cm.o
        64         26        304          0       1536        880   startup_stm32f10x_hd.o
       278          0          0          0          0       2000   stm32f10x_gpio_1.o
        20          0          0          0          0       2393   stm32f10x_it.o
        32          6          0          0          0        577   stm32f10x_rcc_1.o
       328         28          0          0          0       1773   system_stm32f10x.o

    ----------------------------------------------------------------------
       982        128        376         12       5196     235288   Object Totals
         0          0         32          0          0          0   (incl. Generated)
         2          0          0          0          0          0   (incl. Padding)

    ----------------------------------------------------------------------

      Code (inc. data)   RO Data    RW Data    ZI Data      Debug   Library Member Name

       516         56          0          1          0       2793   hal_cm3.o
        76          4          0          0          0        613   rt_event.o
       442         30          0          0         48       4490   rt_list.o
       212          6          0          0          0        781   rt_mailbox.o
       128          0          0          0          0       1785   rt_membox.o
       332         12          0          0          0       1491   rt_mutex.o
        96         22          0          8          0       1046   rt_robin.o
        52          6          0          0          0        537   rt_semaphore.o
       266         42          4          8          0       3301   rt_system.o
       740        130          0          8         56       6764   rt_task.o
         6          0          0          4          0        576   rt_time.o
        64          8          0          8          0        631   rt_timer.o
         4          4          0          0          0        168   svc_table.o
         8          0          0          0          0         68   __main.o
         0          0          0          0          0          0   __rtentry.o
        12          0          0          0          0          0   __rtentry2.o
         6          0          0          0          0          0   __rtentry4.o
        52          8          0          0          0          0   __scatter.o
        26          0          0          0          0          0   __scatter_copy.o
        28          0          0          0          0          0   __scatter_zi.o
        18          0          0          0          0         80   exit.o
         6          0          0          0          0        152   heapauxi.o
         0          0          0          0          0          0   indicate_semi.o
         2          0          0          0          0          0   libinit.o
         2          0          0          0          0          0   libinit2.o
         2          0          0          0          0          0   libshutdown.o
         2          0          0          0          0          0   libshutdown2.o
         8          4          0          0         96         68   libspace.o
         2          0          0          0          0          0   rtexit.o
        10          0          0          0          0          0   rtexit2.o
        12          4          0          0          0         68   sys_exit.o
        74          0          0          0          0         80   sys_stackheap_outer.o
         2          0          0          0          0         68   use_no_semi.o

    ----------------------------------------------------------------------
      3222        336          4         40        208      25560   Library Totals
        16          0          0          3          8          0   (incl. Padding)

    ----------------------------------------------------------------------

      Code (inc. data)   RO Data    RW Data    ZI Data      Debug   Library Name

      2934        320          4         37        104      24976   RTX_CM3.LIB
       272         16          0          0         96        584   c_w.l

    ----------------------------------------------------------------------
      3222        336          4         40        208      25560   Library Totals

    ----------------------------------------------------------------------

==============================================================================


      Code (inc. data)   RO Data    RW Data    ZI Data      Debug   

      4204        464        380         52       5404     258088   Grand Totals
      4204        464        380         52       5404     258088   ELF Image Totals
      4204        464        380         52          0          0   ROM Totals

==============================================================================

    Total RO  Size (Code + RO Data)                 4584 (   4.48kB)
    Total RW  Size (RW Data + ZI Data)              5456 (   5.33kB)
    Total ROM Size (Code + RO Data + RW Data)       4636 (   4.53kB)

==============================================================================

