Component: ARM Compiler 5.06 update 1 (build 61) Tool: armlink [4d35a8]

==============================================================================

Section Cross References

    main.o(i.AppTaskLED) refers to rt_time.o(i.rt_dly_wait) for rt_dly_wait
    main.o(i.AppTaskStart) refers to main.o(.bss) for AppTaskLEDStk
    main.o(i.AppTaskStart) refers to main.o(i.AppTaskLED) for AppTaskLED
    main.o(i.AppTaskStart) refers to rt_task.o(i.rt_tsk_create) for rt_tsk_create
    main.o(i.AppTaskStart) refers to main.o(.data) for HandleTaskLED
    main.o(i.AppTaskStart) refers to main.o(i.AppTaskUart1) for AppTaskUart1
    main.o(i.AppTaskStart) refers to rt_time.o(i.rt_dly_wait) for rt_dly_wait
    main.o(i.AppTaskUart1) refers to printf2.o(i.__0printf$2) for __2printf
    main.o(i.AppTaskUart1) refers to rt_event.o(i.rt_evt_wait) for rt_evt_wait
    main.o(i.AppTaskUart1) refers to main.o(.bss) for RECBUF
    main.o(i.GPIO_Configuration) refers to stm32f10x_rcc_1.o(i.RCC_APB2PeriphClockCmd) for RCC_APB2PeriphClockCmd
    main.o(i.GPIO_Configuration) refers to stm32f10x_gpio_1.o(i.GPIO_Init) for GPIO_Init
    main.o(i.main) refers to misc_1.o(i.NVIC_PriorityGroupConfig) for NVIC_PriorityGroupConfig
    main.o(i.main) refers to main.o(i.GPIO_Configuration) for GPIO_Configuration
    main.o(i.main) refers to myusart.o(i.uart_init) for uart_init
    main.o(i.main) refers to myusart.o(i.MYDMA_Config) for MYDMA_Config
    main.o(i.main) refers to hal_cm3.o(.emb_text) for os_set_env
    main.o(i.main) refers to main.o(.bss) for RECBUF
    main.o(i.main) refers to main.o(i.AppTaskStart) for AppTaskStart
    main.o(i.main) refers to rt_task.o(i.rt_sys_init) for rt_sys_init
    stm32f10x_adc_1.o(i.ADC_DeInit) refers to stm32f10x_rcc_1.o(i.RCC_APB2PeriphResetCmd) for RCC_APB2PeriphResetCmd
    stm32f10x_bkp_1.o(i.BKP_DeInit) refers to stm32f10x_rcc_1.o(i.RCC_BackupResetCmd) for RCC_BackupResetCmd
    stm32f10x_can_1.o(i.CAN_DeInit) refers to stm32f10x_rcc_1.o(i.RCC_APB1PeriphResetCmd) for RCC_APB1PeriphResetCmd
    stm32f10x_can_1.o(i.CAN_GetITStatus) refers to stm32f10x_can_1.o(i.CheckITStatus) for CheckITStatus
    stm32f10x_can_1.o(i.CAN_Receive) refers to stm32f10x_can_1.o(i.CAN_FIFORelease) for CAN_FIFORelease
    stm32f10x_cec_1.o(i.CEC_DeInit) refers to stm32f10x_rcc_1.o(i.RCC_APB1PeriphResetCmd) for RCC_APB1PeriphResetCmd
    stm32f10x_dac_1.o(i.DAC_DeInit) refers to stm32f10x_rcc_1.o(i.RCC_APB1PeriphResetCmd) for RCC_APB1PeriphResetCmd
    stm32f10x_flash_1.o(i.FLASH_EnableWriteProtection) refers to stm32f10x_flash_1.o(i.FLASH_WaitForLastOperation) for FLASH_WaitForLastOperation
    stm32f10x_flash_1.o(i.FLASH_EraseAllBank1Pages) refers to stm32f10x_flash_1.o(i.FLASH_WaitForLastBank1Operation) for FLASH_WaitForLastBank1Operation
    stm32f10x_flash_1.o(i.FLASH_EraseAllPages) refers to stm32f10x_flash_1.o(i.FLASH_WaitForLastOperation) for FLASH_WaitForLastOperation
    stm32f10x_flash_1.o(i.FLASH_EraseOptionBytes) refers to stm32f10x_flash_1.o(i.FLASH_GetReadOutProtectionStatus) for FLASH_GetReadOutProtectionStatus
    stm32f10x_flash_1.o(i.FLASH_EraseOptionBytes) refers to stm32f10x_flash_1.o(i.FLASH_WaitForLastOperation) for FLASH_WaitForLastOperation
    stm32f10x_flash_1.o(i.FLASH_ErasePage) refers to stm32f10x_flash_1.o(i.FLASH_WaitForLastOperation) for FLASH_WaitForLastOperation
    stm32f10x_flash_1.o(i.FLASH_ProgramHalfWord) refers to stm32f10x_flash_1.o(i.FLASH_WaitForLastOperation) for FLASH_WaitForLastOperation
    stm32f10x_flash_1.o(i.FLASH_ProgramOptionByteData) refers to stm32f10x_flash_1.o(i.FLASH_WaitForLastOperation) for FLASH_WaitForLastOperation
    stm32f10x_flash_1.o(i.FLASH_ProgramWord) refers to stm32f10x_flash_1.o(i.FLASH_WaitForLastOperation) for FLASH_WaitForLastOperation
    stm32f10x_flash_1.o(i.FLASH_ReadOutProtection) refers to stm32f10x_flash_1.o(i.FLASH_WaitForLastOperation) for FLASH_WaitForLastOperation
    stm32f10x_flash_1.o(i.FLASH_UserOptionByteConfig) refers to stm32f10x_flash_1.o(i.FLASH_WaitForLastOperation) for FLASH_WaitForLastOperation
    stm32f10x_flash_1.o(i.FLASH_WaitForLastBank1Operation) refers to stm32f10x_flash_1.o(i.FLASH_GetBank1Status) for FLASH_GetBank1Status
    stm32f10x_flash_1.o(i.FLASH_WaitForLastOperation) refers to stm32f10x_flash_1.o(i.FLASH_GetBank1Status) for FLASH_GetBank1Status
    stm32f10x_gpio_1.o(i.GPIO_AFIODeInit) refers to stm32f10x_rcc_1.o(i.RCC_APB2PeriphResetCmd) for RCC_APB2PeriphResetCmd
    stm32f10x_gpio_1.o(i.GPIO_DeInit) refers to stm32f10x_rcc_1.o(i.RCC_APB2PeriphResetCmd) for RCC_APB2PeriphResetCmd
    stm32f10x_i2c_1.o(i.I2C_DeInit) refers to stm32f10x_rcc_1.o(i.RCC_APB1PeriphResetCmd) for RCC_APB1PeriphResetCmd
    stm32f10x_i2c_1.o(i.I2C_Init) refers to stm32f10x_rcc_1.o(i.RCC_GetClocksFreq) for RCC_GetClocksFreq
    stm32f10x_pwr_1.o(i.PWR_DeInit) refers to stm32f10x_rcc_1.o(i.RCC_APB1PeriphResetCmd) for RCC_APB1PeriphResetCmd
[...]
    Removing stm32f10x_can_1.o(i.CAN_FIFORelease), (22 bytes).
    Removing stm32f10x_can_1.o(i.CAN_FilterInit), (264 bytes).
    Removing stm32f10x_can_1.o(i.CAN_GetFlagStatus), (120 bytes).
    Removing stm32f10x_can_1.o(i.CAN_GetITStatus), (300 bytes).
    Removing stm32f10x_can_1.o(i.CAN_ITConfig), (18 bytes).
    Removing stm32f10x_can_1.o(i.CAN_Init), (276 bytes).
    Removing stm32f10x_can_1.o(i.CAN_MessagePending), (30 bytes).
    Removing stm32f10x_can_1.o(i.CAN_Receive), (234 bytes).
    Removing stm32f10x_can_1.o(i.CAN_SlaveStartBank), (52 bytes).
    Removing stm32f10x_can_1.o(i.CAN_Sleep), (30 bytes).
    Removing stm32f10x_can_1.o(i.CAN_StructInit), (32 bytes).
    Removing stm32f10x_can_1.o(i.CAN_Transmit), (294 bytes).
    Removing stm32f10x_can_1.o(i.CAN_TransmitStatus), (142 bytes).
    Removing stm32f10x_can_1.o(i.CAN_WakeUp), (48 bytes).
    Removing stm32f10x_can_1.o(i.CheckITStatus), (18 bytes).
    Removing stm32f10x_cec_1.o(i.CEC_ClearFlag), (36 bytes).
    Removing stm32f10x_cec_1.o(i.CEC_ClearITPendingBit), (36 bytes).
    Removing stm32f10x_cec_1.o(i.CEC_Cmd), (32 bytes).
    Removing stm32f10x_cec_1.o(i.CEC_DeInit), (22 bytes).
    Removing stm32f10x_cec_1.o(i.CEC_EndOfMessageCmd), (12 bytes).
    Removing stm32f10x_cec_1.o(i.CEC_GetFlagStatus), (48 bytes).
    Removing stm32f10x_cec_1.o(i.CEC_GetITStatus), (40 bytes).
    Removing stm32f10x_cec_1.o(i.CEC_ITConfig), (12 bytes).
    Removing stm32f10x_cec_1.o(i.CEC_Init), (32 bytes).
    Removing stm32f10x_cec_1.o(i.CEC_OwnAddressConfig), (12 bytes).
    Removing stm32f10x_cec_1.o(i.CEC_ReceiveDataByte), (12 bytes).
    Removing stm32f10x_cec_1.o(i.CEC_SendDataByte), (12 bytes).
    Removing stm32f10x_cec_1.o(i.CEC_SetPrescaler), (12 bytes).
    Removing stm32f10x_cec_1.o(i.CEC_StartOfMessage), (12 bytes).
    Removing stm32f10x_crc_1.o(i.CRC_CalcBlockCRC), (36 bytes).
    Removing stm32f10x_crc_1.o(i.CRC_CalcCRC), (16 bytes).
    Removing stm32f10x_crc_1.o(i.CRC_GetCRC), (12 bytes).
    Removing stm32f10x_crc_1.o(i.CRC_GetIDRegister), (12 bytes).
    Removing stm32f10x_crc_1.o(i.CRC_ResetDR), (12 bytes).
    Removing stm32f10x_crc_1.o(i.CRC_SetIDRegister), (12 bytes).
    Removing stm32f10x_dac_1.o(i.DAC_Cmd), (40 bytes).
    Removing stm32f10x_dac_1.o(i.DAC_DMACmd), (44 bytes).
    Removing stm32f10x_dac_1.o(i.DAC_DeInit), (22 bytes).
    Removing stm32f10x_dac_1.o(i.DAC_DualSoftwareTriggerCmd), (36 bytes).
    Removing stm32f10x_dac_1.o(i.DAC_GetDataOutputValue), (36 bytes).
    Removing stm32f10x_dac_1.o(i.DAC_Init), (52 bytes).
    Removing stm32f10x_dac_1.o(i.DAC_SetChannel1Data), (32 bytes).
    Removing stm32f10x_dac_1.o(i.DAC_SetChannel2Data), (32 bytes).
    Removing stm32f10x_dac_1.o(i.DAC_SetDualChannelData), (36 bytes).
    Removing stm32f10x_dac_1.o(i.DAC_SoftwareTriggerCmd), (44 bytes).
    Removing stm32f10x_dac_1.o(i.DAC_StructInit), (12 bytes).
    Removing stm32f10x_dac_1.o(i.DAC_WaveGenerationCmd), (40 bytes).
    Removing stm32f10x_dbgmcu_1.o(i.DBGMCU_Config), (32 bytes).
    Removing stm32f10x_dbgmcu_1.o(i.DBGMCU_GetDEVID), (16 bytes).
    Removing stm32f10x_dbgmcu_1.o(i.DBGMCU_GetREVID), (12 bytes).
    Removing stm32f10x_dma_1.o(i.DMA_ClearFlag), (28 bytes).
    Removing stm32f10x_dma_1.o(i.DMA_ClearITPendingBit), (28 bytes).
    Removing stm32f10x_dma_1.o(i.DMA_GetFlagStatus), (44 bytes).
    Removing stm32f10x_dma_1.o(i.DMA_GetITStatus), (44 bytes).
    Removing stm32f10x_dma_1.o(i.DMA_ITConfig), (18 bytes).
    Removing stm32f10x_dma_1.o(i.DMA_SetCurrDataCounter), (4 bytes).
    Removing stm32f10x_dma_1.o(i.DMA_StructInit), (26 bytes).
    Removing stm32f10x_exti_1.o(i.EXTI_ClearFlag), (12 bytes).
    Removing stm32f10x_exti_1.o(i.EXTI_ClearITPendingBit), (12 bytes).
    Removing stm32f10x_exti_1.o(i.EXTI_DeInit), (36 bytes).
    Removing stm32f10x_exti_1.o(i.EXTI_GenerateSWInterrupt), (16 bytes).
    Removing stm32f10x_exti_1.o(i.EXTI_GetFlagStatus), (24 bytes).
    Removing stm32f10x_exti_1.o(i.EXTI_GetITStatus), (40 bytes).
    Removing stm32f10x_exti_1.o(i.EXTI_Init), (148 bytes).
    Removing stm32f10x_exti_1.o(i.EXTI_StructInit), (16 bytes).
    Removing stm32f10x_flash_1.o(i.FLASH_ClearFlag), (12 bytes).
    Removing stm32f10x_flash_1.o(i.FLASH_EnableWriteProtection), (196 bytes).
    Removing stm32f10x_flash_1.o(i.FLASH_EraseAllBank1Pages), (72 bytes).
    Removing stm32f10x_flash_1.o(i.FLASH_EraseAllPages), (72 bytes).
    Removing stm32f10x_flash_1.o(i.FLASH_EraseOptionBytes), (168 bytes).
    Removing stm32f10x_flash_1.o(i.FLASH_ErasePage), (76 bytes).
    Removing stm32f10x_flash_1.o(i.FLASH_GetBank1Status), (52 bytes).
    Removing stm32f10x_flash_1.o(i.FLASH_GetFlagStatus), (48 bytes).
    Removing stm32f10x_flash_1.o(i.FLASH_GetPrefetchBufferStatus), (24 bytes).
    Removing stm32f10x_flash_1.o(i.FLASH_GetReadOutProtectionStatus), (24 bytes).
    Removing stm32f10x_flash_1.o(i.FLASH_GetStatus), (52 bytes).
    Removing stm32f10x_flash_1.o(i.FLASH_GetUserOptionByte), (12 bytes).
    Removing stm32f10x_flash_1.o(i.FLASH_GetWriteProtectionOptionByte), (12 bytes).
    Removing stm32f10x_flash_1.o(i.FLASH_HalfCycleAccessCmd), (28 bytes).
    Removing stm32f10x_flash_1.o(i.FLASH_ITConfig), (32 bytes).
    Removing stm32f10x_flash_1.o(i.FLASH_Lock), (20 bytes).
    Removing stm32f10x_flash_1.o(i.FLASH_LockBank1), (20 bytes).
    Removing stm32f10x_flash_1.o(i.FLASH_PrefetchBufferCmd), (28 bytes).
    Removing stm32f10x_flash_1.o(i.FLASH_ProgramHalfWord), (64 bytes).
    Removing stm32f10x_flash_1.o(i.FLASH_ProgramOptionByteData), (84 bytes).
    Removing stm32f10x_flash_1.o(i.FLASH_ProgramWord), (108 bytes).
    Removing stm32f10x_flash_1.o(i.FLASH_ReadOutProtection), (172 bytes).
    Removing stm32f10x_flash_1.o(i.FLASH_SetLatency), (24 bytes).
    Removing stm32f10x_flash_1.o(i.FLASH_Unlock), (24 bytes).
    Removing stm32f10x_flash_1.o(i.FLASH_UnlockBank1), (24 bytes).
    Removing stm32f10x_flash_1.o(i.FLASH_UserOptionByteConfig), (104 bytes).
    Removing stm32f10x_flash_1.o(i.FLASH_WaitForLastBank1Operation), (38 bytes).
    Removing stm32f10x_flash_1.o(i.FLASH_WaitForLastOperation), (38 bytes).
    Removing stm32f10x_fsmc_1.o(i.FSMC_ClearFlag), (64 bytes).
    Removing stm32f10x_fsmc_1.o(i.FSMC_ClearITPendingBit), (72 bytes).
    Removing stm32f10x_fsmc_1.o(i.FSMC_GetECC), (28 bytes).
    Removing stm32f10x_fsmc_1.o(i.FSMC_GetFlagStatus), (56 bytes).
    Removing stm32f10x_fsmc_1.o(i.FSMC_GetITStatus), (68 bytes).
    Removing stm32f10x_fsmc_1.o(i.FSMC_ITConfig), (128 bytes).
    Removing stm32f10x_fsmc_1.o(i.FSMC_NANDCmd), (92 bytes).
    Removing stm32f10x_fsmc_1.o(i.FSMC_NANDDeInit), (68 bytes).
    Removing stm32f10x_fsmc_1.o(i.FSMC_NANDECCCmd), (92 bytes).
    Removing stm32f10x_fsmc_1.o(i.FSMC_NANDInit), (136 bytes).
    Removing stm32f10x_fsmc_1.o(i.FSMC_NANDStructInit), (54 bytes).
    Removing stm32f10x_fsmc_1.o(i.FSMC_NORSRAMCmd), (52 bytes).
    Removing stm32f10x_fsmc_1.o(i.FSMC_NORSRAMDeInit), (54 bytes).
    Removing stm32f10x_fsmc_1.o(i.FSMC_NORSRAMInit), (230 bytes).
    Removing stm32f10x_fsmc_1.o(i.FSMC_NORSRAMStructInit), (114 bytes).
    Removing stm32f10x_fsmc_1.o(i.FSMC_PCCARDCmd), (48 bytes).
    Removing stm32f10x_fsmc_1.o(i.FSMC_PCCARDDeInit), (40 bytes).
    Removing stm32f10x_fsmc_1.o(i.FSMC_PCCARDInit), (132 bytes).
    Removing stm32f10x_fsmc_1.o(i.FSMC_PCCARDStructInit), (60 bytes).
    Removing stm32f10x_gpio_1.o(i.GPIO_AFIODeInit), (20 bytes).
    Removing stm32f10x_gpio_1.o(i.GPIO_DeInit), (200 bytes).
    Removing stm32f10x_gpio_1.o(i.GPIO_ETH_MediaInterfaceConfig), (12 bytes).
    Removing stm32f10x_gpio_1.o(i.GPIO_EXTILineConfig), (64 bytes).
    Removing stm32f10x_gpio_1.o(i.GPIO_EventOutputCmd), (12 bytes).
    Removing stm32f10x_gpio_1.o(i.GPIO_EventOutputConfig), (32 bytes).
    Removing stm32f10x_gpio_1.o(i.GPIO_PinLockConfig), (18 bytes).
    Removing stm32f10x_gpio_1.o(i.GPIO_PinRemapConfig), (144 bytes).
    Removing stm32f10x_gpio_1.o(i.GPIO_ReadInputData), (8 bytes).
    Removing stm32f10x_gpio_1.o(i.GPIO_ReadInputDataBit), (18 bytes).
    Removing stm32f10x_gpio_1.o(i.GPIO_ReadOutputData), (8 bytes).
    Removing stm32f10x_gpio_1.o(i.GPIO_ReadOutputDataBit), (18 bytes).
    Removing stm32f10x_gpio_1.o(i.GPIO_ResetBits), (4 bytes).
    Removing stm32f10x_gpio_1.o(i.GPIO_SetBits), (4 bytes).
    Removing stm32f10x_gpio_1.o(i.GPIO_StructInit), (16 bytes).
    Removing stm32f10x_gpio_1.o(i.GPIO_Write), (4 bytes).
    Removing stm32f10x_gpio_1.o(i.GPIO_WriteBit), (10 bytes).
    Removing stm32f10x_i2c_1.o(i.I2C_ARPCmd), (24 bytes).
    Removing stm32f10x_i2c_1.o(i.I2C_AcknowledgeConfig), (24 bytes).
    Removing stm32f10x_i2c_1.o(i.I2C_CalculatePEC), (24 bytes).
    Removing stm32f10x_i2c_1.o(i.I2C_CheckEvent), (42 bytes).
    Removing stm32f10x_i2c_1.o(i.I2C_ClearFlag), (12 bytes).
    Removing stm32f10x_i2c_1.o(i.I2C_ClearITPendingBit), (12 bytes).
    Removing stm32f10x_i2c_1.o(i.I2C_Cmd), (24 bytes).
    Removing stm32f10x_i2c_1.o(i.I2C_DMACmd), (24 bytes).
    Removing stm32f10x_i2c_1.o(i.I2C_DMALastTransferCmd), (24 bytes).
    Removing stm32f10x_i2c_1.o(i.I2C_DeInit), (56 bytes).
    Removing stm32f10x_i2c_1.o(i.I2C_DualAddressCmd), (24 bytes).
    Removing stm32f10x_i2c_1.o(i.I2C_FastModeDutyCycleConfig), (28 bytes).
    Removing stm32f10x_i2c_1.o(i.I2C_GeneralCallCmd), (24 bytes).
    Removing stm32f10x_i2c_1.o(i.I2C_GenerateSTART), (24 bytes).
    Removing stm32f10x_i2c_1.o(i.I2C_GenerateSTOP), (24 bytes).
    Removing stm32f10x_i2c_1.o(i.I2C_GetFlagStatus), (58 bytes).
    Removing stm32f10x_i2c_1.o(i.I2C_GetITStatus), (38 bytes).
    Removing stm32f10x_i2c_1.o(i.I2C_GetLastEvent), (26 bytes).
    Removing stm32f10x_i2c_1.o(i.I2C_GetPEC), (8 bytes).
    Removing stm32f10x_i2c_1.o(i.I2C_ITConfig), (18 bytes).
    Removing stm32f10x_i2c_1.o(i.I2C_Init), (236 bytes).
    Removing stm32f10x_i2c_1.o(i.I2C_OwnAddress2Config), (22 bytes).
    Removing stm32f10x_i2c_1.o(i.I2C_PECPositionConfig), (28 bytes).
    Removing stm32f10x_i2c_1.o(i.I2C_ReadRegister), (22 bytes).
    Removing stm32f10x_i2c_1.o(i.I2C_ReceiveData), (8 bytes).
    Removing stm32f10x_i2c_1.o(i.I2C_SMBusAlertConfig), (28 bytes).
    Removing stm32f10x_i2c_1.o(i.I2C_Send7bitAddress), (18 bytes).
    Removing stm32f10x_i2c_1.o(i.I2C_SendData), (4 bytes).
    Removing stm32f10x_i2c_1.o(i.I2C_SoftwareResetCmd), (22 bytes).
    Removing stm32f10x_i2c_1.o(i.I2C_StretchClockCmd), (24 bytes).
    Removing stm32f10x_i2c_1.o(i.I2C_StructInit), (30 bytes).
    Removing stm32f10x_i2c_1.o(i.I2C_TransmitPEC), (24 bytes).
    Removing stm32f10x_iwdg_1.o(i.IWDG_Enable), (16 bytes).
    Removing stm32f10x_iwdg_1.o(i.IWDG_GetFlagStatus), (24 bytes).
    Removing stm32f10x_iwdg_1.o(i.IWDG_ReloadCounter), (16 bytes).
    Removing stm32f10x_iwdg_1.o(i.IWDG_SetPrescaler), (12 bytes).
    Removing stm32f10x_iwdg_1.o(i.IWDG_SetReload), (12 bytes).
    Removing stm32f10x_iwdg_1.o(i.IWDG_WriteAccessCmd), (12 bytes).
    Removing stm32f10x_pwr_1.o(i.PWR_BackupAccessCmd), (12 bytes).
    Removing stm32f10x_pwr_1.o(i.PWR_ClearFlag), (20 bytes).
    Removing stm32f10x_pwr_1.o(i.PWR_DeInit), (22 bytes).
    Removing stm32f10x_pwr_1.o(i.PWR_EnterSTANDBYMode), (52 bytes).
    Removing stm32f10x_pwr_1.o(i.PWR_EnterSTOPMode), (64 bytes).
    Removing stm32f10x_pwr_1.o(i.PWR_GetFlagStatus), (24 bytes).
    Removing stm32f10x_pwr_1.o(i.PWR_PVDCmd), (12 bytes).
    Removing stm32f10x_pwr_1.o(i.PWR_PVDLevelConfig), (24 bytes).
    Removing stm32f10x_pwr_1.o(i.PWR_WakeUpPinCmd), (12 bytes).
    Removing stm32f10x_rcc_1.o(i.RCC_ADCCLKConfig), (24 bytes).
    Removing stm32f10x_rcc_1.o(i.RCC_AdjustHSICalibrationValue), (24 bytes).
    Removing stm32f10x_rcc_1.o(i.RCC_BackupResetCmd), (12 bytes).
    Removing stm32f10x_rcc_1.o(i.RCC_ClearFlag), (20 bytes).
    Removing stm32f10x_rcc_1.o(i.RCC_ClearITPendingBit), (12 bytes).
    Removing stm32f10x_rcc_1.o(i.RCC_ClockSecuritySystemCmd), (12 bytes).
    Removing stm32f10x_rcc_1.o(i.RCC_DeInit), (76 bytes).
    Removing stm32f10x_rcc_1.o(i.RCC_GetFlagStatus), (60 bytes).
    Removing stm32f10x_rcc_1.o(i.RCC_GetITStatus), (24 bytes).
    Removing stm32f10x_rcc_1.o(i.RCC_GetSYSCLKSource), (16 bytes).
    Removing stm32f10x_rcc_1.o(i.RCC_HCLKConfig), (24 bytes).
    Removing stm32f10x_rcc_1.o(i.RCC_HSEConfig), (76 bytes).
    Removing stm32f10x_rcc_1.o(i.RCC_HSICmd), (12 bytes).
    Removing stm32f10x_rcc_1.o(i.RCC_ITConfig), (32 bytes).
    Removing stm32f10x_rcc_1.o(i.RCC_LSEConfig), (52 bytes).
    Removing stm32f10x_rcc_1.o(i.RCC_LSICmd), (12 bytes).
    Removing stm32f10x_rcc_1.o(i.RCC_MCOConfig), (12 bytes).
    Removing stm32f10x_rcc_1.o(i.RCC_PCLK1Config), (24 bytes).
    Removing stm32f10x_rcc_1.o(i.RCC_PCLK2Config), (24 bytes).
    Removing stm32f10x_rcc_1.o(i.RCC_PLLCmd), (12 bytes).
    Removing stm32f10x_rcc_1.o(i.RCC_PLLConfig), (28 bytes).
    Removing stm32f10x_rcc_1.o(i.RCC_RTCCLKCmd), (12 bytes).
    Removing stm32f10x_rcc_1.o(i.RCC_RTCCLKConfig), (16 bytes).
    Removing stm32f10x_rcc_1.o(i.RCC_SYSCLKConfig), (24 bytes).
    Removing stm32f10x_rcc_1.o(i.RCC_USBCLKConfig), (12 bytes).
    Removing stm32f10x_rcc_1.o(i.RCC_WaitForHSEStartUp), (56 bytes).
    Removing stm32f10x_rtc_1.o(i.RTC_ClearFlag), (16 bytes).
    Removing stm32f10x_rtc_1.o(i.RTC_ClearITPendingBit), (16 bytes).
    Removing stm32f10x_rtc_1.o(i.RTC_EnterConfigMode), (20 bytes).
    Removing stm32f10x_rtc_1.o(i.RTC_ExitConfigMode), (20 bytes).
    Removing stm32f10x_rtc_1.o(i.RTC_GetCounter), (20 bytes).
    Removing stm32f10x_rtc_1.o(i.RTC_GetDivider), (24 bytes).
    Removing stm32f10x_rtc_1.o(i.RTC_GetFlagStatus), (24 bytes).
    Removing stm32f10x_rtc_1.o(i.RTC_GetITStatus), (36 bytes).
    Removing stm32f10x_rtc_1.o(i.RTC_ITConfig), (32 bytes).
    Removing stm32f10x_rtc_1.o(i.RTC_SetAlarm), (28 bytes).
    Removing stm32f10x_rtc_1.o(i.RTC_SetCounter), (28 bytes).
    Removing stm32f10x_rtc_1.o(i.RTC_SetPrescaler), (32 bytes).
    Removing stm32f10x_rtc_1.o(i.RTC_WaitForLastTask), (20 bytes).
    Removing stm32f10x_rtc_1.o(i.RTC_WaitForSynchro), (36 bytes).
    Removing stm32f10x_sdio_1.o(i.SDIO_CEATAITCmd), (16 bytes).
    Removing stm32f10x_sdio_1.o(i.SDIO_ClearFlag), (12 bytes).
    Removing stm32f10x_sdio_1.o(i.SDIO_ClearITPendingBit), (12 bytes).
    Removing stm32f10x_sdio_1.o(i.SDIO_ClockCmd), (12 bytes).
    Removing stm32f10x_sdio_1.o(i.SDIO_CmdStructInit), (14 bytes).
    Removing stm32f10x_sdio_1.o(i.SDIO_CommandCompletionCmd), (12 bytes).
    Removing stm32f10x_sdio_1.o(i.SDIO_DMACmd), (12 bytes).
    Removing stm32f10x_sdio_1.o(i.SDIO_DataConfig), (48 bytes).
    Removing stm32f10x_sdio_1.o(i.SDIO_DataStructInit), (20 bytes).
    Removing stm32f10x_sdio_1.o(i.SDIO_DeInit), (36 bytes).
    Removing stm32f10x_sdio_1.o(i.SDIO_GetCommandResponse), (12 bytes).
    Removing stm32f10x_sdio_1.o(i.SDIO_GetDataCounter), (12 bytes).
    Removing stm32f10x_sdio_1.o(i.SDIO_GetFIFOCount), (12 bytes).
    Removing stm32f10x_sdio_1.o(i.SDIO_GetFlagStatus), (24 bytes).
    Removing stm32f10x_sdio_1.o(i.SDIO_GetITStatus), (24 bytes).
    Removing stm32f10x_sdio_1.o(i.SDIO_GetPowerState), (16 bytes).
    Removing stm32f10x_sdio_1.o(i.SDIO_GetResponse), (24 bytes).
    Removing stm32f10x_sdio_1.o(i.SDIO_ITConfig), (32 bytes).
    Removing stm32f10x_sdio_1.o(i.SDIO_Init), (48 bytes).
    Removing stm32f10x_sdio_1.o(i.SDIO_ReadData), (12 bytes).
    Removing stm32f10x_sdio_1.o(i.SDIO_SendCEATACmd), (12 bytes).
    Removing stm32f10x_sdio_1.o(i.SDIO_SendCommand), (44 bytes).
    Removing stm32f10x_sdio_1.o(i.SDIO_SendSDIOSuspendCmd), (12 bytes).
    Removing stm32f10x_sdio_1.o(i.SDIO_SetPowerState), (28 bytes).
    Removing stm32f10x_sdio_1.o(i.SDIO_SetSDIOOperation), (12 bytes).
    Removing stm32f10x_sdio_1.o(i.SDIO_SetSDIOReadWaitMode), (12 bytes).
    Removing stm32f10x_sdio_1.o(i.SDIO_StartSDIOReadWait), (12 bytes).
    Removing stm32f10x_sdio_1.o(i.SDIO_StopSDIOReadWait), (12 bytes).
    Removing stm32f10x_sdio_1.o(i.SDIO_StructInit), (16 bytes).
    Removing stm32f10x_sdio_1.o(i.SDIO_WriteData), (12 bytes).
    Removing stm32f10x_spi_1.o(i.I2S_Cmd), (24 bytes).
    Removing stm32f10x_spi_1.o(i.I2S_Init), (232 bytes).
    Removing stm32f10x_spi_1.o(i.I2S_StructInit), (20 bytes).
    Removing stm32f10x_spi_1.o(i.SPI_BiDirectionalLineConfig), (28 bytes).
    Removing stm32f10x_spi_1.o(i.SPI_CalculateCRC), (24 bytes).
    Removing stm32f10x_spi_1.o(i.SPI_Cmd), (24 bytes).
    Removing stm32f10x_spi_1.o(i.SPI_DataSizeConfig), (18 bytes).
    Removing stm32f10x_spi_1.o(i.SPI_GetCRC), (16 bytes).
    Removing stm32f10x_spi_1.o(i.SPI_GetCRCPolynomial), (6 bytes).
    Removing stm32f10x_spi_1.o(i.SPI_I2S_ClearFlag), (6 bytes).
    Removing stm32f10x_spi_1.o(i.SPI_I2S_ClearITPendingBit), (20 bytes).
    Removing stm32f10x_spi_1.o(i.SPI_I2S_DMACmd), (18 bytes).
    Removing stm32f10x_spi_1.o(i.SPI_I2S_DeInit), (88 bytes).
    Removing stm32f10x_spi_1.o(i.SPI_I2S_GetFlagStatus), (18 bytes).
    Removing stm32f10x_spi_1.o(i.SPI_I2S_GetITStatus), (52 bytes).
    Removing stm32f10x_spi_1.o(i.SPI_I2S_ITConfig), (32 bytes).
    Removing stm32f10x_spi_1.o(i.SPI_I2S_ReceiveData), (6 bytes).
    Removing stm32f10x_spi_1.o(i.SPI_I2S_SendData), (4 bytes).
    Removing stm32f10x_spi_1.o(i.SPI_Init), (60 bytes).
    Removing stm32f10x_spi_1.o(i.SPI_NSSInternalSoftwareConfig), (30 bytes).
    Removing stm32f10x_spi_1.o(i.SPI_SSOutputCmd), (24 bytes).
    Removing stm32f10x_spi_1.o(i.SPI_StructInit), (24 bytes).
    Removing stm32f10x_spi_1.o(i.SPI_TransmitCRC), (10 bytes).
    Removing stm32f10x_tim_1.o(i.TI1_Config), (128 bytes).
    Removing stm32f10x_tim_1.o(i.TI2_Config), (152 bytes).
    Removing stm32f10x_tim_1.o(i.TI3_Config), (144 bytes).
    Removing stm32f10x_tim_1.o(i.TI4_Config), (152 bytes).
    Removing stm32f10x_tim_1.o(i.TIM_ARRPreloadConfig), (24 bytes).
    Removing stm32f10x_tim_1.o(i.TIM_BDTRConfig), (32 bytes).
    Removing stm32f10x_tim_1.o(i.TIM_BDTRStructInit), (18 bytes).
    Removing stm32f10x_tim_1.o(i.TIM_CCPreloadControl), (24 bytes).
    Removing stm32f10x_tim_1.o(i.TIM_CCxCmd), (30 bytes).
    Removing stm32f10x_tim_1.o(i.TIM_CCxNCmd), (30 bytes).
    Removing stm32f10x_tim_1.o(i.TIM_ClearFlag), (6 bytes).
    Removing stm32f10x_tim_1.o(i.TIM_ClearITPendingBit), (6 bytes).
    Removing stm32f10x_tim_1.o(i.TIM_ClearOC1Ref), (18 bytes).
    Removing stm32f10x_tim_1.o(i.TIM_ClearOC2Ref), (24 bytes).
    Removing stm32f10x_tim_1.o(i.TIM_ClearOC3Ref), (18 bytes).
    Removing stm32f10x_tim_1.o(i.TIM_ClearOC4Ref), (24 bytes).
    Removing stm32f10x_tim_1.o(i.TIM_Cmd), (24 bytes).
    Removing stm32f10x_tim_1.o(i.TIM_CounterModeConfig), (18 bytes).
    Removing stm32f10x_tim_1.o(i.TIM_CtrlPWMOutputs), (30 bytes).
    Removing stm32f10x_tim_1.o(i.TIM_DMACmd), (18 bytes).
    Removing stm32f10x_tim_1.o(i.TIM_DMAConfig), (10 bytes).
    Removing stm32f10x_tim_1.o(i.TIM_DeInit), (488 bytes).
    Removing stm32f10x_tim_1.o(i.TIM_ETRClockMode1Config), (54 bytes).
    Removing stm32f10x_tim_1.o(i.TIM_ETRClockMode2Config), (32 bytes).
    Removing stm32f10x_tim_1.o(i.TIM_ETRConfig), (28 bytes).
    Removing stm32f10x_tim_1.o(i.TIM_EncoderInterfaceConfig), (66 bytes).
    Removing stm32f10x_tim_1.o(i.TIM_ForcedOC1Config), (18 bytes).
    Removing stm32f10x_tim_1.o(i.TIM_ForcedOC2Config), (26 bytes).
    Removing stm32f10x_tim_1.o(i.TIM_ForcedOC3Config), (18 bytes).
    Removing stm32f10x_tim_1.o(i.TIM_ForcedOC4Config), (26 bytes).
    Removing stm32f10x_tim_1.o(i.TIM_GenerateEvent), (4 bytes).
    Removing stm32f10x_tim_1.o(i.TIM_GetCapture1), (6 bytes).
    Removing stm32f10x_tim_1.o(i.TIM_GetCapture2), (6 bytes).
    Removing stm32f10x_tim_1.o(i.TIM_GetCapture3), (6 bytes).
    Removing stm32f10x_tim_1.o(i.TIM_GetCapture4), (8 bytes).
    Removing stm32f10x_tim_1.o(i.TIM_GetCounter), (6 bytes).
    Removing stm32f10x_tim_1.o(i.TIM_GetFlagStatus), (18 bytes).
    Removing stm32f10x_tim_1.o(i.TIM_GetITStatus), (34 bytes).
    Removing stm32f10x_tim_1.o(i.TIM_GetPrescaler), (6 bytes).
    Removing stm32f10x_tim_1.o(i.TIM_ICInit), (172 bytes).
    Removing stm32f10x_tim_1.o(i.TIM_ICStructInit), (18 bytes).
    Removing stm32f10x_tim_1.o(i.TIM_ITConfig), (18 bytes).
    Removing stm32f10x_tim_1.o(i.TIM_ITRxExternalClockConfig), (24 bytes).
    Removing stm32f10x_tim_1.o(i.TIM_InternalClockConfig), (12 bytes).
    Removing stm32f10x_tim_1.o(i.TIM_OC1FastConfig), (18 bytes).
    Removing stm32f10x_tim_1.o(i.TIM_OC1Init), (152 bytes).
    Removing stm32f10x_tim_1.o(i.TIM_OC1NPolarityConfig), (18 bytes).
    Removing stm32f10x_tim_1.o(i.TIM_OC1PolarityConfig), (18 bytes).
    Removing stm32f10x_tim_1.o(i.TIM_OC1PreloadConfig), (18 bytes).
    Removing stm32f10x_tim_1.o(i.TIM_OC2FastConfig), (26 bytes).
    Removing stm32f10x_tim_1.o(i.TIM_OC2Init), (164 bytes).
    Removing stm32f10x_tim_1.o(i.TIM_OC2NPolarityConfig), (26 bytes).
    Removing stm32f10x_tim_1.o(i.TIM_OC2PolarityConfig), (26 bytes).
    Removing stm32f10x_tim_1.o(i.TIM_OC2PreloadConfig), (26 bytes).
    Removing stm32f10x_tim_1.o(i.TIM_OC3FastConfig), (18 bytes).
    Removing stm32f10x_tim_1.o(i.TIM_OC3Init), (160 bytes).
    Removing stm32f10x_tim_1.o(i.TIM_OC3NPolarityConfig), (26 bytes).
    Removing stm32f10x_tim_1.o(i.TIM_OC3PolarityConfig), (26 bytes).
    Removing stm32f10x_tim_1.o(i.TIM_OC3PreloadConfig), (18 bytes).
    Removing stm32f10x_tim_1.o(i.TIM_OC4FastConfig), (26 bytes).
    Removing stm32f10x_tim_1.o(i.TIM_OC4Init), (124 bytes).
    Removing stm32f10x_tim_1.o(i.TIM_OC4PolarityConfig), (26 bytes).
    Removing stm32f10x_tim_1.o(i.TIM_OC4PreloadConfig), (26 bytes).
    Removing stm32f10x_tim_1.o(i.TIM_OCStructInit), (20 bytes).
    Removing stm32f10x_tim_1.o(i.TIM_PWMIConfig), (124 bytes).
    Removing stm32f10x_tim_1.o(i.TIM_PrescalerConfig), (6 bytes).
    Removing stm32f10x_tim_1.o(i.TIM_SelectCCDMA), (24 bytes).
    Removing stm32f10x_tim_1.o(i.TIM_SelectCOM), (24 bytes).
    Removing stm32f10x_tim_1.o(i.TIM_SelectHallSensor), (24 bytes).
    Removing stm32f10x_tim_1.o(i.TIM_SelectInputTrigger), (18 bytes).
    Removing stm32f10x_tim_1.o(i.TIM_SelectMasterSlaveMode), (18 bytes).
    Removing stm32f10x_tim_1.o(i.TIM_SelectOCxM), (82 bytes).
    Removing stm32f10x_tim_1.o(i.TIM_SelectOnePulseMode), (18 bytes).
    Removing stm32f10x_tim_1.o(i.TIM_SelectOutputTrigger), (18 bytes).
    Removing stm32f10x_tim_1.o(i.TIM_SelectSlaveMode), (18 bytes).
    Removing stm32f10x_tim_1.o(i.TIM_SetAutoreload), (4 bytes).
    Removing stm32f10x_tim_1.o(i.TIM_SetClockDivision), (18 bytes).
    Removing stm32f10x_tim_1.o(i.TIM_SetCompare1), (4 bytes).
    Removing stm32f10x_tim_1.o(i.TIM_SetCompare2), (4 bytes).
    Removing stm32f10x_tim_1.o(i.TIM_SetCompare3), (4 bytes).
    Removing stm32f10x_tim_1.o(i.TIM_SetCompare4), (6 bytes).
    Removing stm32f10x_tim_1.o(i.TIM_SetCounter), (4 bytes).
    Removing stm32f10x_tim_1.o(i.TIM_SetIC1Prescaler), (18 bytes).
    Removing stm32f10x_tim_1.o(i.TIM_SetIC2Prescaler), (26 bytes).
    Removing stm32f10x_tim_1.o(i.TIM_SetIC3Prescaler), (18 bytes).
    Removing stm32f10x_tim_1.o(i.TIM_SetIC4Prescaler), (26 bytes).
    Removing stm32f10x_tim_1.o(i.TIM_TIxExternalClockConfig), (62 bytes).
    Removing stm32f10x_tim_1.o(i.TIM_TimeBaseInit), (164 bytes).
    Removing stm32f10x_tim_1.o(i.TIM_TimeBaseStructInit), (18 bytes).
    Removing stm32f10x_tim_1.o(i.TIM_UpdateDisableConfig), (24 bytes).
    Removing stm32f10x_tim_1.o(i.TIM_UpdateRequestConfig), (24 bytes).
    Removing stm32f10x_usart_1.o(i.USART_ClearITPendingBit), (30 bytes).
    Removing stm32f10x_usart_1.o(i.USART_ClockInit), (34 bytes).
    Removing stm32f10x_usart_1.o(i.USART_ClockStructInit), (12 bytes).
    Removing stm32f10x_usart_1.o(i.USART_HalfDuplexCmd), (24 bytes).
    Removing stm32f10x_usart_1.o(i.USART_IrDACmd), (24 bytes).
    Removing stm32f10x_usart_1.o(i.USART_IrDAConfig), (18 bytes).
    Removing stm32f10x_usart_1.o(i.USART_LINBreakDetectLengthConfig), (18 bytes).
    Removing stm32f10x_usart_1.o(i.USART_LINCmd), (24 bytes).
    Removing stm32f10x_usart_1.o(i.USART_OneBitMethodCmd), (24 bytes).
    Removing stm32f10x_usart_1.o(i.USART_OverSampling8Cmd), (22 bytes).
    Removing stm32f10x_usart_1.o(i.USART_ReceiverWakeUpCmd), (24 bytes).
    Removing stm32f10x_usart_1.o(i.USART_SendBreak), (10 bytes).
    Removing stm32f10x_usart_1.o(i.USART_SetAddress), (18 bytes).
    Removing stm32f10x_usart_1.o(i.USART_SetGuardTime), (16 bytes).
    Removing stm32f10x_usart_1.o(i.USART_SetPrescaler), (16 bytes).
    Removing stm32f10x_usart_1.o(i.USART_SmartCardCmd), (24 bytes).
    Removing stm32f10x_usart_1.o(i.USART_SmartCardNACKCmd), (24 bytes).
    Removing stm32f10x_usart_1.o(i.USART_StructInit), (24 bytes).
    Removing stm32f10x_usart_1.o(i.USART_WakeUpConfig), (18 bytes).
    Removing stm32f10x_wwdg_1.o(i.WWDG_ClearFlag), (12 bytes).
    Removing stm32f10x_wwdg_1.o(i.WWDG_DeInit), (22 bytes).
    Removing stm32f10x_wwdg_1.o(i.WWDG_Enable), (16 bytes).
    Removing stm32f10x_wwdg_1.o(i.WWDG_EnableIT), (12 bytes).
    Removing stm32f10x_wwdg_1.o(i.WWDG_GetFlagStatus), (12 bytes).
    Removing stm32f10x_wwdg_1.o(i.WWDG_SetCounter), (16 bytes).
    Removing stm32f10x_wwdg_1.o(i.WWDG_SetPrescaler), (24 bytes).
    Removing stm32f10x_wwdg_1.o(i.WWDG_SetWindowValue), (40 bytes).
    Removing core_cm3.o(.emb_text), (32 bytes).
    Removing system_stm32f10x.o(i.SystemCoreClockUpdate), (164 bytes).
    Removing system_stm32f10x.o(.data), (20 bytes).
    Removing startup_stm32f10x_hd.o(HEAP), (512 bytes).
    Removing myusart.o(i._sys_exit), (6 bytes).
    Removing myusart.o(.bss), (16 bytes).
    Removing rt_task.o(i.rt_tsk_delete), (364 bytes).
    Removing rt_task.o(i.rt_tsk_pass), (48 bytes).
    Removing rt_task.o(i.rt_tsk_prio), (140 bytes).
    Removing rt_task.o(i.rt_tsk_self), (16 bytes).
    Removing rt_event.o(i.rt_evt_clr), (28 bytes).
    Removing rt_event.o(i.rt_evt_get), (12 bytes).
    Removing rt_event.o(i.rt_evt_set), (96 bytes).
    Removing rt_time.o(i.rt_itv_set), (24 bytes).
    Removing rt_time.o(i.rt_itv_wait), (40 bytes).
    Removing rt_time.o(i.rt_time_get), (12 bytes).
    Removing rt_system.o(.emb_text), (0 bytes).
    Removing rt_system.o(i.rt_resume), (176 bytes).
    Removing rt_system.o(i.rt_suspend), (44 bytes).
    Removing rt_system.o(i.rt_tsk_lock), (80 bytes).
    Removing rt_system.o(i.rt_tsk_unlock), (80 bytes).
    Removing rt_list.o(i.rt_get_same_rdy_prio), (36 bytes).
    Removing rt_list.o(i.rt_resort_prio), (52 bytes).
    Removing rt_list.o(i.rt_rmv_list), (48 bytes).
    Removing rt_membox.o(i._calloc_box), (30 bytes).
    Removing rt_mailbox.o(i.isr_mbx_receive), (86 bytes).
    Removing rt_mailbox.o(i.isr_mbx_send), (14 bytes).
    Removing rt_mailbox.o(i.rt_mbx_check), (8 bytes).
    Removing rt_mailbox.o(i.rt_mbx_init), (24 bytes).
    Removing rt_mailbox.o(i.rt_mbx_send), (164 bytes).
    Removing rt_mailbox.o(i.rt_mbx_wait), (188 bytes).
    Removing rt_semaphore.o(i.isr_sem_send), (16 bytes).
    Removing rt_semaphore.o(i.rt_sem_init), (12 bytes).
    Removing rt_semaphore.o(i.rt_sem_send), (56 bytes).
    Removing rt_semaphore.o(i.rt_sem_wait), (64 bytes).
    Removing rt_timer.o(i.rt_tmr_create), (80 bytes).
    Removing rt_timer.o(i.rt_tmr_kill), (52 bytes).
    Removing dadd.o(.text), (334 bytes).
    Removing dmul.o(.text), (228 bytes).
    Removing ddiv.o(.text), (222 bytes).
    Removing dfixul.o(.text), (48 bytes).
    Removing cdrcmple.o(.text), (48 bytes).
    Removing depilogue.o(.text), (186 bytes).

487 unused section(s) (total 20914 bytes) removed from the image.

==============================================================================

Image Symbol Table

    Local Symbols

    Symbol Name                              Value     Ov Type        Size  Object(Section)

    ../clib/microlib/division.c              0x00000000   Number         0  uldiv.o ABSOLUTE
    ../clib/microlib/division.c              0x00000000   Number         0  uidiv.o ABSOLUTE
    ../clib/microlib/init/entry.s            0x00000000   Number         0  entry.o ABSOLUTE
    ../clib/microlib/init/entry.s            0x00000000   Number         0  entry9b.o ABSOLUTE
    ../clib/microlib/init/entry.s            0x00000000   Number         0  entry10a.o ABSOLUTE
    ../clib/microlib/init/entry.s            0x00000000   Number         0  entry10b.o ABSOLUTE
    ../clib/microlib/init/entry.s            0x00000000   Number         0  entry2.o ABSOLUTE
    ../clib/microlib/init/entry.s            0x00000000   Number         0  entry7b.o ABSOLUTE
    ../clib/microlib/init/entry.s            0x00000000   Number         0  entry7a.o ABSOLUTE
    ../clib/microlib/init/entry.s            0x00000000   Number         0  entry11a.o ABSOLUTE
    ../clib/microlib/init/entry.s            0x00000000   Number         0  entry5.o ABSOLUTE
    ../clib/microlib/init/entry.s            0x00000000   Number         0  entry11b.o ABSOLUTE
    ../clib/microlib/init/entry.s            0x00000000   Number         0  entry8a.o ABSOLUTE
    ../clib/microlib/init/entry.s            0x00000000   Number         0  entry8b.o ABSOLUTE
    ../clib/microlib/init/entry.s            0x00000000   Number         0  entry9a.o ABSOLUTE
    ../clib/microlib/longlong.c              0x00000000   Number         0  llushr.o ABSOLUTE
    ../clib/microlib/longlong.c              0x00000000   Number         0  llshl.o ABSOLUTE
    ../clib/microlib/longlong.c              0x00000000   Number         0  llsshr.o ABSOLUTE
    ../clib/microlib/printf/printf.c         0x00000000   Number         0  printfb.o ABSOLUTE
    ../clib/microlib/printf/printf.c         0x00000000   Number         0  printf1.o ABSOLUTE
    ../clib/microlib/printf/printf.c         0x00000000   Number         0  printf2.o ABSOLUTE
    ../clib/microlib/printf/printf.c         0x00000000   Number         0  printf3.o ABSOLUTE
    ../clib/microlib/printf/printf.c         0x00000000   Number         0  printf4.o ABSOLUTE
    ../clib/microlib/printf/printf.c         0x00000000   Number         0  printf5.o ABSOLUTE
    ../clib/microlib/printf/printf.c         0x00000000   Number         0  printf6.o ABSOLUTE
    ../clib/microlib/printf/printf.c         0x00000000   Number         0  printf0.o ABSOLUTE
    ../clib/microlib/printf/printf.c         0x00000000   Number         0  printf8.o ABSOLUTE
    ../clib/microlib/printf/printf.c         0x00000000   Number         0  printfa.o ABSOLUTE
    ../clib/microlib/printf/printf.c         0x00000000   Number         0  printf7.o ABSOLUTE
    ../clib/microlib/printf/stubs.s          0x00000000   Number         0  stubs.o ABSOLUTE
    ../clib/microlib/stubs.s                 0x00000000   Number         0  useno.o ABSOLUTE
    ../clib/microlib/stubs.s                 0x00000000   Number         0  iusefp.o ABSOLUTE
    ../fplib/microlib/fpadd.c                0x00000000   Number         0  dadd.o ABSOLUTE
    ../fplib/microlib/fpdiv.c                0x00000000   Number         0  ddiv.o ABSOLUTE
    ../fplib/microlib/fpepilogue.c           0x00000000   Number         0  depilogue.o ABSOLUTE
    ../fplib/microlib/fpfix.c                0x00000000   Number         0  dfixul.o ABSOLUTE
    ../fplib/microlib/fpmul.c                0x00000000   Number         0  dmul.o ABSOLUTE
    ..\Libraries\CMSIS\CM3\CoreSupport\core_cm3.c 0x00000000   Number         0  core_cm3.o ABSOLUTE
    ..\Libraries\CMSIS\CM3\DeviceSupport\ST\STM32F10x\startup\arm\startup_stm32f10x_hd.s 0x00000000   Number         0  startup_stm32f10x_hd.o ABSOLUTE
    ..\Libraries\STM32F10x_StdPeriph_Driver\src\misc.c 0x00000000   Number         0  misc_1.o ABSOLUTE
    ..\Libraries\STM32F10x_StdPeriph_Driver\src\stm32f10x_adc.c 0x00000000   Number         0  stm32f10x_adc_1.o ABSOLUTE
    ..\Libraries\STM32F10x_StdPeriph_Driver\src\stm32f10x_bkp.c 0x00000000   Number         0  stm32f10x_bkp_1.o ABSOLUTE
    ..\Libraries\STM32F10x_StdPeriph_Driver\src\stm32f10x_can.c 0x00000000   Number         0  stm32f10x_can_1.o ABSOLUTE
    ..\Libraries\STM32F10x_StdPeriph_Driver\src\stm32f10x_cec.c 0x00000000   Number         0  stm32f10x_cec_1.o ABSOLUTE
    ..\Libraries\STM32F10x_StdPeriph_Driver\src\stm32f10x_crc.c 0x00000000   Number         0  stm32f10x_crc_1.o ABSOLUTE
    ..\Libraries\STM32F10x_StdPeriph_Driver\src\stm32f10x_dac.c 0x00000000   Number         0  stm32f10x_dac_1.o ABSOLUTE
    ..\Libraries\STM32F10x_StdPeriph_Driver\src\stm32f10x_dbgmcu.c 0x00000000   Number         0  stm32f10x_dbgmcu_1.o ABSOLUTE
    ..\Libraries\STM32F10x_StdPeriph_Driver\src\stm32f10x_dma.c 0x00000000   Number         0  stm32f10x_dma_1.o ABSOLUTE
    ..\Libraries\STM32F10x_StdPeriph_Driver\src\stm32f10x_exti.c 0x00000000   Number         0  stm32f10x_exti_1.o ABSOLUTE
    ..\Libraries\STM32F10x_StdPeriph_Driver\src\stm32f10x_flash.c 0x00000000   Number         0  stm32f10x_flash_1.o ABSOLUTE
    ..\Libraries\STM32F10x_StdPeriph_Driver\src\stm32f10x_fsmc.c 0x00000000   Number         0  stm32f10x_fsmc_1.o ABSOLUTE
    ..\Libraries\STM32F10x_StdPeriph_Driver\src\stm32f10x_gpio.c 0x00000000   Number         0  stm32f10x_gpio_1.o ABSOLUTE
    ..\Libraries\STM32F10x_StdPeriph_Driver\src\stm32f10x_i2c.c 0x00000000   Number         0  stm32f10x_i2c_1.o ABSOLUTE
    ..\Libraries\STM32F10x_StdPeriph_Driver\src\stm32f10x_iwdg.c 0x00000000   Number         0  stm32f10x_iwdg_1.o ABSOLUTE
    ..\Libraries\STM32F10x_StdPeriph_Driver\src\stm32f10x_pwr.c 0x00000000   Number         0  stm32f10x_pwr_1.o ABSOLUTE
    ..\Libraries\STM32F10x_StdPeriph_Driver\src\stm32f10x_rcc.c 0x00000000   Number         0  stm32f10x_rcc_1.o ABSOLUTE
    ..\Libraries\STM32F10x_StdPeriph_Driver\src\stm32f10x_rtc.c 0x00000000   Number         0  stm32f10x_rtc_1.o ABSOLUTE
    ..\Libraries\STM32F10x_StdPeriph_Driver\src\stm32f10x_sdio.c 0x00000000   Number         0  stm32f10x_sdio_1.o ABSOLUTE
    ..\Libraries\STM32F10x_StdPeriph_Driver\src\stm32f10x_spi.c 0x00000000   Number         0  stm32f10x_spi_1.o ABSOLUTE
    ..\Libraries\STM32F10x_StdPeriph_Driver\src\stm32f10x_tim.c 0x00000000   Number         0  stm32f10x_tim_1.o ABSOLUTE
    ..\Libraries\STM32F10x_StdPeriph_Driver\src\stm32f10x_usart.c 0x00000000   Number         0  stm32f10x_usart_1.o ABSOLUTE
    ..\Libraries\STM32F10x_StdPeriph_Driver\src\stm32f10x_wwdg.c 0x00000000   Number         0  stm32f10x_wwdg_1.o ABSOLUTE
    ..\\Libraries\\CMSIS\\CM3\\CoreSupport\\core_cm3.c 0x00000000   Number         0  core_cm3.o ABSOLUTE
    ..\bsp\myusart.c                         0x00000000   Number         0  myusart.o ABSOLUTE
    ..\user\RTX_Conf_CM.c                    0x00000000   Number         0  rtx_conf_cm.o ABSOLUTE
    ..\user\main.c                           0x00000000   Number         0  main.o ABSOLUTE
    ..\user\stm32f10x_it.c                   0x00000000   Number         0  stm32f10x_it.o ABSOLUTE
    ..\user\system_stm32f10x.c               0x00000000   Number         0  system_stm32f10x.o ABSOLUTE
    SRC\CM\HAL_CM3.c                         0x00000000   Number         0  hal_cm3.o ABSOLUTE
    SRC\CM\SVC_Table.s                       0x00000000   Number         0  svc_table.o ABSOLUTE
    SRC\CM\rt_Event.c                        0x00000000   Number         0  rt_event.o ABSOLUTE
    SRC\CM\rt_List.c                         0x00000000   Number         0  rt_list.o ABSOLUTE
    SRC\CM\rt_Mailbox.c                      0x00000000   Number         0  rt_mailbox.o ABSOLUTE
    SRC\CM\rt_MemBox.c                       0x00000000   Number         0  rt_membox.o ABSOLUTE
    SRC\CM\rt_Robin.c                        0x00000000   Number         0  rt_robin.o ABSOLUTE
    SRC\CM\rt_Semaphore.c                    0x00000000   Number         0  rt_semaphore.o ABSOLUTE
    SRC\CM\rt_System.c                       0x00000000   Number         0  rt_system.o ABSOLUTE
    SRC\CM\rt_Task.c                         0x00000000   Number         0  rt_task.o ABSOLUTE
    SRC\CM\rt_Time.c                         0x00000000   Number         0  rt_time.o ABSOLUTE
    SRC\CM\rt_Timer.c                        0x00000000   Number         0  rt_timer.o ABSOLUTE
    SRC\\CM\\HAL_CM3.c                       0x00000000   Number         0  hal_cm3.o ABSOLUTE
    SRC\\CM\\rt_System.c                     0x00000000   Number         0  rt_system.o ABSOLUTE
    cdrcmple.s                               0x00000000   Number         0  cdrcmple.o ABSOLUTE
    dc.s                                     0x00000000   Number         0  dc.o ABSOLUTE
    handlers.s                               0x00000000   Number         0  handlers.o ABSOLUTE
    init.s                                   0x00000000   Number         0  init.o ABSOLUTE
    RESET                                    0x08000000   Section      304  startup_stm32f10x_hd.o(RESET)
    .ARM.Collect$$$$00000000                 0x08000130   Section        0  entry.o(.ARM.Collect$$$$00000000)
    .ARM.Collect$$$$00000001                 0x08000130   Section        4  entry2.o(.ARM.Collect$$$$00000001)
    .ARM.Collect$$$$00000004                 0x08000134   Section        4  entry5.o(.ARM.Collect$$$$00000004)
    .ARM.Collect$$$$00000008                 0x08000138   Section        0  entry7b.o(.ARM.Collect$$$$00000008)
    .ARM.Collect$$$$0000000A                 0x08000138   Section        0  entry8b.o(.ARM.Collect$$$$0000000A)
    .ARM.Collect$$$$0000000B                 0x08000138   Section        8  entry9a.o(.ARM.Collect$$$$0000000B)
    .ARM.Collect$$$$0000000D                 0x08000140   Section        0  entry10a.o(.ARM.Collect$$$$0000000D)
    .ARM.Collect$$$$0000000F                 0x08000140   Section        0  entry11a.o(.ARM.Collect$$$$0000000F)
    .ARM.Collect$$$$00002712                 0x08000140   Section        4  entry2.o(.ARM.Collect$$$$00002712)
    __lit__00000000                          0x08000140   Data           4  entry2.o(.ARM.Collect$$$$00002712)
    .emb_text                                0x08000144   Section      340  hal_cm3.o(.emb_text)
    .text                                    0x08000298   Section       36  startup_stm32f10x_hd.o(.text)
    .text                                    0x080002bc   Section       36  init.o(.text)
    SVC_TABLE                                0x080002e0   Section        4  svc_table.o(SVC_TABLE)
    i.AppTaskLED                             0x080002e4   Section        0  main.o(i.AppTaskLED)
    i.AppTaskStart                           0x08000314   Section        0  main.o(i.AppTaskStart)
    i.AppTaskUart1                           0x0800036c   Section        0  main.o(i.AppTaskUart1)
    i.BusFault_Handler                       0x080003bc   Section        0  stm32f10x_it.o(i.BusFault_Handler)
    i.DMA_Cmd                                0x080003c0   Section        0  stm32f10x_dma_1.o(i.DMA_Cmd)
    i.DMA_DeInit                             0x080003d8   Section        0  stm32f10x_dma_1.o(i.DMA_DeInit)
    i.DMA_GetCurrDataCounter                 0x08000524   Section        0  stm32f10x_dma_1.o(i.DMA_GetCurrDataCounter)
    i.DMA_Init                               0x0800052c   Section        0  stm32f10x_dma_1.o(i.DMA_Init)
    i.DebugMon_Handler                       0x08000568   Section        0  stm32f10x_it.o(i.DebugMon_Handler)
    i.GPIO_Configuration                     0x0800056c   Section        0  main.o(i.GPIO_Configuration)
    i.GPIO_Init                              0x08000598   Section        0  stm32f10x_gpio_1.o(i.GPIO_Init)
    i.HardFault_Handler                      0x080006ae   Section        0  stm32f10x_it.o(i.HardFault_Handler)
    i.MYDMA_Config                           0x080006b2   Section        0  myusart.o(i.MYDMA_Config)
    i.MemManage_Handler                      0x08000702   Section        0  stm32f10x_it.o(i.MemManage_Handler)
    i.NMI_Handler                            0x08000706   Section        0  stm32f10x_it.o(i.NMI_Handler)
    i.NVIC_Init                              0x08000708   Section        0  misc_1.o(i.NVIC_Init)
    i.NVIC_PriorityGroupConfig               0x08000778   Section        0  misc_1.o(i.NVIC_PriorityGroupConfig)
    i.RCC_AHBPeriphClockCmd                  0x0800078c   Section        0  stm32f10x_rcc_1.o(i.RCC_AHBPeriphClockCmd)
    i.RCC_APB1PeriphClockCmd                 0x080007ac   Section        0  stm32f10x_rcc_1.o(i.RCC_APB1PeriphClockCmd)
    i.RCC_APB1PeriphResetCmd                 0x080007cc   Section        0  stm32f10x_rcc_1.o(i.RCC_APB1PeriphResetCmd)
    i.RCC_APB2PeriphClockCmd                 0x080007ec   Section        0  stm32f10x_rcc_1.o(i.RCC_APB2PeriphClockCmd)
    i.RCC_APB2PeriphResetCmd                 0x0800080c   Section        0  stm32f10x_rcc_1.o(i.RCC_APB2PeriphResetCmd)
    i.RCC_GetClocksFreq                      0x0800082c   Section        0  stm32f10x_rcc_1.o(i.RCC_GetClocksFreq)
    i.SetSysClock                            0x08000900   Section        0  system_stm32f10x.o(i.SetSysClock)
    SetSysClock                              0x08000901   Thumb Code     8  system_stm32f10x.o(i.SetSysClock)
    i.SetSysClockTo72                        0x08000908   Section        0  system_stm32f10x.o(i.SetSysClockTo72)
    SetSysClockTo72                          0x08000909   Thumb Code   214  system_stm32f10x.o(i.SetSysClockTo72)
    i.SystemInit                             0x080009e8   Section        0  system_stm32f10x.o(i.SystemInit)
    i.USART2_IRQHandler                      0x08000a48   Section        0  myusart.o(i.USART2_IRQHandler)
    i.USART_ClearFlag                        0x08000aa4   Section        0  stm32f10x_usart_1.o(i.USART_ClearFlag)
    i.USART_Cmd                              0x08000ab6   Section        0  stm32f10x_usart_1.o(i.USART_Cmd)
    i.USART_DMACmd                           0x08000ace   Section        0  stm32f10x_usart_1.o(i.USART_DMACmd)
    i.USART_DeInit                           0x08000ae0   Section        0  stm32f10x_usart_1.o(i.USART_DeInit)
    i.USART_GetFlagStatus                    0x08000b7c   Section        0  stm32f10x_usart_1.o(i.USART_GetFlagStatus)
    i.USART_GetITStatus                      0x08000b96   Section        0  stm32f10x_usart_1.o(i.USART_GetITStatus)
    i.USART_ITConfig                         0x08000bea   Section        0  stm32f10x_usart_1.o(i.USART_ITConfig)
    i.USART_Init                             0x08000c34   Section        0  stm32f10x_usart_1.o(i.USART_Init)
    i.USART_ReceiveData                      0x08000d0c   Section        0  stm32f10x_usart_1.o(i.USART_ReceiveData)
    i.USART_SendData                         0x08000d16   Section        0  stm32f10x_usart_1.o(i.USART_SendData)
    i.UsageFault_Handler                     0x08000d1e   Section        0  stm32f10x_it.o(i.UsageFault_Handler)
    i.__0printf$2                            0x08000d24   Section        0  printf2.o(i.__0printf$2)
    i.__scatterload_copy                     0x08000d44   Section       14  handlers.o(i.__scatterload_copy)
    i.__scatterload_null                     0x08000d52   Section        2  handlers.o(i.__scatterload_null)
    i.__scatterload_zeroinit                 0x08000d54   Section       14  handlers.o(i.__scatterload_zeroinit)
    i._init_box                              0x08000d62   Section        0  rt_membox.o(i._init_box)
    i._printf_core                           0x08000da8   Section        0  printf2.o(i._printf_core)
    _printf_core                             0x08000da9   Thumb Code   214  printf2.o(i._printf_core)
    i.dbg_init                               0x08000e80   Section        0  hal_cm3.o(i.dbg_init)
    i.dbg_task_notify                        0x08000eb0   Section        0  hal_cm3.o(i.dbg_task_notify)
    i.dbg_task_switch                        0x08000ed0   Section        0  hal_cm3.o(i.dbg_task_switch)
    i.fputc                                  0x08000ee0   Section        0  myusart.o(i.fputc)
    i.isr_evt_set                            0x08000f04   Section        0  rt_event.o(i.isr_evt_set)
    i.main                                   0x08000f2c   Section        0  main.o(i.main)
    i.os_error                               0x08000f7c   Section        0  rtx_conf_cm.o(i.os_error)
    i.os_idle_demon                          0x08000f80   Section        0  rtx_conf_cm.o(i.os_idle_demon)
    i.os_tick_init                           0x08000f84   Section        0  rt_system.o(i.os_tick_init)
    i.os_tick_irqack                         0x08000fac   Section        0  rt_system.o(i.os_tick_irqack)
    i.os_tmr_call                            0x08000fae   Section        0  rtx_conf_cm.o(i.os_tmr_call)
    i.rt_alloc_box                           0x08000fb0   Section        0  rt_membox.o(i.rt_alloc_box)
    i.rt_block                               0x08000fcc   Section        0  rt_task.o(i.rt_block)
    i.rt_chk_robin                           0x08001004   Section        0  rt_robin.o(i.rt_chk_robin)
    i.rt_dec_dly                             0x0800104c   Section        0  rt_list.o(i.rt_dec_dly)
    i.rt_dispatch                            0x080010c0   Section        0  rt_task.o(i.rt_dispatch)
    i.rt_dly_wait                            0x08001104   Section        0  rt_time.o(i.rt_dly_wait)
    i.rt_evt_psh                             0x0800110c   Section        0  rt_event.o(i.rt_evt_psh)
    i.rt_evt_wait                            0x08001158   Section        0  rt_event.o(i.rt_evt_wait)
    i.rt_free_box                            0x08001194   Section        0  rt_membox.o(i.rt_free_box)
    i.rt_get_first                           0x080011b4   Section        0  rt_list.o(i.rt_get_first)
    i.rt_init_context                        0x080011dc   Section        0  rt_task.o(i.rt_init_context)
    rt_init_context                          0x080011dd   Thumb Code    70  rt_task.o(i.rt_init_context)
    i.rt_init_robin                          0x08001228   Section        0  rt_robin.o(i.rt_init_robin)
    i.rt_init_stack                          0x08001240   Section        0  hal_cm3.o(i.rt_init_stack)
    i.rt_mbx_psh                             0x08001290   Section        0  rt_mailbox.o(i.rt_mbx_psh)
    i.rt_pop_req                             0x08001364   Section        0  rt_system.o(i.rt_pop_req)
    i.rt_psh_req                             0x080013e0   Section        0  rt_system.o(i.rt_psh_req)
    i.rt_psq_enq                             0x08001400   Section        0  rt_list.o(i.rt_psq_enq)
    i.rt_put_dly                             0x0800145c   Section        0  rt_list.o(i.rt_put_dly)
    i.rt_put_prio                            0x080014a4   Section        0  rt_list.o(i.rt_put_prio)
    i.rt_put_rdy_first                       0x080014dc   Section        0  rt_list.o(i.rt_put_rdy_first)
    i.rt_rmv_dly                             0x080014f0   Section        0  rt_list.o(i.rt_rmv_dly)
    i.rt_sem_psh                             0x08001518   Section        0  rt_semaphore.o(i.rt_sem_psh)
    i.rt_stk_check                           0x0800154c   Section        0  rt_system.o(i.rt_stk_check)
    i.rt_switch_req                          0x08001570   Section        0  rt_task.o(i.rt_switch_req)
    i.rt_sys_init                            0x08001598   Section        0  rt_task.o(i.rt_sys_init)
    i.rt_systick                             0x080016ec   Section        0  rt_system.o(i.rt_systick)
    i.rt_tmr_tick                            0x0800172c   Section        0  rt_timer.o(i.rt_tmr_tick)
    i.rt_tsk_create                          0x0800176c   Section        0  rt_task.o(i.rt_tsk_create)
    i.uart_init                              0x080017fc   Section        0  myusart.o(i.uart_init)
    .constdata                               0x080018b4   Section       40  rtx_conf_cm.o(.constdata)
    __tagsym$$used                           0x080018c8   Number         0  rtx_conf_cm.o(.constdata)
    __tagsym$$used                           0x080018cc   Number         0  rtx_conf_cm.o(.constdata)
    .constdata                               0x080018dc   Section        4  rt_system.o(.constdata)
    __tagsym$$used                           0x080018dc   Number         0  rt_system.o(.constdata)
    .data                                    0x20000000   Section        8  main.o(.data)
    .data                                    0x20000008   Section        4  rtx_conf_cm.o(.data)
    .data                                    0x2000000c   Section       20  stm32f10x_rcc_1.o(.data)
    APBAHBPrescTable                         0x2000000c   Data          16  stm32f10x_rcc_1.o(.data)
    ADCPrescTable                            0x2000001c   Data           4  stm32f10x_rcc_1.o(.data)
    .data                                    0x20000020   Section        8  myusart.o(.data)
    .data                                    0x20000028   Section        8  rt_task.o(.data)
    .data                                    0x20000030   Section        4  rt_time.o(.data)
    .data                                    0x20000034   Section        1  hal_cm3.o(.data)
    .data                                    0x20000038   Section        8  rt_system.o(.data)
    os_lock                                  0x20000038   Data           1  rt_system.o(.data)
    os_psh_flag                              0x20000039   Data           1  rt_system.o(.data)
    pend_flags                               0x2000003a   Data           1  rt_system.o(.data)
    .data                                    0x20000040   Section        8  rt_robin.o(.data)
    .data                                    0x20000048   Section        8  rt_timer.o(.data)
    .bss                                     0x20000050   Section     2560  main.o(.bss)
    AppTaskStartStk                          0x20000050   Data         512  main.o(.bss)
    AppTaskLEDStk                            0x20000250   Data         512  main.o(.bss)
    AppTaskUart1Stk                          0x20000450   Data         512  main.o(.bss)
    .bss                                     0x20000a50   Section     2572  rtx_conf_cm.o(.bss)
    .bss                                     0x2000145c   Section       56  rt_task.o(.bss)
    .bss                                     0x20001494   Section       48  rt_list.o(.bss)
    STACK                                    0x200014c8   Section     1024  startup_stm32f10x_hd.o(STACK)

    Global Symbols

    Symbol Name                              Value     Ov Type        Size  Object(Section)

    BuildAttributes$$THM_ISAv4$P$D$K$B$S$PE$A:L22UL41UL21$X:L11$S22US41US21$IEEE1$IW$USESV6$~STKCKD$USESV7$~SHL$OSPACE$ROPI$EBA8$MICROLIB$REQ8$PRES8$EABIv2 0x00000000   Number         0  anon$$obj.o ABSOLUTE
    __ARM_use_no_argv                        0x00000000   Number         0  main.o ABSOLUTE
    __use_no_errno                           0x00000000   Number         0  useno.o ABSOLUTE
    __use_no_exception_handling              0x00000000   Number         0  useno.o ABSOLUTE
    __use_no_fp                              0x00000000   Number         0  useno.o ABSOLUTE
    __use_no_heap                            0x00000000   Number         0  useno.o ABSOLUTE
    __use_no_heap_region                     0x00000000   Number         0  useno.o ABSOLUTE
    __use_no_semihosting                     0x00000000   Number         0  useno.o ABSOLUTE
    __use_no_semihosting_swi                 0x00000000   Number         0  useno.o ABSOLUTE
    __use_no_signal_handling                 0x00000000   Number         0  useno.o ABSOLUTE
    _printf_a                                0x00000000   Number         0  stubs.o ABSOLUTE
    _printf_c                                0x00000000   Number         0  stubs.o ABSOLUTE
    _printf_charcount                        0x00000000   Number         0  stubs.o ABSOLUTE
    _printf_d                                0x00000000   Number         0  stubs.o ABSOLUTE
    _printf_e                                0x00000000   Number         0  stubs.o ABSOLUTE
    _printf_f                                0x00000000   Number         0  stubs.o ABSOLUTE
    _printf_flags                            0x00000000   Number         0  stubs.o ABSOLUTE
    _printf_fp_dec                           0x00000000   Number         0  stubs.o ABSOLUTE
    _printf_fp_hex                           0x00000000   Number         0  stubs.o ABSOLUTE
    _printf_g                                0x00000000   Number         0  stubs.o ABSOLUTE
    _printf_i                                0x00000000   Number         0  stubs.o ABSOLUTE
    _printf_int_dec                          0x00000000   Number         0  stubs.o ABSOLUTE
    _printf_l                                0x00000000   Number         0  stubs.o ABSOLUTE
    _printf_lc                               0x00000000   Number         0  stubs.o ABSOLUTE
    _printf_ll                               0x00000000   Number         0  stubs.o ABSOLUTE
    _printf_lld                              0x00000000   Number         0  stubs.o ABSOLUTE
    _printf_lli                              0x00000000   Number         0  stubs.o ABSOLUTE
    _printf_llo                              0x00000000   Number         0  stubs.o ABSOLUTE
    _printf_llu                              0x00000000   Number         0  stubs.o ABSOLUTE
    _printf_llx                              0x00000000   Number         0  stubs.o ABSOLUTE
    _printf_longlong_dec                     0x00000000   Number         0  stubs.o ABSOLUTE
    _printf_longlong_hex                     0x00000000   Number         0  stubs.o ABSOLUTE
    _printf_longlong_oct                     0x00000000   Number         0  stubs.o ABSOLUTE
    _printf_ls                               0x00000000   Number         0  stubs.o ABSOLUTE
    _printf_mbtowc                           0x00000000   Number         0  stubs.o ABSOLUTE
    _printf_n                                0x00000000   Number         0  stubs.o ABSOLUTE
    _printf_o                                0x00000000   Number         0  stubs.o ABSOLUTE
    _printf_p                                0x00000000   Number         0  stubs.o ABSOLUTE
    _printf_percent                          0x00000000   Number         0  stubs.o ABSOLUTE
    _printf_pre_padding                      0x00000000   Number         0  stubs.o ABSOLUTE
    _printf_return_value                     0x00000000   Number         0  stubs.o ABSOLUTE
    _printf_s                                0x00000000   Number         0  stubs.o ABSOLUTE
    _printf_sizespec                         0x00000000   Number         0  stubs.o ABSOLUTE
    _printf_str                              0x00000000   Number         0  stubs.o ABSOLUTE
    _printf_truncate_signed                  0x00000000   Number         0  stubs.o ABSOLUTE
    _printf_truncate_unsigned                0x00000000   Number         0  stubs.o ABSOLUTE
    _printf_u                                0x00000000   Number         0  stubs.o ABSOLUTE
    _printf_wc                               0x00000000   Number         0  stubs.o ABSOLUTE
    _printf_wctomb                           0x00000000   Number         0  stubs.o ABSOLUTE
    _printf_widthprec                        0x00000000   Number         0  stubs.o ABSOLUTE
    _printf_x                                0x00000000   Number         0  stubs.o ABSOLUTE
    __cpp_initialize__aeabi_                  - Undefined Weak Reference
    __cxa_finalize                            - Undefined Weak Reference
    __decompress                              - Undefined Weak Reference
    _clock_init                               - Undefined Weak Reference
    _microlib_exit                            - Undefined Weak Reference
    __Vectors_Size                           0x00000130   Number         0  startup_stm32f10x_hd.o ABSOLUTE
    __RL_RTX_VER                             0x00000475   Number         0  rt_system.o ABSOLUTE
    __Vectors                                0x08000000   Data           4  startup_stm32f10x_hd.o(RESET)
    __Vectors_End                            0x08000130   Data           0  startup_stm32f10x_hd.o(RESET)
    __main                                   0x08000131   Thumb Code     0  entry.o(.ARM.Collect$$$$00000000)
    _main_stk                                0x08000131   Thumb Code     0  entry2.o(.ARM.Collect$$$$00000001)
    _main_scatterload                        0x08000135   Thumb Code     0  entry5.o(.ARM.Collect$$$$00000004)
    __main_after_scatterload                 0x08000139   Thumb Code     0  entry5.o(.ARM.Collect$$$$00000004)
    _main_clock                              0x08000139   Thumb Code     0  entry7b.o(.ARM.Collect$$$$00000008)
    _main_cpp_init                           0x08000139   Thumb Code     0  entry8b.o(.ARM.Collect$$$$0000000A)
    _main_init                               0x08000139   Thumb Code     0  entry9a.o(.ARM.Collect$$$$0000000B)
    __rt_final_cpp                           0x08000141   Thumb Code     0  entry10a.o(.ARM.Collect$$$$0000000D)
    __rt_final_exit                          0x08000141   Thumb Code     0  entry11a.o(.ARM.Collect$$$$0000000F)
    rt_set_PSP                               0x08000145   Thumb Code     6  hal_cm3.o(.emb_text)
    rt_get_PSP                               0x0800014b   Thumb Code     6  hal_cm3.o(.emb_text)
    os_set_env                               0x08000151   Thumb Code    24  hal_cm3.o(.emb_text)
    _alloc_box                               0x0800016d   Thumb Code    28  hal_cm3.o(.emb_text)
    _free_box                                0x0800018d   Thumb Code    28  hal_cm3.o(.emb_text)
    SVC_Handler                              0x080001ad   Thumb Code   124  hal_cm3.o(.emb_text)
    PendSV_Handler                           0x08000235   Thumb Code    76  hal_cm3.o(.emb_text)
    SysTick_Handler                          0x08000285   Thumb Code     8  hal_cm3.o(.emb_text)
    OS_Tick_Handler                          0x0800028d   Thumb Code    12  hal_cm3.o(.emb_text)
    Reset_Handler                            0x08000299   Thumb Code     8  startup_stm32f10x_hd.o(.text)
    ADC1_2_IRQHandler                        0x080002b3   Thumb Code     0  startup_stm32f10x_hd.o(.text)
    ADC3_IRQHandler                          0x080002b3   Thumb Code     0  startup_stm32f10x_hd.o(.text)
    CAN1_RX1_IRQHandler                      0x080002b3   Thumb Code     0  startup_stm32f10x_hd.o(.text)
    CAN1_SCE_IRQHandler                      0x080002b3   Thumb Code     0  startup_stm32f10x_hd.o(.text)
    DMA1_Channel1_IRQHandler                 0x080002b3   Thumb Code     0  startup_stm32f10x_hd.o(.text)
    DMA1_Channel2_IRQHandler                 0x080002b3   Thumb Code     0  startup_stm32f10x_hd.o(.text)
    DMA1_Channel3_IRQHandler                 0x080002b3   Thumb Code     0  startup_stm32f10x_hd.o(.text)
    DMA1_Channel4_IRQHandler                 0x080002b3   Thumb Code     0  startup_stm32f10x_hd.o(.text)
    DMA1_Channel5_IRQHandler                 0x080002b3   Thumb Code     0  startup_stm32f10x_hd.o(.text)
    DMA1_Channel6_IRQHandler                 0x080002b3   Thumb Code     0  startup_stm32f10x_hd.o(.text)
    DMA1_Channel7_IRQHandler                 0x080002b3   Thumb Code     0  startup_stm32f10x_hd.o(.text)
    DMA2_Channel1_IRQHandler                 0x080002b3   Thumb Code     0  startup_stm32f10x_hd.o(.text)
    DMA2_Channel2_IRQHandler                 0x080002b3   Thumb Code     0  startup_stm32f10x_hd.o(.text)
    DMA2_Channel3_IRQHandler                 0x080002b3   Thumb Code     0  startup_stm32f10x_hd.o(.text)
    DMA2_Channel4_5_IRQHandler               0x080002b3   Thumb Code     0  startup_stm32f10x_hd.o(.text)
    EXTI0_IRQHandler                         0x080002b3   Thumb Code     0  startup_stm32f10x_hd.o(.text)
    EXTI15_10_IRQHandler                     0x080002b3   Thumb Code     0  startup_stm32f10x_hd.o(.text)
    EXTI1_IRQHandler                         0x080002b3   Thumb Code     0  startup_stm32f10x_hd.o(.text)
    EXTI2_IRQHandler                         0x080002b3   Thumb Code     0  startup_stm32f10x_hd.o(.text)
    EXTI3_IRQHandler                         0x080002b3   Thumb Code     0  startup_stm32f10x_hd.o(.text)
    EXTI4_IRQHandler                         0x080002b3   Thumb Code     0  startup_stm32f10x_hd.o(.text)
    EXTI9_5_IRQHandler                       0x080002b3   Thumb Code     0  startup_stm32f10x_hd.o(.text)
    FLASH_IRQHandler                         0x080002b3   Thumb Code     0  startup_stm32f10x_hd.o(.text)
    FSMC_IRQHandler                          0x080002b3   Thumb Code     0  startup_stm32f10x_hd.o(.text)
    I2C1_ER_IRQHandler                       0x080002b3   Thumb Code     0  startup_stm32f10x_hd.o(.text)
    I2C1_EV_IRQHandler                       0x080002b3   Thumb Code     0  startup_stm32f10x_hd.o(.text)
    I2C2_ER_IRQHandler                       0x080002b3   Thumb Code     0  startup_stm32f10x_hd.o(.text)
    I2C2_EV_IRQHandler                       0x080002b3   Thumb Code     0  startup_stm32f10x_hd.o(.text)
    PVD_IRQHandler                           0x080002b3   Thumb Code     0  startup_stm32f10x_hd.o(.text)
    RCC_IRQHandler                           0x080002b3   Thumb Code     0  startup_stm32f10x_hd.o(.text)
    RTCAlarm_IRQHandler                      0x080002b3   Thumb Code     0  startup_stm32f10x_hd.o(.text)
    RTC_IRQHandler                           0x080002b3   Thumb Code     0  startup_stm32f10x_hd.o(.text)
    SDIO_IRQHandler                          0x080002b3   Thumb Code     0  startup_stm32f10x_hd.o(.text)
    SPI1_IRQHandler                          0x080002b3   Thumb Code     0  startup_stm32f10x_hd.o(.text)
    SPI2_IRQHandler                          0x080002b3   Thumb Code     0  startup_stm32f10x_hd.o(.text)
    SPI3_IRQHandler                          0x080002b3   Thumb Code     0  startup_stm32f10x_hd.o(.text)
    TAMPER_IRQHandler                        0x080002b3   Thumb Code     0  startup_stm32f10x_hd.o(.text)
    TIM1_BRK_IRQHandler                      0x080002b3   Thumb Code     0  startup_stm32f10x_hd.o(.text)
    TIM1_CC_IRQHandler                       0x080002b3   Thumb Code     0  startup_stm32f10x_hd.o(.text)
    TIM1_TRG_COM_IRQHandler                  0x080002b3   Thumb Code     0  startup_stm32f10x_hd.o(.text)
    TIM1_UP_IRQHandler                       0x080002b3   Thumb Code     0  startup_stm32f10x_hd.o(.text)
    TIM2_IRQHandler                          0x080002b3   Thumb Code     0  startup_stm32f10x_hd.o(.text)
    TIM3_IRQHandler                          0x080002b3   Thumb Code     0  startup_stm32f10x_hd.o(.text)
    TIM4_IRQHandler                          0x080002b3   Thumb Code     0  startup_stm32f10x_hd.o(.text)
    TIM5_IRQHandler                          0x080002b3   Thumb Code     0  startup_stm32f10x_hd.o(.text)
    TIM6_IRQHandler                          0x080002b3   Thumb Code     0  startup_stm32f10x_hd.o(.text)
    TIM7_IRQHandler                          0x080002b3   Thumb Code     0  startup_stm32f10x_hd.o(.text)
    TIM8_BRK_IRQHandler                      0x080002b3   Thumb Code     0  startup_stm32f10x_hd.o(.text)
    TIM8_CC_IRQHandler                       0x080002b3   Thumb Code     0  startup_stm32f10x_hd.o(.text)
    TIM8_TRG_COM_IRQHandler                  0x080002b3   Thumb Code     0  startup_stm32f10x_hd.o(.text)
    TIM8_UP_IRQHandler                       0x080002b3   Thumb Code     0  startup_stm32f10x_hd.o(.text)
    UART4_IRQHandler                         0x080002b3   Thumb Code     0  startup_stm32f10x_hd.o(.text)
    UART5_IRQHandler                         0x080002b3   Thumb Code     0  startup_stm32f10x_hd.o(.text)
    USART1_IRQHandler                        0x080002b3   Thumb Code     0  startup_stm32f10x_hd.o(.text)
    USART3_IRQHandler                        0x080002b3   Thumb Code     0  startup_stm32f10x_hd.o(.text)
    USBWakeUp_IRQHandler                     0x080002b3   Thumb Code     0  startup_stm32f10x_hd.o(.text)
    USB_HP_CAN1_TX_IRQHandler                0x080002b3   Thumb Code     0  startup_stm32f10x_hd.o(.text)
    USB_LP_CAN1_RX0_IRQHandler               0x080002b3   Thumb Code     0  startup_stm32f10x_hd.o(.text)
    WWDG_IRQHandler                          0x080002b3   Thumb Code     0  startup_stm32f10x_hd.o(.text)
    __scatterload                            0x080002bd   Thumb Code    28  init.o(.text)
    __scatterload_rt2                        0x080002bd   Thumb Code     0  init.o(.text)
    SVC_Count                                0x080002e0   Data           4  svc_table.o(SVC_TABLE)
    AppTaskLED                               0x080002e5   Thumb Code    34  main.o(i.AppTaskLED)
    SVC_Table                                0x080002e4   Data           0  svc_table.o(SVC_TABLE)
    AppTaskStart                             0x08000315   Thumb Code    52  main.o(i.AppTaskStart)
    AppTaskUart1                             0x0800036d   Thumb Code    46  main.o(i.AppTaskUart1)
    BusFault_Handler                         0x080003bd   Thumb Code     4  stm32f10x_it.o(i.BusFault_Handler)
    DMA_Cmd                                  0x080003c1   Thumb Code    24  stm32f10x_dma_1.o(i.DMA_Cmd)
    DMA_DeInit                               0x080003d9   Thumb Code   324  stm32f10x_dma_1.o(i.DMA_DeInit)
    DMA_GetCurrDataCounter                   0x08000525   Thumb Code     8  stm32f10x_dma_1.o(i.DMA_GetCurrDataCounter)
    DMA_Init                                 0x0800052d   Thumb Code    60  stm32f10x_dma_1.o(i.DMA_Init)
    DebugMon_Handler                         0x08000569   Thumb Code     2  stm32f10x_it.o(i.DebugMon_Handler)
    GPIO_Configuration                       0x0800056d   Thumb Code    40  main.o(i.GPIO_Configuration)
    GPIO_Init                                0x08000599   Thumb Code   278  stm32f10x_gpio_1.o(i.GPIO_Init)
    HardFault_Handler                        0x080006af   Thumb Code     4  stm32f10x_it.o(i.HardFault_Handler)
    MYDMA_Config                             0x080006b3   Thumb Code    80  myusart.o(i.MYDMA_Config)
    MemManage_Handler                        0x08000703   Thumb Code     4  stm32f10x_it.o(i.MemManage_Handler)
    NMI_Handler                              0x08000707   Thumb Code     2  stm32f10x_it.o(i.NMI_Handler)
    NVIC_Init                                0x08000709   Thumb Code   100  misc_1.o(i.NVIC_Init)
    NVIC_PriorityGroupConfig                 0x08000779   Thumb Code    10  misc_1.o(i.NVIC_PriorityGroupConfig)
    RCC_AHBPeriphClockCmd                    0x0800078d   Thumb Code    26  stm32f10x_rcc_1.o(i.RCC_AHBPeriphClockCmd)
    RCC_APB1PeriphClockCmd                   0x080007ad   Thumb Code    26  stm32f10x_rcc_1.o(i.RCC_APB1PeriphClockCmd)
    RCC_APB1PeriphResetCmd                   0x080007cd   Thumb Code    26  stm32f10x_rcc_1.o(i.RCC_APB1PeriphResetCmd)
    RCC_APB2PeriphClockCmd                   0x080007ed   Thumb Code    26  stm32f10x_rcc_1.o(i.RCC_APB2PeriphClockCmd)
    RCC_APB2PeriphResetCmd                   0x0800080d   Thumb Code    26  stm32f10x_rcc_1.o(i.RCC_APB2PeriphResetCmd)
    RCC_GetClocksFreq                        0x0800082d   Thumb Code   192  stm32f10x_rcc_1.o(i.RCC_GetClocksFreq)
    SystemInit                               0x080009e9   Thumb Code    78  system_stm32f10x.o(i.SystemInit)
    USART2_IRQHandler                        0x08000a49   Thumb Code    72  myusart.o(i.USART2_IRQHandler)
    USART_ClearFlag                          0x08000aa5   Thumb Code    18  stm32f10x_usart_1.o(i.USART_ClearFlag)
    USART_Cmd                                0x08000ab7   Thumb Code    24  stm32f10x_usart_1.o(i.USART_Cmd)
    USART_DMACmd                             0x08000acf   Thumb Code    18  stm32f10x_usart_1.o(i.USART_DMACmd)
    USART_DeInit                             0x08000ae1   Thumb Code   134  stm32f10x_usart_1.o(i.USART_DeInit)
    USART_GetFlagStatus                      0x08000b7d   Thumb Code    26  stm32f10x_usart_1.o(i.USART_GetFlagStatus)
    USART_GetITStatus                        0x08000b97   Thumb Code    84  stm32f10x_usart_1.o(i.USART_GetITStatus)
    USART_ITConfig                           0x08000beb   Thumb Code    74  stm32f10x_usart_1.o(i.USART_ITConfig)
    USART_Init                               0x08000c35   Thumb Code   210  stm32f10x_usart_1.o(i.USART_Init)
    USART_ReceiveData                        0x08000d0d   Thumb Code    10  stm32f10x_usart_1.o(i.USART_ReceiveData)
    USART_SendData                           0x08000d17   Thumb Code     8  stm32f10x_usart_1.o(i.USART_SendData)
    UsageFault_Handler                       0x08000d1f   Thumb Code     4  stm32f10x_it.o(i.UsageFault_Handler)
    __0printf$2                              0x08000d25   Thumb Code    22  printf2.o(i.__0printf$2)
    __1printf$2                              0x08000d25   Thumb Code     0  printf2.o(i.__0printf$2)
    __2printf                                0x08000d25   Thumb Code     0  printf2.o(i.__0printf$2)
    __scatterload_copy                       0x08000d45   Thumb Code    14  handlers.o(i.__scatterload_copy)
    __scatterload_null                       0x08000d53   Thumb Code     2  handlers.o(i.__scatterload_null)
    __scatterload_zeroinit                   0x08000d55   Thumb Code    14  handlers.o(i.__scatterload_zeroinit)
    _init_box                                0x08000d63   Thumb Code    70  rt_membox.o(i._init_box)
    dbg_init                                 0x08000e81   Thumb Code    34  hal_cm3.o(i.dbg_init)
    dbg_task_notify                          0x08000eb1   Thumb Code    32  hal_cm3.o(i.dbg_task_notify)
    dbg_task_switch                          0x08000ed1   Thumb Code    16  hal_cm3.o(i.dbg_task_switch)
    fputc                                    0x08000ee1   Thumb Code    32  myusart.o(i.fputc)
    isr_evt_set                              0x08000f05   Thumb Code    34  rt_event.o(i.isr_evt_set)
    main                                     0x08000f2d   Thumb Code    56  main.o(i.main)
    os_error                                 0x08000f7d   Thumb Code     4  rtx_conf_cm.o(i.os_error)
    os_idle_demon                            0x08000f81   Thumb Code     4  rtx_conf_cm.o(i.os_idle_demon)
    os_tick_init                             0x08000f85   Thumb Code    32  rt_system.o(i.os_tick_init)
    os_tick_irqack                           0x08000fad   Thumb Code     2  rt_system.o(i.os_tick_irqack)
    os_tmr_call                              0x08000faf   Thumb Code     2  rtx_conf_cm.o(i.os_tmr_call)
    rt_alloc_box                             0x08000fb1   Thumb Code    26  rt_membox.o(i.rt_alloc_box)
    rt_block                                 0x08000fcd   Thumb Code    48  rt_task.o(i.rt_block)
    rt_chk_robin                             0x08001005   Thumb Code    60  rt_robin.o(i.rt_chk_robin)
    rt_dec_dly                               0x0800104d   Thumb Code   106  rt_list.o(i.rt_dec_dly)
    rt_dispatch                              0x080010c1   Thumb Code    60  rt_task.o(i.rt_dispatch)
    rt_dly_wait                              0x08001105   Thumb Code     6  rt_time.o(i.rt_dly_wait)
    rt_evt_psh                               0x0800110d   Thumb Code    72  rt_event.o(i.rt_evt_psh)
    rt_evt_wait                              0x08001159   Thumb Code    56  rt_event.o(i.rt_evt_wait)
    rt_free_box                              0x08001195   Thumb Code    32  rt_membox.o(i.rt_free_box)
    rt_get_first                             0x080011b5   Thumb Code    40  rt_list.o(i.rt_get_first)
    rt_init_robin                            0x08001229   Thumb Code    14  rt_robin.o(i.rt_init_robin)
    rt_init_stack                            0x08001241   Thumb Code    70  hal_cm3.o(i.rt_init_stack)
    rt_mbx_psh                               0x08001291   Thumb Code   206  rt_mailbox.o(i.rt_mbx_psh)
    rt_pop_req                               0x08001365   Thumb Code   112  rt_system.o(i.rt_pop_req)
    rt_psh_req                               0x080013e1   Thumb Code    22  rt_system.o(i.rt_psh_req)
    rt_psq_enq                               0x08001401   Thumb Code    88  rt_list.o(i.rt_psq_enq)
    rt_put_dly                               0x0800145d   Thumb Code    68  rt_list.o(i.rt_put_dly)
    rt_put_prio                              0x080014a5   Thumb Code    54  rt_list.o(i.rt_put_prio)
    rt_put_rdy_first                         0x080014dd   Thumb Code    14  rt_list.o(i.rt_put_rdy_first)
    rt_rmv_dly                               0x080014f1   Thumb Code    40  rt_list.o(i.rt_rmv_dly)
    rt_sem_psh                               0x08001519   Thumb Code    46  rt_semaphore.o(i.rt_sem_psh)
    rt_stk_check                             0x0800154d   Thumb Code    28  rt_system.o(i.rt_stk_check)
    rt_switch_req                            0x08001571   Thumb Code    30  rt_task.o(i.rt_switch_req)
    rt_sys_init                              0x08001599   Thumb Code   268  rt_task.o(i.rt_sys_init)
    rt_systick                               0x080016ed   Thumb Code    50  rt_system.o(i.rt_systick)
    rt_tmr_tick                              0x0800172d   Thumb Code    56  rt_timer.o(i.rt_tmr_tick)
    rt_tsk_create                            0x0800176d   Thumb Code   122  rt_task.o(i.rt_tsk_create)
    uart_init                                0x080017fd   Thumb Code   176  myusart.o(i.uart_init)
    os_maxtaskrun                            0x080018b4   Data           2  rtx_conf_cm.o(.constdata)
    os_stackinfo                             0x080018b8   Data           4  rtx_conf_cm.o(.constdata)
    os_rrobin                                0x080018bc   Data           4  rtx_conf_cm.o(.constdata)
    os_trv                                   0x080018c0   Data           4  rtx_conf_cm.o(.constdata)
    os_flags                                 0x080018c4   Data           1  rtx_conf_cm.o(.constdata)
    os_clockrate                             0x080018c8   Data           4  rtx_conf_cm.o(.constdata)
    os_timernum                              0x080018cc   Data           4  rtx_conf_cm.o(.constdata)
    mp_tcb_size                              0x080018d0   Data           2  rtx_conf_cm.o(.constdata)
    mp_stk_size                              0x080018d4   Data           4  rtx_conf_cm.o(.constdata)
    os_fifo_size                             0x080018d8   Data           1  rtx_conf_cm.o(.constdata)
    mp_tmr_size                              0x080018da   Data           2  rtx_conf_cm.o(.constdata)
    RL_RTX_Version                           0x080018dc   Data           4  rt_system.o(.constdata)
    Region$$Table$$Base                      0x080018e0   Number         0  anon$$obj.o(Region$$Table)
    Region$$Table$$Limit                     0x08001900   Number         0  anon$$obj.o(Region$$Table)
    HandleTaskLED                            0x20000000   Data           4  main.o(.data)
    HandleTaskUart1                          0x20000004   Data           4  main.o(.data)
    m_tmr                                    0x20000008   Data           4  rtx_conf_cm.o(.data)
    Recvcnt                                  0x20000020   Data           1  myusart.o(.data)
    USART_RX_STA                             0x20000022   Data           2  myusart.o(.data)
    __stdout                                 0x20000024   Data           4  myusart.o(.data)
    os_tsk                                   0x20000028   Data           8  rt_task.o(.data)
    os_time                                  0x20000030   Data           4  rt_time.o(.data)
    dbg_msg                                  0x20000034   Data           1  hal_cm3.o(.data)
    os_tick_irqn                             0x2000003c   Data           4  rt_system.o(.data)
    os_robin                                 0x20000040   Data           8  rt_robin.o(.data)
    os_tmr                                   0x20000048   Data           8  rt_timer.o(.data)
    RECBUF                                   0x20000650   Data        1024  main.o(.bss)
    mp_tcb                                   0x20000a50   Data         348  rtx_conf_cm.o(.bss)
    mp_stk                                   0x20000bb0   Data        2064  rtx_conf_cm.o(.bss)
    os_fifo                                  0x200013c0   Data         132  rtx_conf_cm.o(.bss)
    os_active_TCB                            0x20001444   Data          24  rtx_conf_cm.o(.bss)
    os_idle_TCB                              0x2000145c   Data          56  rt_task.o(.bss)
    os_rdy                                   0x20001494   Data          24  rt_list.o(.bss)
    os_dly                                   0x200014ac   Data          24  rt_list.o(.bss)
    __initial_sp                             0x200018c8   Data           0  startup_stm32f10x_hd.o(STACK)



==============================================================================

Memory Map of the image

  Image Entry point : 0x08000131

  Load Region LR_IROM1 (Base: 0x08000000, Size: 0x00001950, Max: 0x00010000, ABSOLUTE)

    Execution Region ER_IROM1 (Base: 0x08000000, Size: 0x00001900, Max: 0x00010000, ABSOLUTE)

    Base Addr    Size         Type   Attr      Idx    E Section Name        Object

    0x08000000   0x00000130   Data   RO         3216    RESET               startup_stm32f10x_hd.o
    0x08000130   0x00000000   Code   RO         3821  * .ARM.Collect$$$$00000000  mc_w.l(entry.o)
    0x08000130   0x00000004   Code   RO         4085    .ARM.Collect$$$$00000001  mc_w.l(entry2.o)
    0x08000134   0x00000004   Code   RO         4088    .ARM.Collect$$$$00000004  mc_w.l(entry5.o)
    0x08000138   0x00000000   Code   RO         4090    .ARM.Collect$$$$00000008  mc_w.l(entry7b.o)
    0x08000138   0x00000000   Code   RO         4092    .ARM.Collect$$$$0000000A  mc_w.l(entry8b.o)
    0x08000138   0x00000008   Code   RO         4093    .ARM.Collect$$$$0000000B  mc_w.l(entry9a.o)
    0x08000140   0x00000000   Code   RO         4095    .ARM.Collect$$$$0000000D  mc_w.l(entry10a.o)
    0x08000140   0x00000000   Code   RO         4097    .ARM.Collect$$$$0000000F  mc_w.l(entry11a.o)
    0x08000140   0x00000004   Code   RO         4086    .ARM.Collect$$$$00002712  mc_w.l(entry2.o)
    0x08000144   0x00000154   Code   RO         3447    .emb_text           RTX_CM3.LIB(hal_cm3.o)
    0x08000298   0x00000024   Code   RO         3217    .text               startup_stm32f10x_hd.o
    0x080002bc   0x00000024   Code   RO         4114    .text               mc_w.l(init.o)
    0x080002e0   0x00000004   Code   RO         3707    SVC_TABLE           RTX_CM3.LIB(svc_table.o)
    0x080002e4   0x00000030   Code   RO            1    i.AppTaskLED        main.o
    0x08000314   0x00000058   Code   RO            2    i.AppTaskStart      main.o
    0x0800036c   0x00000050   Code   RO            3    i.AppTaskUart1      main.o
    0x080003bc   0x00000004   Code   RO         3135    i.BusFault_Handler  stm32f10x_it.o
    0x080003c0   0x00000018   Code   RO          890    i.DMA_Cmd           stm32f10x_dma_1.o
    0x080003d8   0x0000014c   Code   RO          891    i.DMA_DeInit        stm32f10x_dma_1.o
    0x08000524   0x00000008   Code   RO          892    i.DMA_GetCurrDataCounter  stm32f10x_dma_1.o
    0x0800052c   0x0000003c   Code   RO          896    i.DMA_Init          stm32f10x_dma_1.o
    0x08000568   0x00000002   Code   RO         3136    i.DebugMon_Handler  stm32f10x_it.o
    0x0800056a   0x00000002   PAD
    0x0800056c   0x0000002c   Code   RO            4    i.GPIO_Configuration  main.o
    0x08000598   0x00000116   Code   RO         1314    i.GPIO_Init         stm32f10x_gpio_1.o
    0x080006ae   0x00000004   Code   RO         3137    i.HardFault_Handler  stm32f10x_it.o
    0x080006b2   0x00000050   Code   RO         3221    i.MYDMA_Config      myusart.o
    0x08000702   0x00000004   Code   RO         3138    i.MemManage_Handler  stm32f10x_it.o
    0x08000706   0x00000002   Code   RO         3139    i.NMI_Handler       stm32f10x_it.o
    0x08000708   0x00000070   Code   RO          193    i.NVIC_Init         misc_1.o
    0x08000778   0x00000014   Code   RO          194    i.NVIC_PriorityGroupConfig  misc_1.o
    0x0800078c   0x00000020   Code   RO         1723    i.RCC_AHBPeriphClockCmd  stm32f10x_rcc_1.o
    0x080007ac   0x00000020   Code   RO         1724    i.RCC_APB1PeriphClockCmd  stm32f10x_rcc_1.o
    0x080007cc   0x00000020   Code   RO         1725    i.RCC_APB1PeriphResetCmd  stm32f10x_rcc_1.o
    0x080007ec   0x00000020   Code   RO         1726    i.RCC_APB2PeriphClockCmd  stm32f10x_rcc_1.o
    0x0800080c   0x00000020   Code   RO         1727    i.RCC_APB2PeriphResetCmd  stm32f10x_rcc_1.o
    0x0800082c   0x000000d4   Code   RO         1734    i.RCC_GetClocksFreq  stm32f10x_rcc_1.o
    0x08000900   0x00000008   Code   RO         3180    i.SetSysClock       system_stm32f10x.o
    0x08000908   0x000000e0   Code   RO         3181    i.SetSysClockTo72   system_stm32f10x.o
    0x080009e8   0x00000060   Code   RO         3183    i.SystemInit        system_stm32f10x.o
    0x08000a48   0x0000005c   Code   RO         3222    i.USART2_IRQHandler  myusart.o
    0x08000aa4   0x00000012   Code   RO         2890    i.USART_ClearFlag   stm32f10x_usart_1.o
    0x08000ab6   0x00000018   Code   RO         2894    i.USART_Cmd         stm32f10x_usart_1.o
    0x08000ace   0x00000012   Code   RO         2895    i.USART_DMACmd      stm32f10x_usart_1.o
    0x08000ae0   0x0000009c   Code   RO         2896    i.USART_DeInit      stm32f10x_usart_1.o
    0x08000b7c   0x0000001a   Code   RO         2897    i.USART_GetFlagStatus  stm32f10x_usart_1.o
    0x08000b96   0x00000054   Code   RO         2898    i.USART_GetITStatus  stm32f10x_usart_1.o
    0x08000bea   0x0000004a   Code   RO         2900    i.USART_ITConfig    stm32f10x_usart_1.o
    0x08000c34   0x000000d8   Code   RO         2901    i.USART_Init        stm32f10x_usart_1.o
    0x08000d0c   0x0000000a   Code   RO         2908    i.USART_ReceiveData  stm32f10x_usart_1.o
    0x08000d16   0x00000008   Code   RO         2911    i.USART_SendData    stm32f10x_usart_1.o
    0x08000d1e   0x00000004   Code   RO         3140    i.UsageFault_Handler  stm32f10x_it.o
    0x08000d22   0x00000002   PAD
    0x08000d24   0x00000020   Code   RO         3891    i.__0printf$2       mc_w.l(printf2.o)
    0x08000d44   0x0000000e   Code   RO         4126    i.__scatterload_copy  mc_w.l(handlers.o)
    0x08000d52   0x00000002   Code   RO         4127    i.__scatterload_null  mc_w.l(handlers.o)
    0x08000d54   0x0000000e   Code   RO         4128    i.__scatterload_zeroinit  mc_w.l(handlers.o)
    0x08000d62   0x00000046   Code   RO         3674    i._init_box         RTX_CM3.LIB(rt_membox.o)
    0x08000da8   0x000000d6   Code   RO         3898    i._printf_core      mc_w.l(printf2.o)
    0x08000e7e   0x00000002   PAD
    0x08000e80   0x00000030   Code   RO         3448    i.dbg_init          RTX_CM3.LIB(hal_cm3.o)
    0x08000eb0   0x00000020   Code   RO         3449    i.dbg_task_notify   RTX_CM3.LIB(hal_cm3.o)
    0x08000ed0   0x00000010   Code   RO         3450    i.dbg_task_switch   RTX_CM3.LIB(hal_cm3.o)
    0x08000ee0   0x00000024   Code   RO         3224    i.fputc             myusart.o
    0x08000f04   0x00000028   Code   RO         3368    i.isr_evt_set       RTX_CM3.LIB(rt_event.o)
    0x08000f2c   0x00000050   Code   RO            6    i.main              main.o
    0x08000f7c   0x00000004   Code   RO          158    i.os_error          rtx_conf_cm.o
    0x08000f80   0x00000004   Code   RO          159    i.os_idle_demon     rtx_conf_cm.o
    0x08000f84   0x00000028   Code   RO         3489    i.os_tick_init      RTX_CM3.LIB(rt_system.o)
    0x08000fac   0x00000002   Code   RO         3490    i.os_tick_irqack    RTX_CM3.LIB(rt_system.o)
    0x08000fae   0x00000002   Code   RO          160    i.os_tmr_call       rtx_conf_cm.o
    0x08000fb0   0x0000001a   Code   RO         3675    i.rt_alloc_box      RTX_CM3.LIB(rt_membox.o)
    0x08000fca   0x00000002   PAD
    0x08000fcc   0x00000038   Code   RO         3269    i.rt_block          RTX_CM3.LIB(rt_task.o)
    0x08001004   0x00000048   Code   RO         3652    i.rt_chk_robin      RTX_CM3.LIB(rt_robin.o)
    0x0800104c   0x00000074   Code   RO         3573    i.rt_dec_dly        RTX_CM3.LIB(rt_list.o)
    0x080010c0   0x00000044   Code   RO         3270    i.rt_dispatch       RTX_CM3.LIB(rt_task.o)
    0x08001104   0x00000006   Code   RO         3414    i.rt_dly_wait       RTX_CM3.LIB(rt_time.o)
    0x0800110a   0x00000002   PAD
    0x0800110c   0x0000004c   Code   RO         3371    i.rt_evt_psh        RTX_CM3.LIB(rt_event.o)
    0x08001158   0x0000003c   Code   RO         3373    i.rt_evt_wait       RTX_CM3.LIB(rt_event.o)
    0x08001194   0x00000020   Code   RO         3676    i.rt_free_box       RTX_CM3.LIB(rt_membox.o)
    0x080011b4   0x00000028   Code   RO         3574    i.rt_get_first      RTX_CM3.LIB(rt_list.o)
    0x080011dc   0x0000004c   Code   RO         3271    i.rt_init_context   RTX_CM3.LIB(rt_task.o)
    0x08001228   0x00000018   Code   RO         3653    i.rt_init_robin     RTX_CM3.LIB(rt_robin.o)
    0x08001240   0x00000050   Code   RO         3451    i.rt_init_stack     RTX_CM3.LIB(hal_cm3.o)
    0x08001290   0x000000d4   Code   RO         3714    i.rt_mbx_psh        RTX_CM3.LIB(rt_mailbox.o)
    0x08001364   0x0000007c   Code   RO         3491    i.rt_pop_req        RTX_CM3.LIB(rt_system.o)
    0x080013e0   0x00000020   Code   RO         3492    i.rt_psh_req        RTX_CM3.LIB(rt_system.o)
    0x08001400   0x0000005c   Code   RO         3576    i.rt_psq_enq        RTX_CM3.LIB(rt_list.o)
    0x0800145c   0x00000048   Code   RO         3577    i.rt_put_dly        RTX_CM3.LIB(rt_list.o)
    0x080014a4   0x00000036   Code   RO         3578    i.rt_put_prio       RTX_CM3.LIB(rt_list.o)
    0x080014da   0x00000002   PAD
    0x080014dc   0x00000014   Code   RO         3579    i.rt_put_rdy_first  RTX_CM3.LIB(rt_list.o)
    0x080014f0   0x00000028   Code   RO         3581    i.rt_rmv_dly        RTX_CM3.LIB(rt_list.o)
    0x08001518   0x00000034   Code   RO         3760    i.rt_sem_psh        RTX_CM3.LIB(rt_semaphore.o)
    0x0800154c   0x00000024   Code   RO         3494    i.rt_stk_check      RTX_CM3.LIB(rt_system.o)
    0x08001570   0x00000028   Code   RO         3272    i.rt_switch_req     RTX_CM3.LIB(rt_task.o)
    0x08001598   0x00000154   Code   RO         3273    i.rt_sys_init       RTX_CM3.LIB(rt_task.o)
    0x080016ec   0x00000040   Code   RO         3496    i.rt_systick        RTX_CM3.LIB(rt_system.o)
    0x0800172c   0x00000040   Code   RO         3796    i.rt_tmr_tick       RTX_CM3.LIB(rt_timer.o)
    0x0800176c   0x00000090   Code   RO         3274    i.rt_tsk_create     RTX_CM3.LIB(rt_task.o)
    0x080017fc   0x000000b8   Code   RO         3225    i.uart_init         myusart.o
    0x080018b4   0x00000028   Data   RO          162    .constdata          rtx_conf_cm.o
    0x080018dc   0x00000004   Data   RO         3499    .constdata          RTX_CM3.LIB(rt_system.o)
    0x080018e0   0x00000020   Data   RO         4124    Region$$Table       anon$$obj.o


    Execution Region RW_IRAM1 (Base: 0x20000000, Size: 0x000018c8, Max: 0x00005000, ABSOLUTE)

    Base Addr    Size         Type   Attr      Idx    E Section Name        Object

    0x20000000   0x00000008   Data   RW            8    .data               main.o
    0x20000008   0x00000004   Data   RW          163    .data               rtx_conf_cm.o
    0x2000000c   0x00000014   Data   RW         1754    .data               stm32f10x_rcc_1.o
    0x20000020   0x00000008   Data   RW         3227    .data               myusart.o
    0x20000028   0x00000008   Data   RW         3280    .data               RTX_CM3.LIB(rt_task.o)
    0x20000030   0x00000004   Data   RW         3418    .data               RTX_CM3.LIB(rt_time.o)
    0x20000034   0x00000001   Data   RW         3452    .data               RTX_CM3.LIB(hal_cm3.o)
    0x20000035   0x00000003   PAD
    0x20000038   0x00000008   Data   RW         3500    .data               RTX_CM3.LIB(rt_system.o)
    0x20000040   0x00000008   Data   RW         3654    .data               RTX_CM3.LIB(rt_robin.o)
    0x20000048   0x00000008   Data   RW         3797    .data               RTX_CM3.LIB(rt_timer.o)
    0x20000050   0x00000a00   Zero   RW            7    .bss                main.o
    0x20000a50   0x00000a0c   Zero   RW          161    .bss                rtx_conf_cm.o
    0x2000145c   0x00000038   Zero   RW         3279    .bss                RTX_CM3.LIB(rt_task.o)
    0x20001494   0x00000030   Zero   RW         3583    .bss                RTX_CM3.LIB(rt_list.o)
    0x200014c4   0x00000004   PAD
    0x200014c8   0x00000400   Zero   RW         3214    STACK               startup_stm32f10x_hd.o


==============================================================================

Image component sizes


      Code (inc. data)   RO Data    RW Data    ZI Data      Debug   Object Name

         0          0          0          0          0         32   core_cm3.o
       340        112          0          8       2560     251214   main.o
       132         22          0          0          0       1583   misc_1.o
       392         32          0          8          0       4112   myusart.o
        10          0         40          4       2572       9688   rtx_conf_cm.o
        36          8        304          0       1024        872   startup_stm32f10x_hd.o
       424          8          0          0          0       4039   stm32f10x_dma_1.o
       278          0          0          0          0       2000   stm32f10x_gpio_1.o
        20          0          0          0          0       2393   stm32f10x_it.o
       372         50          0         20          0       6200   stm32f10x_rcc_1.o
       634         28          0          0          0       8057   stm32f10x_usart_1.o
       328         28          0          0          0       1773   system_stm32f10x.o

    ----------------------------------------------------------------------
      2970        288        376         40       6156     291963   Object Totals
         0          0         32          0          0          0   (incl. Generated)
         4          0          0          0          0          0   (incl. Padding)

    ----------------------------------------------------------------------

      Code (inc. data)   RO Data    RW Data    ZI Data      Debug   Library Member Name

       516         56          0          1          0       2793   hal_cm3.o
       176         14          0          0          0       1837   rt_event.o
       434         24          0          0         48       6710   rt_list.o
       212          6          0          0          0        781   rt_mailbox.o
       128          0          0          0          0       1785   rt_membox.o
        96         22          0          8          0       1046   rt_robin.o
        52          6          0          0          0        537   rt_semaphore.o
       298         52          4          8          0       3698   rt_system.o
       724        126          0          8         56       6366   rt_task.o
         6          0          0          4          0        576   rt_time.o
        64          8          0          8          0        631   rt_timer.o
         4          4          0          0          0        168   svc_table.o
         0          0          0          0          0          0   entry.o
         0          0          0          0          0          0   entry10a.o
         0          0          0          0          0          0   entry11a.o
         8          4          0          0          0          0   entry2.o
         4          0          0          0          0          0   entry5.o
         0          0          0          0          0          0   entry7b.o
         0          0          0          0          0          0   entry8b.o
         8          4          0          0          0          0   entry9a.o
        30          0          0          0          0          0   handlers.o
        36          8          0          0          0         68   init.o
       246         10          0          0          0        176   printf2.o

    ----------------------------------------------------------------------
      3050        344          4         40        108      27172   Library Totals
         8          0          0          3          4          0   (incl. Padding)

    ----------------------------------------------------------------------

      Code (inc. data)   RO Data    RW Data    ZI Data      Debug   Library Name

      2710        318          4         37        104      26928   RTX_CM3.LIB
       332         26          0          0          0        244   mc_w.l

    ----------------------------------------------------------------------
      3050        344          4         40        108      27172   Library Totals

    ----------------------------------------------------------------------

==============================================================================


      Code (inc. data)   RO Data    RW Data    ZI Data      Debug   

      6020        632        380         80       6264     315439   Grand Totals
      6020        632        380         80       6264     315439   ELF Image Totals
      6020        632        380         80          0          0   ROM Totals

==============================================================================

    Total RO  Size (Code + RO Data)                 6400 (   6.25kB)
    Total RW  Size (RW Data + ZI Data)              6344 (   6.20kB)
    Total ROM Size (Code + RO Data + RW Data)       6480 (   6.33kB)

==============================================================================

